
         /\      Grafana   /‾‾/
    /\  /  \     |\  __   /  /
   /  \/    \    | |/ /  /   ‾‾\
  /          \   |   (  |  (‾)  |
 / __________ \  |_|\_\  \_____/


     execution: local
        script: /tmp/w2-cf-ray-diagnostics-20260603/cf-ray-status.js
        output: -

     scenarios: (100.00%) 1 scenario, 100 max VUs, 2m30s max duration (incl. graceful stop):
              * default: 100 looping VUs for 2m0s (gracefulStop: 30s)


running (0m01.0s), 100/100 VUs, 0 complete and 0 interrupted iterations
default   [   1% ] 100 VUs  0m01.0s/2m0s

running (0m02.0s), 100/100 VUs, 0 complete and 0 interrupted iterations
default   [   2% ] 100 VUs  0m02.0s/2m0s

running (0m03.0s), 100/100 VUs, 20 complete and 0 interrupted iterations
default   [   2% ] 100 VUs  0m03.0s/2m0s

running (0m04.0s), 100/100 VUs, 100 complete and 0 interrupted iterations
default   [   3% ] 100 VUs  0m04.0s/2m0s

running (0m05.0s), 100/100 VUs, 112 complete and 0 interrupted iterations
default   [   4% ] 100 VUs  0m05.0s/2m0s

running (0m06.0s), 100/100 VUs, 200 complete and 0 interrupted iterations
default   [   5% ] 100 VUs  0m06.0s/2m0s

running (0m07.0s), 100/100 VUs, 206 complete and 0 interrupted iterations
default   [   6% ] 100 VUs  0m07.0s/2m0s

running (0m08.0s), 100/100 VUs, 265 complete and 0 interrupted iterations
default   [   7% ] 100 VUs  0m08.0s/2m0s

running (0m09.0s), 100/100 VUs, 301 complete and 0 interrupted iterations
default   [   7% ] 100 VUs  0m09.0s/2m0s

running (0m10.0s), 100/100 VUs, 365 complete and 0 interrupted iterations
default   [   8% ] 100 VUs  0m10.0s/2m0s

running (0m11.0s), 100/100 VUs, 400 complete and 0 interrupted iterations
default   [   9% ] 100 VUs  0m11.0s/2m0s

running (0m12.0s), 100/100 VUs, 463 complete and 0 interrupted iterations
default   [  10% ] 100 VUs  0m12.0s/2m0s

running (0m13.0s), 100/100 VUs, 500 complete and 0 interrupted iterations
default   [  11% ] 100 VUs  0m13.0s/2m0s

running (0m14.0s), 100/100 VUs, 557 complete and 0 interrupted iterations
default   [  12% ] 100 VUs  0m14.0s/2m0s

running (0m15.0s), 100/100 VUs, 600 complete and 0 interrupted iterations
default   [  12% ] 100 VUs  0m15.0s/2m0s

running (0m16.0s), 100/100 VUs, 654 complete and 0 interrupted iterations
default   [  13% ] 100 VUs  0m16.0s/2m0s

running (0m17.0s), 100/100 VUs, 700 complete and 0 interrupted iterations
default   [  14% ] 100 VUs  0m17.0s/2m0s

running (0m18.0s), 100/100 VUs, 751 complete and 0 interrupted iterations
default   [  15% ] 100 VUs  0m18.0s/2m0s

running (0m19.0s), 100/100 VUs, 800 complete and 0 interrupted iterations
default   [  16% ] 100 VUs  0m19.0s/2m0s

running (0m20.0s), 100/100 VUs, 848 complete and 0 interrupted iterations
default   [  17% ] 100 VUs  0m20.0s/2m0s

running (0m21.0s), 100/100 VUs, 892 complete and 0 interrupted iterations
default   [  17% ] 100 VUs  0m21.0s/2m0s

running (0m22.0s), 100/100 VUs, 940 complete and 0 interrupted iterations
default   [  18% ] 100 VUs  0m22.0s/2m0s

running (0m23.0s), 100/100 VUs, 987 complete and 0 interrupted iterations
default   [  19% ] 100 VUs  0m23.0s/2m0s

running (0m24.0s), 100/100 VUs, 1036 complete and 0 interrupted iterations
default   [  20% ] 100 VUs  0m24.0s/2m0s

running (0m25.0s), 100/100 VUs, 1084 complete and 0 interrupted iterations
default   [  21% ] 100 VUs  0m25.0s/2m0s

running (0m26.0s), 100/100 VUs, 1131 complete and 0 interrupted iterations
default   [  22% ] 100 VUs  0m26.0s/2m0s

running (0m27.0s), 100/100 VUs, 1181 complete and 0 interrupted iterations
default   [  22% ] 100 VUs  0m27.0s/2m0s

running (0m28.0s), 100/100 VUs, 1222 complete and 0 interrupted iterations
default   [  23% ] 100 VUs  0m28.0s/2m0s

running (0m29.0s), 100/100 VUs, 1275 complete and 0 interrupted iterations
default   [  24% ] 100 VUs  0m29.0s/2m0s

running (0m30.0s), 100/100 VUs, 1316 complete and 0 interrupted iterations
default   [  25% ] 100 VUs  0m30.0s/2m0s

running (0m31.0s), 100/100 VUs, 1372 complete and 0 interrupted iterations
default   [  26% ] 100 VUs  0m31.0s/2m0s

running (0m32.0s), 100/100 VUs, 1412 complete and 0 interrupted iterations
default   [  27% ] 100 VUs  0m32.0s/2m0s

running (0m33.0s), 100/100 VUs, 1468 complete and 0 interrupted iterations
default   [  27% ] 100 VUs  0m33.0s/2m0s

running (0m34.0s), 100/100 VUs, 1508 complete and 0 interrupted iterations
default   [  28% ] 100 VUs  0m34.0s/2m0s

running (0m35.0s), 100/100 VUs, 1567 complete and 0 interrupted iterations
default   [  29% ] 100 VUs  0m35.0s/2m0s

running (0m36.0s), 100/100 VUs, 1605 complete and 0 interrupted iterations
default   [  30% ] 100 VUs  0m36.0s/2m0s

running (0m37.0s), 100/100 VUs, 1666 complete and 0 interrupted iterations
default   [  31% ] 100 VUs  0m37.0s/2m0s

running (0m38.0s), 100/100 VUs, 1701 complete and 0 interrupted iterations
default   [  32% ] 100 VUs  0m38.0s/2m0s

running (0m39.0s), 100/100 VUs, 1762 complete and 0 interrupted iterations
default   [  32% ] 100 VUs  0m39.0s/2m0s

running (0m40.0s), 100/100 VUs, 1800 complete and 0 interrupted iterations
default   [  33% ] 100 VUs  0m40.0s/2m0s

running (0m41.0s), 100/100 VUs, 1859 complete and 0 interrupted iterations
default   [  34% ] 100 VUs  0m41.0s/2m0s

running (0m42.0s), 100/100 VUs, 1900 complete and 0 interrupted iterations
default   [  35% ] 100 VUs  0m42.0s/2m0s

running (0m43.0s), 100/100 VUs, 1958 complete and 0 interrupted iterations
default   [  36% ] 100 VUs  0m43.0s/2m0s

running (0m44.0s), 100/100 VUs, 2000 complete and 0 interrupted iterations
default   [  37% ] 100 VUs  0m44.0s/2m0s

running (0m45.0s), 100/100 VUs, 2054 complete and 0 interrupted iterations
default   [  37% ] 100 VUs  0m45.0s/2m0s

running (0m46.0s), 100/100 VUs, 2100 complete and 0 interrupted iterations
default   [  38% ] 100 VUs  0m46.0s/2m0s

running (0m47.0s), 100/100 VUs, 2144 complete and 0 interrupted iterations
default   [  39% ] 100 VUs  0m47.0s/2m0s

running (0m48.0s), 100/100 VUs, 2196 complete and 0 interrupted iterations
default   [  40% ] 100 VUs  0m48.0s/2m0s

running (0m49.0s), 100/100 VUs, 2236 complete and 0 interrupted iterations
default   [  41% ] 100 VUs  0m49.0s/2m0s

running (0m50.0s), 100/100 VUs, 2289 complete and 0 interrupted iterations
default   [  42% ] 100 VUs  0m50.0s/2m0s

running (0m51.0s), 100/100 VUs, 2332 complete and 0 interrupted iterations
default   [  42% ] 100 VUs  0m51.0s/2m0s

running (0m52.0s), 100/100 VUs, 2386 complete and 0 interrupted iterations
default   [  43% ] 100 VUs  0m52.0s/2m0s

running (0m53.0s), 100/100 VUs, 2426 complete and 0 interrupted iterations
default   [  44% ] 100 VUs  0m53.0s/2m0s

running (0m54.0s), 100/100 VUs, 2484 complete and 0 interrupted iterations
default   [  45% ] 100 VUs  0m54.0s/2m0s

running (0m55.0s), 100/100 VUs, 2523 complete and 0 interrupted iterations
default   [  46% ] 100 VUs  0m55.0s/2m0s

running (0m56.0s), 100/100 VUs, 2578 complete and 0 interrupted iterations
default   [  47% ] 100 VUs  0m56.0s/2m0s

running (0m57.0s), 100/100 VUs, 2619 complete and 0 interrupted iterations
default   [  47% ] 100 VUs  0m57.0s/2m0s

running (0m58.0s), 100/100 VUs, 2674 complete and 0 interrupted iterations
default   [  48% ] 100 VUs  0m58.0s/2m0s

running (0m59.0s), 100/100 VUs, 2712 complete and 0 interrupted iterations
default   [  49% ] 100 VUs  0m59.0s/2m0s

running (1m00.0s), 100/100 VUs, 2773 complete and 0 interrupted iterations
default   [  50% ] 100 VUs  1m00.0s/2m0s

running (1m01.0s), 100/100 VUs, 2810 complete and 0 interrupted iterations
default   [  51% ] 100 VUs  1m01.0s/2m0s

running (1m02.0s), 100/100 VUs, 2870 complete and 0 interrupted iterations
default   [  52% ] 100 VUs  1m02.0s/2m0s

running (1m03.0s), 100/100 VUs, 2906 complete and 0 interrupted iterations
default   [  52% ] 100 VUs  1m03.0s/2m0s

running (1m04.0s), 100/100 VUs, 2967 complete and 0 interrupted iterations
default   [  53% ] 100 VUs  1m04.0s/2m0s

running (1m05.0s), 100/100 VUs, 3005 complete and 0 interrupted iterations
default   [  54% ] 100 VUs  1m05.0s/2m0s

running (1m06.0s), 100/100 VUs, 3065 complete and 0 interrupted iterations
default   [  55% ] 100 VUs  1m06.0s/2m0s

running (1m07.0s), 100/100 VUs, 3104 complete and 0 interrupted iterations
default   [  56% ] 100 VUs  1m07.0s/2m0s

running (1m08.0s), 100/100 VUs, 3163 complete and 0 interrupted iterations
default   [  57% ] 100 VUs  1m08.0s/2m0s

running (1m09.0s), 100/100 VUs, 3202 complete and 0 interrupted iterations
default   [  57% ] 100 VUs  1m09.0s/2m0s

running (1m10.0s), 100/100 VUs, 3258 complete and 0 interrupted iterations
default   [  58% ] 100 VUs  1m10.0s/2m0s

running (1m11.0s), 100/100 VUs, 3300 complete and 0 interrupted iterations
default   [  59% ] 100 VUs  1m11.0s/2m0s

running (1m12.0s), 100/100 VUs, 3350 complete and 0 interrupted iterations
default   [  60% ] 100 VUs  1m12.0s/2m0s

running (1m13.0s), 100/100 VUs, 3399 complete and 0 interrupted iterations
default   [  61% ] 100 VUs  1m13.0s/2m0s

running (1m14.0s), 100/100 VUs, 3441 complete and 0 interrupted iterations
default   [  62% ] 100 VUs  1m14.0s/2m0s

running (1m15.0s), 100/100 VUs, 3497 complete and 0 interrupted iterations
default   [  62% ] 100 VUs  1m15.0s/2m0s

running (1m16.0s), 100/100 VUs, 3536 complete and 0 interrupted iterations
default   [  63% ] 100 VUs  1m16.0s/2m0s

running (1m17.0s), 100/100 VUs, 3594 complete and 0 interrupted iterations
default   [  64% ] 100 VUs  1m17.0s/2m0s

running (1m18.0s), 100/100 VUs, 3631 complete and 0 interrupted iterations
default   [  65% ] 100 VUs  1m18.0s/2m0s

running (1m19.0s), 100/100 VUs, 3685 complete and 0 interrupted iterations
default   [  66% ] 100 VUs  1m19.0s/2m0s

running (1m20.0s), 100/100 VUs, 3729 complete and 0 interrupted iterations
default   [  67% ] 100 VUs  1m20.0s/2m0s

running (1m21.0s), 100/100 VUs, 3781 complete and 0 interrupted iterations
default   [  67% ] 100 VUs  1m21.0s/2m0s

running (1m22.0s), 100/100 VUs, 3828 complete and 0 interrupted iterations
default   [  68% ] 100 VUs  1m22.0s/2m0s

running (1m23.0s), 100/100 VUs, 3879 complete and 0 interrupted iterations
default   [  69% ] 100 VUs  1m23.0s/2m0s

running (1m24.0s), 100/100 VUs, 3923 complete and 0 interrupted iterations
default   [  70% ] 100 VUs  1m24.0s/2m0s

running (1m25.0s), 100/100 VUs, 3976 complete and 0 interrupted iterations
default   [  71% ] 100 VUs  1m25.0s/2m0s

running (1m26.0s), 100/100 VUs, 4016 complete and 0 interrupted iterations
default   [  72% ] 100 VUs  1m26.0s/2m0s

running (1m27.0s), 100/100 VUs, 4075 complete and 0 interrupted iterations
default   [  72% ] 100 VUs  1m27.0s/2m0s

running (1m28.0s), 100/100 VUs, 4114 complete and 0 interrupted iterations
default   [  73% ] 100 VUs  1m28.0s/2m0s

running (1m29.0s), 100/100 VUs, 4173 complete and 0 interrupted iterations
default   [  74% ] 100 VUs  1m29.0s/2m0s

running (1m30.0s), 100/100 VUs, 4212 complete and 0 interrupted iterations
default   [  75% ] 100 VUs  1m30.0s/2m0s

running (1m31.0s), 100/100 VUs, 4272 complete and 0 interrupted iterations
default   [  76% ] 100 VUs  1m31.0s/2m0s

running (1m32.0s), 100/100 VUs, 4309 complete and 0 interrupted iterations
default   [  77% ] 100 VUs  1m32.0s/2m0s

running (1m33.0s), 100/100 VUs, 4366 complete and 0 interrupted iterations
default   [  77% ] 100 VUs  1m33.0s/2m0s

running (1m34.0s), 100/100 VUs, 4406 complete and 0 interrupted iterations
default   [  78% ] 100 VUs  1m34.0s/2m0s

running (1m35.0s), 100/100 VUs, 4462 complete and 0 interrupted iterations
default   [  79% ] 100 VUs  1m35.0s/2m0s

running (1m36.0s), 100/100 VUs, 4505 complete and 0 interrupted iterations
default   [  80% ] 100 VUs  1m36.0s/2m0s

running (1m37.0s), 100/100 VUs, 4555 complete and 0 interrupted iterations
default   [  81% ] 100 VUs  1m37.0s/2m0s

running (1m38.0s), 100/100 VUs, 4602 complete and 0 interrupted iterations
default   [  82% ] 100 VUs  1m38.0s/2m0s

running (1m39.0s), 100/100 VUs, 4649 complete and 0 interrupted iterations
default   [  82% ] 100 VUs  1m39.0s/2m0s

running (1m40.0s), 100/100 VUs, 4702 complete and 0 interrupted iterations
default   [  83% ] 100 VUs  1m40.0s/2m0s

running (1m41.0s), 100/100 VUs, 4747 complete and 0 interrupted iterations
default   [  84% ] 100 VUs  1m41.0s/2m0s

running (1m42.0s), 100/100 VUs, 4800 complete and 0 interrupted iterations
default   [  85% ] 100 VUs  1m42.0s/2m0s

running (1m43.0s), 100/100 VUs, 4843 complete and 0 interrupted iterations
default   [  86% ] 100 VUs  1m43.0s/2m0s

running (1m44.0s), 100/100 VUs, 4891 complete and 0 interrupted iterations
default   [  87% ] 100 VUs  1m44.0s/2m0s

running (1m45.0s), 100/100 VUs, 4938 complete and 0 interrupted iterations
default   [  87% ] 100 VUs  1m45.0s/2m0s

running (1m46.0s), 100/100 VUs, 4989 complete and 0 interrupted iterations
default   [  88% ] 100 VUs  1m46.0s/2m0s

running (1m47.0s), 100/100 VUs, 5033 complete and 0 interrupted iterations
default   [  89% ] 100 VUs  1m47.0s/2m0s

running (1m48.0s), 100/100 VUs, 5086 complete and 0 interrupted iterations
default   [  90% ] 100 VUs  1m48.0s/2m0s

running (1m49.0s), 100/100 VUs, 5130 complete and 0 interrupted iterations
default   [  91% ] 100 VUs  1m49.0s/2m0s

running (1m50.0s), 100/100 VUs, 5182 complete and 0 interrupted iterations
default   [  92% ] 100 VUs  1m50.0s/2m0s

running (1m51.0s), 100/100 VUs, 5225 complete and 0 interrupted iterations
default   [  92% ] 100 VUs  1m51.0s/2m0s

running (1m52.0s), 100/100 VUs, 5276 complete and 0 interrupted iterations
default   [  93% ] 100 VUs  1m52.0s/2m0s

running (1m53.0s), 100/100 VUs, 5319 complete and 0 interrupted iterations
default   [  94% ] 100 VUs  1m53.0s/2m0s

running (1m54.0s), 100/100 VUs, 5375 complete and 0 interrupted iterations
default   [  95% ] 100 VUs  1m54.0s/2m0s

running (1m55.0s), 100/100 VUs, 5417 complete and 0 interrupted iterations
default   [  96% ] 100 VUs  1m55.0s/2m0s

running (1m56.0s), 100/100 VUs, 5475 complete and 0 interrupted iterations
default   [  97% ] 100 VUs  1m56.0s/2m0s

running (1m57.0s), 100/100 VUs, 5514 complete and 0 interrupted iterations
default   [  97% ] 100 VUs  1m57.0s/2m0s

running (1m58.0s), 100/100 VUs, 5567 complete and 0 interrupted iterations
default   [  98% ] 100 VUs  1m58.0s/2m0s

running (1m59.0s), 100/100 VUs, 5612 complete and 0 interrupted iterations
default   [  99% ] 100 VUs  1m59.0s/2m0s

running (2m00.0s), 100/100 VUs, 5663 complete and 0 interrupted iterations
default   [ 100% ] 100 VUs  2m00.0s/2m0s

running (2m01.0s), 055/100 VUs, 5710 complete and 0 interrupted iterations
default ↓ [ 100% ] 100 VUs  2m0s

running (2m02.0s), 006/100 VUs, 5759 complete and 0 interrupted iterations
default ↓ [ 100% ] 100 VUs  2m0s


  █ THRESHOLDS

    http_req_duration
    ✓ 'p(95)<300' p(95)=36.75ms

    http_req_failed
    ✓ 'rate<0.01' rate=0.00%


  █ TOTAL RESULTS

    checks_total.......: 69180   566.818347/s
    checks_succeeded...: 100.00% 69180 out of 69180
    checks_failed......: 0.00%   0 out of 69180

    ✓ query status acceptable
    ✓ query has request id
    ✓ query has deployment version

    HTTP
    http_req_duration..............: avg=22.45ms min=10.04ms med=17.25ms max=244.78ms p(90)=26.5ms p(95)=36.75ms p(99)=187.7ms
      { expected_response:true }...: avg=22.45ms min=10.04ms med=17.25ms max=244.78ms p(90)=26.5ms p(95)=36.75ms p(99)=187.7ms
    http_req_failed................: 0.00%  0 out of 23060
    http_reqs......................: 23060  188.939449/s

    EXECUTION
    iteration_duration.............: avg=2.09s   min=2.04s   med=2.07s   max=3.4s     p(90)=2.1s   p(95)=2.14s   p(99)=3.2s
    iterations.....................: 5765   47.234862/s
    vus............................: 6      min=6          max=100
    vus_max........................: 100    min=100        max=100

    NETWORK
    data_received..................: 61 MB  500 kB/s
    data_sent......................: 1.7 MB 14 kB/s




running (2m02.0s), 000/100 VUs, 5765 complete and 0 interrupted iterations
default ✓ [ 100% ] 100 VUs  2m0s
