
         /\      Grafana   /‾‾/
    /\  /  \     |\  __   /  /
   /  \/    \    | |/ /  /   ‾‾\
  /          \   |   (  |  (‾)  |
 / __________ \  |_|\_\  \_____/


     execution: local
        script: /opt/miemie-pre/loadtest/k6/s4-mixed-query-generate.js
        output: -

     scenarios: (100.00%) 1 scenario, 20 max VUs, 1m30s max duration (incl. graceful stop):
              * default: 20 looping VUs for 1m0s (gracefulStop: 30s)


running (0m01.0s), 20/20 VUs, 0 complete and 0 interrupted iterations
default   [   2% ] 20 VUs  0m01.0s/1m0s

running (0m02.0s), 20/20 VUs, 0 complete and 0 interrupted iterations
default   [   3% ] 20 VUs  0m02.0s/1m0s

running (0m03.0s), 20/20 VUs, 20 complete and 0 interrupted iterations
default   [   5% ] 20 VUs  0m03.0s/1m0s

running (0m04.0s), 20/20 VUs, 20 complete and 0 interrupted iterations
default   [   7% ] 20 VUs  0m04.0s/1m0s

running (0m05.0s), 20/20 VUs, 40 complete and 0 interrupted iterations
default   [   8% ] 20 VUs  0m05.0s/1m0s

running (0m06.0s), 20/20 VUs, 40 complete and 0 interrupted iterations
default   [  10% ] 20 VUs  0m06.0s/1m0s

running (0m07.0s), 20/20 VUs, 60 complete and 0 interrupted iterations
default   [  12% ] 20 VUs  0m07.0s/1m0s

running (0m08.0s), 20/20 VUs, 60 complete and 0 interrupted iterations
default   [  13% ] 20 VUs  0m08.0s/1m0s

running (0m09.0s), 20/20 VUs, 80 complete and 0 interrupted iterations
default   [  15% ] 20 VUs  0m09.0s/1m0s

running (0m10.0s), 20/20 VUs, 80 complete and 0 interrupted iterations
default   [  17% ] 20 VUs  0m10.0s/1m0s

running (0m11.0s), 20/20 VUs, 97 complete and 0 interrupted iterations
default   [  18% ] 20 VUs  0m11.0s/1m0s

running (0m12.0s), 20/20 VUs, 99 complete and 0 interrupted iterations
default   [  20% ] 20 VUs  0m12.0s/1m0s

running (0m13.0s), 20/20 VUs, 117 complete and 0 interrupted iterations
default   [  22% ] 20 VUs  0m13.0s/1m0s

running (0m14.0s), 20/20 VUs, 119 complete and 0 interrupted iterations
default   [  23% ] 20 VUs  0m14.0s/1m0s

running (0m15.0s), 20/20 VUs, 137 complete and 0 interrupted iterations
default   [  25% ] 20 VUs  0m15.0s/1m0s

running (0m16.0s), 20/20 VUs, 139 complete and 0 interrupted iterations
default   [  27% ] 20 VUs  0m16.0s/1m0s

running (0m17.0s), 20/20 VUs, 157 complete and 0 interrupted iterations
default   [  28% ] 20 VUs  0m17.0s/1m0s

running (0m18.0s), 20/20 VUs, 158 complete and 0 interrupted iterations
default   [  30% ] 20 VUs  0m18.0s/1m0s

running (0m19.0s), 20/20 VUs, 177 complete and 0 interrupted iterations
default   [  32% ] 20 VUs  0m19.0s/1m0s

running (0m20.0s), 20/20 VUs, 178 complete and 0 interrupted iterations
default   [  33% ] 20 VUs  0m20.0s/1m0s

running (0m21.0s), 20/20 VUs, 195 complete and 0 interrupted iterations
default   [  35% ] 20 VUs  0m21.0s/1m0s

running (0m22.0s), 20/20 VUs, 198 complete and 0 interrupted iterations
default   [  37% ] 20 VUs  0m22.0s/1m0s

running (0m23.0s), 20/20 VUs, 212 complete and 0 interrupted iterations
default   [  38% ] 20 VUs  0m23.0s/1m0s

running (0m24.0s), 20/20 VUs, 216 complete and 0 interrupted iterations
default   [  40% ] 20 VUs  0m24.0s/1m0s

running (0m25.0s), 20/20 VUs, 229 complete and 0 interrupted iterations
default   [  42% ] 20 VUs  0m25.0s/1m0s

running (0m26.0s), 20/20 VUs, 234 complete and 0 interrupted iterations
default   [  43% ] 20 VUs  0m26.0s/1m0s

running (0m27.0s), 20/20 VUs, 247 complete and 0 interrupted iterations
default   [  45% ] 20 VUs  0m27.0s/1m0s

running (0m28.0s), 20/20 VUs, 252 complete and 0 interrupted iterations
default   [  47% ] 20 VUs  0m28.0s/1m0s

running (0m29.0s), 20/20 VUs, 263 complete and 0 interrupted iterations
default   [  48% ] 20 VUs  0m29.0s/1m0s

running (0m30.0s), 20/20 VUs, 270 complete and 0 interrupted iterations
default   [  50% ] 20 VUs  0m30.0s/1m0s

running (0m31.0s), 20/20 VUs, 280 complete and 0 interrupted iterations
default   [  52% ] 20 VUs  0m31.0s/1m0s

running (0m32.0s), 20/20 VUs, 288 complete and 0 interrupted iterations
default   [  53% ] 20 VUs  0m32.0s/1m0s

running (0m33.0s), 20/20 VUs, 295 complete and 0 interrupted iterations
default   [  55% ] 20 VUs  0m33.0s/1m0s

running (0m34.0s), 20/20 VUs, 305 complete and 0 interrupted iterations
default   [  57% ] 20 VUs  0m34.0s/1m0s

running (0m35.0s), 20/20 VUs, 311 complete and 0 interrupted iterations
default   [  58% ] 20 VUs  0m35.0s/1m0s

running (0m36.0s), 20/20 VUs, 322 complete and 0 interrupted iterations
default   [  60% ] 20 VUs  0m36.0s/1m0s

running (0m37.0s), 20/20 VUs, 327 complete and 0 interrupted iterations
default   [  62% ] 20 VUs  0m37.0s/1m0s

running (0m38.0s), 20/20 VUs, 339 complete and 0 interrupted iterations
default   [  63% ] 20 VUs  0m38.0s/1m0s

running (0m39.0s), 20/20 VUs, 344 complete and 0 interrupted iterations
default   [  65% ] 20 VUs  0m39.0s/1m0s

running (0m40.0s), 20/20 VUs, 356 complete and 0 interrupted iterations
default   [  67% ] 20 VUs  0m40.0s/1m0s

running (0m41.0s), 20/20 VUs, 359 complete and 0 interrupted iterations
default   [  68% ] 20 VUs  0m41.0s/1m0s

running (0m42.0s), 20/20 VUs, 371 complete and 0 interrupted iterations
default   [  70% ] 20 VUs  0m42.0s/1m0s

running (0m43.0s), 20/20 VUs, 376 complete and 0 interrupted iterations
default   [  72% ] 20 VUs  0m43.0s/1m0s

running (0m44.0s), 20/20 VUs, 388 complete and 0 interrupted iterations
default   [  73% ] 20 VUs  0m44.0s/1m0s

running (0m45.0s), 20/20 VUs, 393 complete and 0 interrupted iterations
default   [  75% ] 20 VUs  0m45.0s/1m0s

running (0m46.0s), 20/20 VUs, 405 complete and 0 interrupted iterations
default   [  77% ] 20 VUs  0m46.0s/1m0s

running (0m47.0s), 20/20 VUs, 410 complete and 0 interrupted iterations
default   [  78% ] 20 VUs  0m47.0s/1m0s

running (0m48.0s), 20/20 VUs, 423 complete and 0 interrupted iterations
default   [  80% ] 20 VUs  0m48.0s/1m0s

running (0m49.0s), 20/20 VUs, 428 complete and 0 interrupted iterations
default   [  82% ] 20 VUs  0m49.0s/1m0s

running (0m50.0s), 20/20 VUs, 440 complete and 0 interrupted iterations
default   [  83% ] 20 VUs  0m50.0s/1m0s

running (0m51.0s), 20/20 VUs, 444 complete and 0 interrupted iterations
default   [  85% ] 20 VUs  0m51.0s/1m0s

running (0m52.0s), 20/20 VUs, 458 complete and 0 interrupted iterations
default   [  87% ] 20 VUs  0m52.0s/1m0s

running (0m53.0s), 20/20 VUs, 463 complete and 0 interrupted iterations
default   [  88% ] 20 VUs  0m53.0s/1m0s

running (0m54.0s), 20/20 VUs, 477 complete and 0 interrupted iterations
default   [  90% ] 20 VUs  0m54.0s/1m0s

running (0m55.0s), 20/20 VUs, 482 complete and 0 interrupted iterations
default   [  92% ] 20 VUs  0m55.0s/1m0s

running (0m56.0s), 20/20 VUs, 496 complete and 0 interrupted iterations
default   [  93% ] 20 VUs  0m56.0s/1m0s

running (0m57.0s), 20/20 VUs, 501 complete and 0 interrupted iterations
default   [  95% ] 20 VUs  0m57.0s/1m0s

running (0m58.0s), 20/20 VUs, 515 complete and 0 interrupted iterations
default   [  97% ] 20 VUs  0m58.0s/1m0s

running (0m59.0s), 20/20 VUs, 520 complete and 0 interrupted iterations
default   [  98% ] 20 VUs  0m59.0s/1m0s

running (1m00.0s), 20/20 VUs, 534 complete and 0 interrupted iterations
default   [ 100% ] 20 VUs  1m00.0s/1m0s

running (1m01.0s), 15/20 VUs, 539 complete and 0 interrupted iterations
default ↓ [ 100% ] 20 VUs  1m0s

running (1m02.0s), 05/20 VUs, 549 complete and 0 interrupted iterations
default ↓ [ 100% ] 20 VUs  1m0s

running (1m03.0s), 01/20 VUs, 553 complete and 0 interrupted iterations
default ↓ [ 100% ] 20 VUs  1m0s


  █ THRESHOLDS

    http_req_duration
    ✓ 'p(95)<800' p(95)=61.64ms

    http_req_failed
    ✓ 'rate<0.01' rate=0.00%


  █ TOTAL RESULTS

    checks_total.......: 3384    53.59753/s
    checks_succeeded...: 100.00% 3384 out of 3384
    checks_failed......: 0.00%   0 out of 3384

    ✓ query status acceptable
    ✓ query has request id
    ✓ query has deployment version
    ✓ submit status controlled
    ✓ submit has request id
    ✓ submit has deployment version

    HTTP
    http_req_duration..............: avg=106.1ms min=11.12ms med=15.18ms max=27.9s  p(90)=29.61ms p(95)=61.64ms p(99)=1.14s
      { expected_response:true }...: avg=106.1ms min=11.12ms med=15.18ms max=27.9s  p(90)=29.61ms p(95)=61.64ms p(99)=1.14s
    http_req_failed................: 0.00%  0 out of 1128
    http_reqs......................: 1128   17.865843/s

    EXECUTION
    iteration_duration.............: avg=2.21s   min=2.02s   med=2.03s   max=29.91s p(90)=2.15s   p(95)=2.33s   p(99)=4.84s
    iterations.....................: 554    8.774537/s
    vus............................: 1      min=1         max=20
    vus_max........................: 20     min=20        max=20

    NETWORK
    data_received..................: 747 kB 12 kB/s
    data_sent......................: 115 kB 1.8 kB/s




running (1m03.1s), 00/20 VUs, 554 complete and 0 interrupted iterations
default ✓ [ 100% ] 20 VUs  1m0s
