
         /\      Grafana   /‾‾/
    /\  /  \     |\  __   /  /
   /  \/    \    | |/ /  /   ‾‾\
  /          \   |   (  |  (‾)  |
 / __________ \  |_|\_\  \_____/


     execution: local
        script: /opt/miemie-pre/loadtest/k6/s4-mixed-query-generate.js
        output: -

     scenarios: (100.00%) 1 scenario, 30 max VUs, 1m30s max duration (incl. graceful stop):
              * default: 30 looping VUs for 1m0s (gracefulStop: 30s)


running (0m01.0s), 30/30 VUs, 0 complete and 0 interrupted iterations
default   [   2% ] 30 VUs  0m01.0s/1m0s

running (0m02.0s), 30/30 VUs, 0 complete and 0 interrupted iterations
default   [   3% ] 30 VUs  0m02.0s/1m0s

running (0m03.0s), 30/30 VUs, 30 complete and 0 interrupted iterations
default   [   5% ] 30 VUs  0m03.0s/1m0s

running (0m04.0s), 30/30 VUs, 30 complete and 0 interrupted iterations
default   [   7% ] 30 VUs  0m04.0s/1m0s

running (0m05.0s), 30/30 VUs, 59 complete and 0 interrupted iterations
default   [   8% ] 30 VUs  0m05.0s/1m0s

running (0m06.0s), 30/30 VUs, 59 complete and 0 interrupted iterations
default   [  10% ] 30 VUs  0m06.0s/1m0s

running (0m07.0s), 30/30 VUs, 86 complete and 0 interrupted iterations
default   [  12% ] 30 VUs  0m07.0s/1m0s

running (0m08.0s), 30/30 VUs, 87 complete and 0 interrupted iterations
default   [  13% ] 30 VUs  0m08.0s/1m0s

running (0m09.0s), 30/30 VUs, 114 complete and 0 interrupted iterations
default   [  15% ] 30 VUs  0m09.0s/1m0s

running (0m10.0s), 30/30 VUs, 116 complete and 0 interrupted iterations
default   [  17% ] 30 VUs  0m10.0s/1m0s

running (0m11.0s), 30/30 VUs, 142 complete and 0 interrupted iterations
default   [  18% ] 30 VUs  0m11.0s/1m0s

running (0m12.0s), 30/30 VUs, 145 complete and 0 interrupted iterations
default   [  20% ] 30 VUs  0m12.0s/1m0s

running (0m13.0s), 30/30 VUs, 169 complete and 0 interrupted iterations
default   [  22% ] 30 VUs  0m13.0s/1m0s

running (0m14.0s), 30/30 VUs, 172 complete and 0 interrupted iterations
default   [  23% ] 30 VUs  0m14.0s/1m0s

running (0m15.0s), 30/30 VUs, 196 complete and 0 interrupted iterations
default   [  25% ] 30 VUs  0m15.0s/1m0s

running (0m16.0s), 30/30 VUs, 199 complete and 0 interrupted iterations
default   [  27% ] 30 VUs  0m16.0s/1m0s

running (0m17.0s), 30/30 VUs, 222 complete and 0 interrupted iterations
default   [  28% ] 30 VUs  0m17.0s/1m0s

running (0m18.0s), 30/30 VUs, 226 complete and 0 interrupted iterations
default   [  30% ] 30 VUs  0m18.0s/1m0s

running (0m19.0s), 30/30 VUs, 247 complete and 0 interrupted iterations
default   [  32% ] 30 VUs  0m19.0s/1m0s

running (0m20.0s), 30/30 VUs, 251 complete and 0 interrupted iterations
default   [  33% ] 30 VUs  0m20.0s/1m0s

running (0m21.0s), 30/30 VUs, 272 complete and 0 interrupted iterations
default   [  35% ] 30 VUs  0m21.0s/1m0s

running (0m22.0s), 30/30 VUs, 278 complete and 0 interrupted iterations
default   [  37% ] 30 VUs  0m22.0s/1m0s

running (0m23.0s), 30/30 VUs, 301 complete and 0 interrupted iterations
default   [  38% ] 30 VUs  0m23.0s/1m0s

running (0m24.0s), 30/30 VUs, 307 complete and 0 interrupted iterations
default   [  40% ] 30 VUs  0m24.0s/1m0s

running (0m25.0s), 30/30 VUs, 329 complete and 0 interrupted iterations
default   [  42% ] 30 VUs  0m25.0s/1m0s

running (0m26.0s), 30/30 VUs, 336 complete and 0 interrupted iterations
default   [  43% ] 30 VUs  0m26.0s/1m0s

running (0m27.0s), 30/30 VUs, 358 complete and 0 interrupted iterations
default   [  45% ] 30 VUs  0m27.0s/1m0s

running (0m28.0s), 30/30 VUs, 365 complete and 0 interrupted iterations
default   [  47% ] 30 VUs  0m28.0s/1m0s

running (0m29.0s), 30/30 VUs, 387 complete and 0 interrupted iterations
default   [  48% ] 30 VUs  0m29.0s/1m0s

running (0m30.0s), 30/30 VUs, 394 complete and 0 interrupted iterations
default   [  50% ] 30 VUs  0m30.0s/1m0s

running (0m31.0s), 30/30 VUs, 415 complete and 0 interrupted iterations
default   [  52% ] 30 VUs  0m31.0s/1m0s

running (0m32.0s), 30/30 VUs, 423 complete and 0 interrupted iterations
default   [  53% ] 30 VUs  0m32.0s/1m0s

running (0m33.0s), 30/30 VUs, 443 complete and 0 interrupted iterations
default   [  55% ] 30 VUs  0m33.0s/1m0s

running (0m34.0s), 30/30 VUs, 451 complete and 0 interrupted iterations
default   [  57% ] 30 VUs  0m34.0s/1m0s

running (0m35.0s), 30/30 VUs, 470 complete and 0 interrupted iterations
default   [  58% ] 30 VUs  0m35.0s/1m0s

running (0m36.0s), 30/30 VUs, 478 complete and 0 interrupted iterations
default   [  60% ] 30 VUs  0m36.0s/1m0s

running (0m37.0s), 30/30 VUs, 495 complete and 0 interrupted iterations
default   [  62% ] 30 VUs  0m37.0s/1m0s

running (0m38.0s), 30/30 VUs, 504 complete and 0 interrupted iterations
default   [  63% ] 30 VUs  0m38.0s/1m0s

running (0m39.0s), 30/30 VUs, 520 complete and 0 interrupted iterations
default   [  65% ] 30 VUs  0m39.0s/1m0s

running (0m40.0s), 30/30 VUs, 531 complete and 0 interrupted iterations
default   [  67% ] 30 VUs  0m40.0s/1m0s

running (0m41.0s), 30/30 VUs, 545 complete and 0 interrupted iterations
default   [  68% ] 30 VUs  0m41.0s/1m0s

running (0m42.0s), 30/30 VUs, 558 complete and 0 interrupted iterations
default   [  70% ] 30 VUs  0m42.0s/1m0s

running (0m43.0s), 30/30 VUs, 571 complete and 0 interrupted iterations
default   [  72% ] 30 VUs  0m43.0s/1m0s

running (0m44.0s), 30/30 VUs, 583 complete and 0 interrupted iterations
default   [  73% ] 30 VUs  0m44.0s/1m0s

running (0m45.0s), 30/30 VUs, 595 complete and 0 interrupted iterations
default   [  75% ] 30 VUs  0m45.0s/1m0s

running (0m46.0s), 30/30 VUs, 610 complete and 0 interrupted iterations
default   [  77% ] 30 VUs  0m46.0s/1m0s

running (0m47.0s), 30/30 VUs, 621 complete and 0 interrupted iterations
default   [  78% ] 30 VUs  0m47.0s/1m0s

running (0m48.0s), 30/30 VUs, 638 complete and 0 interrupted iterations
default   [  80% ] 30 VUs  0m48.0s/1m0s

running (0m49.0s), 30/30 VUs, 650 complete and 0 interrupted iterations
default   [  82% ] 30 VUs  0m49.0s/1m0s

running (0m50.0s), 30/30 VUs, 666 complete and 0 interrupted iterations
default   [  83% ] 30 VUs  0m50.0s/1m0s

running (0m51.0s), 30/30 VUs, 677 complete and 0 interrupted iterations
default   [  85% ] 30 VUs  0m51.0s/1m0s

running (0m52.0s), 30/30 VUs, 694 complete and 0 interrupted iterations
default   [  87% ] 30 VUs  0m52.0s/1m0s

running (0m53.0s), 30/30 VUs, 704 complete and 0 interrupted iterations
default   [  88% ] 30 VUs  0m53.0s/1m0s

running (0m54.0s), 30/30 VUs, 722 complete and 0 interrupted iterations
default   [  90% ] 30 VUs  0m54.0s/1m0s

running (0m55.0s), 30/30 VUs, 733 complete and 0 interrupted iterations
default   [  92% ] 30 VUs  0m55.0s/1m0s

running (0m56.0s), 30/30 VUs, 751 complete and 0 interrupted iterations
default   [  93% ] 30 VUs  0m56.0s/1m0s

running (0m57.0s), 30/30 VUs, 762 complete and 0 interrupted iterations
default   [  95% ] 30 VUs  0m57.0s/1m0s

running (0m58.0s), 30/30 VUs, 778 complete and 0 interrupted iterations
default   [  97% ] 30 VUs  0m58.0s/1m0s

running (0m59.0s), 30/30 VUs, 791 complete and 0 interrupted iterations
default   [  98% ] 30 VUs  0m59.0s/1m0s

running (1m00.0s), 30/30 VUs, 807 complete and 0 interrupted iterations
default   [ 100% ] 30 VUs  1m00.0s/1m0s

running (1m01.0s), 18/30 VUs, 819 complete and 0 interrupted iterations
default ↓ [ 100% ] 30 VUs  1m0s


  █ THRESHOLDS

    http_req_duration
    ✓ 'p(95)<800' p(95)=71.62ms

    http_req_failed
    ✓ 'rate<0.01' rate=0.00%


  █ TOTAL RESULTS

    checks_total.......: 5112    82.536092/s
    checks_succeeded...: 100.00% 5112 out of 5112
    checks_failed......: 0.00%   0 out of 5112

    ✓ query status acceptable
    ✓ query has request id
    ✓ query has deployment version
    ✓ submit status controlled
    ✓ submit has request id
    ✓ submit has deployment version

    HTTP
    http_req_duration..............: avg=90.29ms min=11.28ms med=15.89ms max=25.25s p(90)=32.9ms p(95)=71.62ms p(99)=1.42s
      { expected_response:true }...: avg=90.29ms min=11.28ms med=15.89ms max=25.25s p(90)=32.9ms p(95)=71.62ms p(99)=1.42s
    http_req_failed................: 0.00%  0 out of 1704
    http_reqs......................: 1704   27.512031/s

    EXECUTION
    iteration_duration.............: avg=2.18s   min=2.02s   med=2.03s   max=27.27s p(90)=2.07s  p(95)=2.28s   p(99)=5.32s
    iterations.....................: 837    13.513832/s
    vus............................: 18     min=18        max=30
    vus_max........................: 30     min=30        max=30

    NETWORK
    data_received..................: 1.1 MB 18 kB/s
    data_sent......................: 173 kB 2.8 kB/s




running (1m01.9s), 00/30 VUs, 837 complete and 0 interrupted iterations
default ✓ [ 100% ] 30 VUs  1m0s
