
         /\      Grafana   /‾‾/
    /\  /  \     |\  __   /  /
   /  \/    \    | |/ /  /   ‾‾\
  /          \   |   (  |  (‾)  |
 / __________ \  |_|\_\  \_____/


     execution: local
        script: /opt/miemie-pre/loadtest/k6/s4-mixed-query-generate.js
        output: -

     scenarios: (100.00%) 1 scenario, 100 max VUs, 2m30s max duration (incl. graceful stop):
              * default: 100 looping VUs for 2m0s (gracefulStop: 30s)


running (0m00.9s), 100/100 VUs, 0 complete and 0 interrupted iterations
default   [   1% ] 100 VUs  0m00.9s/2m0s

running (0m01.9s), 100/100 VUs, 0 complete and 0 interrupted iterations
default   [   2% ] 100 VUs  0m01.9s/2m0s

running (0m02.9s), 100/100 VUs, 100 complete and 0 interrupted iterations
default   [   2% ] 100 VUs  0m02.9s/2m0s

running (0m03.9s), 100/100 VUs, 100 complete and 0 interrupted iterations
default   [   3% ] 100 VUs  0m03.9s/2m0s

running (0m04.9s), 100/100 VUs, 200 complete and 0 interrupted iterations
default   [   4% ] 100 VUs  0m04.9s/2m0s

running (0m05.9s), 100/100 VUs, 200 complete and 0 interrupted iterations
default   [   5% ] 100 VUs  0m05.9s/2m0s

running (0m06.9s), 100/100 VUs, 273 complete and 0 interrupted iterations
default   [   6% ] 100 VUs  0m06.9s/2m0s

running (0m07.9s), 100/100 VUs, 300 complete and 0 interrupted iterations
default   [   7% ] 100 VUs  0m07.9s/2m0s

running (0m08.9s), 100/100 VUs, 372 complete and 0 interrupted iterations
default   [   7% ] 100 VUs  0m08.9s/2m0s

running (0m09.9s), 100/100 VUs, 400 complete and 0 interrupted iterations
default   [   8% ] 100 VUs  0m09.9s/2m0s

running (0m10.9s), 100/100 VUs, 472 complete and 0 interrupted iterations
default   [   9% ] 100 VUs  0m10.9s/2m0s

running (0m11.9s), 100/100 VUs, 500 complete and 0 interrupted iterations
default   [  10% ] 100 VUs  0m11.9s/2m0s

running (0m12.9s), 100/100 VUs, 572 complete and 0 interrupted iterations
default   [  11% ] 100 VUs  0m12.9s/2m0s

running (0m13.9s), 100/100 VUs, 600 complete and 0 interrupted iterations
default   [  12% ] 100 VUs  0m13.9s/2m0s

running (0m14.9s), 100/100 VUs, 670 complete and 0 interrupted iterations
default   [  12% ] 100 VUs  0m14.9s/2m0s

running (0m15.9s), 100/100 VUs, 700 complete and 0 interrupted iterations
default   [  13% ] 100 VUs  0m15.9s/2m0s

running (0m16.9s), 100/100 VUs, 762 complete and 0 interrupted iterations
default   [  14% ] 100 VUs  0m16.9s/2m0s

running (0m17.9s), 100/100 VUs, 800 complete and 0 interrupted iterations
default   [  15% ] 100 VUs  0m17.9s/2m0s

running (0m18.9s), 100/100 VUs, 857 complete and 0 interrupted iterations
default   [  16% ] 100 VUs  0m18.9s/2m0s

running (0m19.9s), 100/100 VUs, 900 complete and 0 interrupted iterations
default   [  17% ] 100 VUs  0m19.9s/2m0s

running (0m20.9s), 100/100 VUs, 957 complete and 0 interrupted iterations
default   [  17% ] 100 VUs  0m20.9s/2m0s

running (0m21.9s), 100/100 VUs, 1000 complete and 0 interrupted iterations
default   [  18% ] 100 VUs  0m21.9s/2m0s

running (0m22.9s), 100/100 VUs, 1057 complete and 0 interrupted iterations
default   [  19% ] 100 VUs  0m22.9s/2m0s

running (0m23.9s), 100/100 VUs, 1100 complete and 0 interrupted iterations
default   [  20% ] 100 VUs  0m23.9s/2m0s

running (0m24.9s), 100/100 VUs, 1156 complete and 0 interrupted iterations
default   [  21% ] 100 VUs  0m24.9s/2m0s

running (0m25.9s), 100/100 VUs, 1200 complete and 0 interrupted iterations
default   [  22% ] 100 VUs  0m25.9s/2m0s

running (0m26.9s), 100/100 VUs, 1256 complete and 0 interrupted iterations
default   [  22% ] 100 VUs  0m26.9s/2m0s

running (0m27.9s), 100/100 VUs, 1300 complete and 0 interrupted iterations
default   [  23% ] 100 VUs  0m27.9s/2m0s

running (0m28.9s), 100/100 VUs, 1352 complete and 0 interrupted iterations
default   [  24% ] 100 VUs  0m28.9s/2m0s

running (0m29.9s), 100/100 VUs, 1400 complete and 0 interrupted iterations
default   [  25% ] 100 VUs  0m29.9s/2m0s

running (0m30.9s), 100/100 VUs, 1445 complete and 0 interrupted iterations
default   [  26% ] 100 VUs  0m30.9s/2m0s

running (0m31.9s), 100/100 VUs, 1500 complete and 0 interrupted iterations
default   [  27% ] 100 VUs  0m31.9s/2m0s

running (0m32.9s), 100/100 VUs, 1543 complete and 0 interrupted iterations
default   [  27% ] 100 VUs  0m32.9s/2m0s

running (0m33.9s), 100/100 VUs, 1600 complete and 0 interrupted iterations
default   [  28% ] 100 VUs  0m33.9s/2m0s

running (0m34.9s), 100/100 VUs, 1643 complete and 0 interrupted iterations
default   [  29% ] 100 VUs  0m34.9s/2m0s

running (0m35.9s), 100/100 VUs, 1700 complete and 0 interrupted iterations
default   [  30% ] 100 VUs  0m35.9s/2m0s

running (0m36.9s), 100/100 VUs, 1742 complete and 0 interrupted iterations
default   [  31% ] 100 VUs  0m36.9s/2m0s

running (0m37.9s), 100/100 VUs, 1800 complete and 0 interrupted iterations
default   [  32% ] 100 VUs  0m37.9s/2m0s

running (0m38.9s), 100/100 VUs, 1838 complete and 0 interrupted iterations
default   [  32% ] 100 VUs  0m38.9s/2m0s

running (0m39.9s), 100/100 VUs, 1900 complete and 0 interrupted iterations
default   [  33% ] 100 VUs  0m39.9s/2m0s

running (0m40.9s), 100/100 VUs, 1936 complete and 0 interrupted iterations
default   [  34% ] 100 VUs  0m40.9s/2m0s

running (0m41.9s), 100/100 VUs, 2000 complete and 0 interrupted iterations
default   [  35% ] 100 VUs  0m41.9s/2m0s

running (0m42.9s), 100/100 VUs, 2035 complete and 0 interrupted iterations
default   [  36% ] 100 VUs  0m42.9s/2m0s

running (0m43.9s), 100/100 VUs, 2100 complete and 0 interrupted iterations
default   [  37% ] 100 VUs  0m43.9s/2m0s

running (0m44.9s), 100/100 VUs, 2134 complete and 0 interrupted iterations
default   [  37% ] 100 VUs  0m44.9s/2m0s

running (0m45.9s), 100/100 VUs, 2200 complete and 0 interrupted iterations
default   [  38% ] 100 VUs  0m45.9s/2m0s

running (0m46.9s), 100/100 VUs, 2231 complete and 0 interrupted iterations
default   [  39% ] 100 VUs  0m46.9s/2m0s

running (0m47.9s), 100/100 VUs, 2300 complete and 0 interrupted iterations
default   [  40% ] 100 VUs  0m47.9s/2m0s

running (0m48.9s), 100/100 VUs, 2330 complete and 0 interrupted iterations
default   [  41% ] 100 VUs  0m48.9s/2m0s

running (0m49.9s), 100/100 VUs, 2400 complete and 0 interrupted iterations
default   [  42% ] 100 VUs  0m49.9s/2m0s

running (0m50.9s), 100/100 VUs, 2427 complete and 0 interrupted iterations
default   [  42% ] 100 VUs  0m50.9s/2m0s

running (0m51.9s), 100/100 VUs, 2500 complete and 0 interrupted iterations
default   [  43% ] 100 VUs  0m51.9s/2m0s

running (0m52.9s), 100/100 VUs, 2525 complete and 0 interrupted iterations
default   [  44% ] 100 VUs  0m52.9s/2m0s

running (0m53.9s), 100/100 VUs, 2600 complete and 0 interrupted iterations
default   [  45% ] 100 VUs  0m53.9s/2m0s

running (0m54.9s), 100/100 VUs, 2625 complete and 0 interrupted iterations
default   [  46% ] 100 VUs  0m54.9s/2m0s

running (0m55.9s), 100/100 VUs, 2700 complete and 0 interrupted iterations
default   [  47% ] 100 VUs  0m55.9s/2m0s

running (0m56.9s), 100/100 VUs, 2723 complete and 0 interrupted iterations
default   [  47% ] 100 VUs  0m56.9s/2m0s

running (0m57.9s), 100/100 VUs, 2800 complete and 0 interrupted iterations
default   [  48% ] 100 VUs  0m57.9s/2m0s

running (0m58.9s), 100/100 VUs, 2822 complete and 0 interrupted iterations
default   [  49% ] 100 VUs  0m58.9s/2m0s

running (0m59.9s), 100/100 VUs, 2900 complete and 0 interrupted iterations
default   [  50% ] 100 VUs  0m59.9s/2m0s

running (1m00.9s), 100/100 VUs, 2921 complete and 0 interrupted iterations
default   [  51% ] 100 VUs  1m00.9s/2m0s

running (1m01.9s), 100/100 VUs, 3000 complete and 0 interrupted iterations
default   [  52% ] 100 VUs  1m01.9s/2m0s

running (1m02.9s), 100/100 VUs, 3021 complete and 0 interrupted iterations
default   [  52% ] 100 VUs  1m02.9s/2m0s

running (1m03.9s), 100/100 VUs, 3100 complete and 0 interrupted iterations
default   [  53% ] 100 VUs  1m03.9s/2m0s

running (1m04.9s), 100/100 VUs, 3121 complete and 0 interrupted iterations
default   [  54% ] 100 VUs  1m04.9s/2m0s

running (1m05.9s), 100/100 VUs, 3200 complete and 0 interrupted iterations
default   [  55% ] 100 VUs  1m05.9s/2m0s

running (1m06.9s), 100/100 VUs, 3221 complete and 0 interrupted iterations
default   [  56% ] 100 VUs  1m06.9s/2m0s

running (1m07.9s), 100/100 VUs, 3298 complete and 0 interrupted iterations
default   [  57% ] 100 VUs  1m07.9s/2m0s

running (1m08.9s), 100/100 VUs, 3319 complete and 0 interrupted iterations
default   [  57% ] 100 VUs  1m08.9s/2m0s

running (1m09.9s), 100/100 VUs, 3396 complete and 0 interrupted iterations
default   [  58% ] 100 VUs  1m09.9s/2m0s

running (1m10.9s), 100/100 VUs, 3417 complete and 0 interrupted iterations
default   [  59% ] 100 VUs  1m10.9s/2m0s

running (1m11.9s), 100/100 VUs, 3496 complete and 0 interrupted iterations
default   [  60% ] 100 VUs  1m11.9s/2m0s

running (1m12.9s), 100/100 VUs, 3516 complete and 0 interrupted iterations
default   [  61% ] 100 VUs  1m12.9s/2m0s

running (1m13.9s), 100/100 VUs, 3596 complete and 0 interrupted iterations
default   [  62% ] 100 VUs  1m13.9s/2m0s

running (1m14.9s), 100/100 VUs, 3616 complete and 0 interrupted iterations
default   [  62% ] 100 VUs  1m14.9s/2m0s

running (1m15.9s), 100/100 VUs, 3696 complete and 0 interrupted iterations
default   [  63% ] 100 VUs  1m15.9s/2m0s

running (1m16.9s), 100/100 VUs, 3715 complete and 0 interrupted iterations
default   [  64% ] 100 VUs  1m16.9s/2m0s

running (1m17.9s), 100/100 VUs, 3793 complete and 0 interrupted iterations
default   [  65% ] 100 VUs  1m17.9s/2m0s

running (1m18.9s), 100/100 VUs, 3815 complete and 0 interrupted iterations
default   [  66% ] 100 VUs  1m18.9s/2m0s

running (1m19.9s), 100/100 VUs, 3893 complete and 0 interrupted iterations
default   [  67% ] 100 VUs  1m19.9s/2m0s

running (1m20.9s), 100/100 VUs, 3914 complete and 0 interrupted iterations
default   [  67% ] 100 VUs  1m20.9s/2m0s

running (1m21.9s), 100/100 VUs, 3993 complete and 0 interrupted iterations
default   [  68% ] 100 VUs  1m21.9s/2m0s

running (1m22.9s), 100/100 VUs, 4014 complete and 0 interrupted iterations
default   [  69% ] 100 VUs  1m22.9s/2m0s

running (1m23.9s), 100/100 VUs, 4092 complete and 0 interrupted iterations
default   [  70% ] 100 VUs  1m23.9s/2m0s

running (1m24.9s), 100/100 VUs, 4114 complete and 0 interrupted iterations
default   [  71% ] 100 VUs  1m24.9s/2m0s

running (1m25.9s), 100/100 VUs, 4192 complete and 0 interrupted iterations
default   [  72% ] 100 VUs  1m25.9s/2m0s

running (1m26.9s), 100/100 VUs, 4213 complete and 0 interrupted iterations
default   [  72% ] 100 VUs  1m26.9s/2m0s

running (1m27.9s), 100/100 VUs, 4292 complete and 0 interrupted iterations
default   [  73% ] 100 VUs  1m27.9s/2m0s

running (1m28.9s), 100/100 VUs, 4310 complete and 0 interrupted iterations
default   [  74% ] 100 VUs  1m28.9s/2m0s

running (1m29.9s), 100/100 VUs, 4392 complete and 0 interrupted iterations
default   [  75% ] 100 VUs  1m29.9s/2m0s

running (1m30.9s), 100/100 VUs, 4409 complete and 0 interrupted iterations
default   [  76% ] 100 VUs  1m30.9s/2m0s

running (1m31.9s), 100/100 VUs, 4487 complete and 0 interrupted iterations
default   [  77% ] 100 VUs  1m31.9s/2m0s

running (1m32.9s), 100/100 VUs, 4508 complete and 0 interrupted iterations
default   [  77% ] 100 VUs  1m32.9s/2m0s

running (1m33.9s), 100/100 VUs, 4580 complete and 0 interrupted iterations
default   [  78% ] 100 VUs  1m33.9s/2m0s

running (1m34.9s), 100/100 VUs, 4608 complete and 0 interrupted iterations
default   [  79% ] 100 VUs  1m34.9s/2m0s

running (1m35.9s), 100/100 VUs, 4679 complete and 0 interrupted iterations
default   [  80% ] 100 VUs  1m35.9s/2m0s

running (1m36.9s), 100/100 VUs, 4708 complete and 0 interrupted iterations
default   [  81% ] 100 VUs  1m36.9s/2m0s

running (1m37.9s), 100/100 VUs, 4773 complete and 0 interrupted iterations
default   [  82% ] 100 VUs  1m37.9s/2m0s

running (1m38.9s), 100/100 VUs, 4808 complete and 0 interrupted iterations
default   [  82% ] 100 VUs  1m38.9s/2m0s

running (1m39.9s), 100/100 VUs, 4871 complete and 0 interrupted iterations
default   [  83% ] 100 VUs  1m39.9s/2m0s

running (1m40.9s), 100/100 VUs, 4906 complete and 0 interrupted iterations
default   [  84% ] 100 VUs  1m40.9s/2m0s

running (1m41.9s), 100/100 VUs, 4970 complete and 0 interrupted iterations
default   [  85% ] 100 VUs  1m41.9s/2m0s

running (1m42.9s), 100/100 VUs, 5005 complete and 0 interrupted iterations
default   [  86% ] 100 VUs  1m42.9s/2m0s

running (1m43.9s), 100/100 VUs, 5068 complete and 0 interrupted iterations
default   [  87% ] 100 VUs  1m43.9s/2m0s

running (1m44.9s), 100/100 VUs, 5105 complete and 0 interrupted iterations
default   [  87% ] 100 VUs  1m44.9s/2m0s

running (1m45.9s), 100/100 VUs, 5168 complete and 0 interrupted iterations
default   [  88% ] 100 VUs  1m45.9s/2m0s

running (1m46.9s), 100/100 VUs, 5205 complete and 0 interrupted iterations
default   [  89% ] 100 VUs  1m46.9s/2m0s

running (1m47.9s), 100/100 VUs, 5267 complete and 0 interrupted iterations
default   [  90% ] 100 VUs  1m47.9s/2m0s

running (1m48.9s), 100/100 VUs, 5303 complete and 0 interrupted iterations
default   [  91% ] 100 VUs  1m48.9s/2m0s

running (1m49.9s), 100/100 VUs, 5367 complete and 0 interrupted iterations
default   [  92% ] 100 VUs  1m49.9s/2m0s

running (1m50.9s), 100/100 VUs, 5403 complete and 0 interrupted iterations
default   [  92% ] 100 VUs  1m50.9s/2m0s

running (1m51.9s), 100/100 VUs, 5467 complete and 0 interrupted iterations
default   [  93% ] 100 VUs  1m51.9s/2m0s

running (1m52.9s), 100/100 VUs, 5503 complete and 0 interrupted iterations
default   [  94% ] 100 VUs  1m52.9s/2m0s

running (1m53.9s), 100/100 VUs, 5565 complete and 0 interrupted iterations
default   [  95% ] 100 VUs  1m53.9s/2m0s

running (1m54.9s), 100/100 VUs, 5603 complete and 0 interrupted iterations
default   [  96% ] 100 VUs  1m54.9s/2m0s

running (1m55.9s), 100/100 VUs, 5663 complete and 0 interrupted iterations
default   [  97% ] 100 VUs  1m55.9s/2m0s

running (1m56.9s), 100/100 VUs, 5703 complete and 0 interrupted iterations
default   [  97% ] 100 VUs  1m56.9s/2m0s

running (1m57.9s), 100/100 VUs, 5763 complete and 0 interrupted iterations
default   [  98% ] 100 VUs  1m57.9s/2m0s

running (1m58.9s), 100/100 VUs, 5803 complete and 0 interrupted iterations
default   [  99% ] 100 VUs  1m58.9s/2m0s

running (1m59.9s), 100/100 VUs, 5863 complete and 0 interrupted iterations
default   [ 100% ] 100 VUs  1m59.9s/2m0s

running (2m00.9s), 067/100 VUs, 5901 complete and 0 interrupted iterations
default ↓ [ 100% ] 100 VUs  2m0s

running (2m01.9s), 009/100 VUs, 5959 complete and 0 interrupted iterations
default ↓ [ 100% ] 100 VUs  2m0s


  █ THRESHOLDS

    http_req_duration
    ✓ 'p(95)<800' p(95)=17.37ms

    http_req_failed
    ✓ 'rate<0.01' rate=0.00%


  █ TOTAL RESULTS

    checks_total.......: 71616   586.871707/s
    checks_succeeded...: 100.00% 71616 out of 71616
    checks_failed......: 0.00%   0 out of 71616

    ✓ query status acceptable
    ✓ query has request id
    ✓ query has deployment version

    HTTP
    http_req_duration..............: avg=6.94ms min=1.43ms med=3.43ms max=526.04ms p(90)=9.92ms p(95)=17.37ms p(99)=68.22ms
      { expected_response:true }...: avg=6.94ms min=1.43ms med=3.43ms max=526.04ms p(90)=9.92ms p(95)=17.37ms p(99)=68.22ms
    http_req_failed................: 0.00%  0 out of 23872
    http_reqs......................: 23872  195.623902/s

    EXECUTION
    iteration_duration.............: avg=2.02s  min=2s     med=2.01s  max=2.65s    p(90)=2.03s  p(95)=2.06s   p(99)=2.38s
    iterations.....................: 5968   48.905976/s
    vus............................: 9      min=9          max=100
    vus_max........................: 100    min=100        max=100

    NETWORK
    data_received..................: 60 MB  493 kB/s
    data_sent......................: 7.8 MB 64 kB/s




running (2m02.0s), 000/100 VUs, 5968 complete and 0 interrupted iterations
default ✓ [ 100% ] 100 VUs  2m0s
