
         /\      Grafana   /‾‾/
    /\  /  \     |\  __   /  /
   /  \/    \    | |/ /  /   ‾‾\
  /          \   |   (  |  (‾)  |
 / __________ \  |_|\_\  \_____/


     execution: local
        script: /tmp/w2-cloudflare-entry-20260531/w2-cloudflare-status.js
        output: -

     scenarios: (100.00%) 1 scenario, 100 max VUs, 2m30s max duration (incl. graceful stop):
              * default: 100 looping VUs for 2m0s (gracefulStop: 30s)


running (0m00.9s), 100/100 VUs, 0 complete and 0 interrupted iterations
default   [   1% ] 100 VUs  0m00.9s/2m0s

running (0m01.9s), 100/100 VUs, 0 complete and 0 interrupted iterations
default   [   2% ] 100 VUs  0m01.9s/2m0s

running (0m02.9s), 100/100 VUs, 19 complete and 0 interrupted iterations
default   [   2% ] 100 VUs  0m02.9s/2m0s

running (0m03.9s), 100/100 VUs, 94 complete and 0 interrupted iterations
default   [   3% ] 100 VUs  0m03.9s/2m0s

running (0m04.9s), 100/100 VUs, 98 complete and 0 interrupted iterations
default   [   4% ] 100 VUs  0m04.9s/2m0s

running (0m05.9s), 100/100 VUs, 174 complete and 0 interrupted iterations
default   [   5% ] 100 VUs  0m05.9s/2m0s

running (0m06.9s), 100/100 VUs, 183 complete and 0 interrupted iterations
default   [   6% ] 100 VUs  0m06.9s/2m0s

running (0m07.9s), 100/100 VUs, 246 complete and 0 interrupted iterations
default   [   7% ] 100 VUs  0m07.9s/2m0s

running (0m08.9s), 100/100 VUs, 269 complete and 0 interrupted iterations
default   [   7% ] 100 VUs  0m08.9s/2m0s

running (0m09.9s), 100/100 VUs, 321 complete and 0 interrupted iterations
default   [   8% ] 100 VUs  0m09.9s/2m0s

running (0m10.9s), 100/100 VUs, 350 complete and 0 interrupted iterations
default   [   9% ] 100 VUs  0m10.9s/2m0s

running (0m11.9s), 100/100 VUs, 397 complete and 0 interrupted iterations
default   [  10% ] 100 VUs  0m11.9s/2m0s

running (0m12.9s), 100/100 VUs, 429 complete and 0 interrupted iterations
default   [  11% ] 100 VUs  0m12.9s/2m0s

running (0m13.9s), 100/100 VUs, 465 complete and 0 interrupted iterations
default   [  12% ] 100 VUs  0m13.9s/2m0s

running (0m14.9s), 100/100 VUs, 509 complete and 0 interrupted iterations
default   [  12% ] 100 VUs  0m14.9s/2m0s

running (0m16.0s), 100/100 VUs, 545 complete and 0 interrupted iterations
default   [  13% ] 100 VUs  0m16.0s/2m0s

running (0m16.9s), 100/100 VUs, 582 complete and 0 interrupted iterations
default   [  14% ] 100 VUs  0m16.9s/2m0s

running (0m17.9s), 100/100 VUs, 622 complete and 0 interrupted iterations
default   [  15% ] 100 VUs  0m17.9s/2m0s

running (0m18.9s), 100/100 VUs, 661 complete and 0 interrupted iterations
default   [  16% ] 100 VUs  0m18.9s/2m0s

running (0m19.9s), 100/100 VUs, 696 complete and 0 interrupted iterations
default   [  17% ] 100 VUs  0m19.9s/2m0s

running (0m20.9s), 100/100 VUs, 742 complete and 0 interrupted iterations
default   [  17% ] 100 VUs  0m20.9s/2m0s

running (0m21.9s), 100/100 VUs, 772 complete and 0 interrupted iterations
default   [  18% ] 100 VUs  0m21.9s/2m0s

running (0m22.9s), 100/100 VUs, 816 complete and 0 interrupted iterations
default   [  19% ] 100 VUs  0m22.9s/2m0s

running (0m23.9s), 100/100 VUs, 846 complete and 0 interrupted iterations
default   [  20% ] 100 VUs  0m23.9s/2m0s

running (0m24.9s), 100/100 VUs, 897 complete and 0 interrupted iterations
default   [  21% ] 100 VUs  0m24.9s/2m0s

running (0m25.9s), 100/100 VUs, 925 complete and 0 interrupted iterations
default   [  22% ] 100 VUs  0m25.9s/2m0s

running (0m26.9s), 100/100 VUs, 974 complete and 0 interrupted iterations
default   [  22% ] 100 VUs  0m26.9s/2m0s

running (0m27.9s), 100/100 VUs, 1007 complete and 0 interrupted iterations
default   [  23% ] 100 VUs  0m27.9s/2m0s

running (0m28.9s), 100/100 VUs, 1054 complete and 0 interrupted iterations
default   [  24% ] 100 VUs  0m28.9s/2m0s

running (0m29.9s), 100/100 VUs, 1093 complete and 0 interrupted iterations
default   [  25% ] 100 VUs  0m29.9s/2m0s

running (0m30.9s), 100/100 VUs, 1139 complete and 0 interrupted iterations
default   [  26% ] 100 VUs  0m30.9s/2m0s

running (0m31.9s), 100/100 VUs, 1175 complete and 0 interrupted iterations
default   [  27% ] 100 VUs  0m31.9s/2m0s

running (0m32.9s), 100/100 VUs, 1217 complete and 0 interrupted iterations
default   [  27% ] 100 VUs  0m32.9s/2m0s

running (0m33.9s), 100/100 VUs, 1255 complete and 0 interrupted iterations
default   [  28% ] 100 VUs  0m33.9s/2m0s

running (0m34.9s), 100/100 VUs, 1293 complete and 0 interrupted iterations
default   [  29% ] 100 VUs  0m34.9s/2m0s

running (0m35.9s), 100/100 VUs, 1333 complete and 0 interrupted iterations
default   [  30% ] 100 VUs  0m35.9s/2m0s

running (0m36.9s), 100/100 VUs, 1375 complete and 0 interrupted iterations
default   [  31% ] 100 VUs  0m36.9s/2m0s

running (0m37.9s), 100/100 VUs, 1417 complete and 0 interrupted iterations
default   [  32% ] 100 VUs  0m37.9s/2m0s

running (0m38.9s), 100/100 VUs, 1455 complete and 0 interrupted iterations
default   [  32% ] 100 VUs  0m38.9s/2m0s

running (0m39.9s), 100/100 VUs, 1498 complete and 0 interrupted iterations
default   [  33% ] 100 VUs  0m39.9s/2m0s

running (0m40.9s), 100/100 VUs, 1542 complete and 0 interrupted iterations
default   [  34% ] 100 VUs  0m40.9s/2m0s

running (0m41.9s), 100/100 VUs, 1579 complete and 0 interrupted iterations
default   [  35% ] 100 VUs  0m41.9s/2m0s

running (0m42.9s), 100/100 VUs, 1617 complete and 0 interrupted iterations
default   [  36% ] 100 VUs  0m42.9s/2m0s

running (0m43.9s), 100/100 VUs, 1666 complete and 0 interrupted iterations
default   [  37% ] 100 VUs  0m43.9s/2m0s

running (0m44.9s), 100/100 VUs, 1701 complete and 0 interrupted iterations
default   [  37% ] 100 VUs  0m44.9s/2m0s

running (0m45.9s), 100/100 VUs, 1746 complete and 0 interrupted iterations
default   [  38% ] 100 VUs  0m45.9s/2m0s

running (0m46.9s), 100/100 VUs, 1779 complete and 0 interrupted iterations
default   [  39% ] 100 VUs  0m46.9s/2m0s

running (0m47.9s), 100/100 VUs, 1816 complete and 0 interrupted iterations
default   [  40% ] 100 VUs  0m47.9s/2m0s

running (0m48.9s), 100/100 VUs, 1856 complete and 0 interrupted iterations
default   [  41% ] 100 VUs  0m48.9s/2m0s

running (0m49.9s), 100/100 VUs, 1892 complete and 0 interrupted iterations
default   [  42% ] 100 VUs  0m49.9s/2m0s

running (0m50.9s), 100/100 VUs, 1938 complete and 0 interrupted iterations
default   [  42% ] 100 VUs  0m50.9s/2m0s

running (0m51.9s), 100/100 VUs, 1966 complete and 0 interrupted iterations
default   [  43% ] 100 VUs  0m51.9s/2m0s

running (0m52.9s), 100/100 VUs, 2009 complete and 0 interrupted iterations
default   [  44% ] 100 VUs  0m52.9s/2m0s

running (0m53.9s), 100/100 VUs, 2042 complete and 0 interrupted iterations
default   [  45% ] 100 VUs  0m53.9s/2m0s

running (0m54.9s), 100/100 VUs, 2089 complete and 0 interrupted iterations
default   [  46% ] 100 VUs  0m54.9s/2m0s

running (0m55.9s), 100/100 VUs, 2124 complete and 0 interrupted iterations
default   [  47% ] 100 VUs  0m55.9s/2m0s

running (0m56.9s), 100/100 VUs, 2162 complete and 0 interrupted iterations
default   [  47% ] 100 VUs  0m56.9s/2m0s

running (0m57.9s), 100/100 VUs, 2202 complete and 0 interrupted iterations
default   [  48% ] 100 VUs  0m57.9s/2m0s

running (0m58.9s), 100/100 VUs, 2237 complete and 0 interrupted iterations
default   [  49% ] 100 VUs  0m58.9s/2m0s

running (0m59.9s), 100/100 VUs, 2274 complete and 0 interrupted iterations
default   [  50% ] 100 VUs  0m59.9s/2m0s

running (1m00.9s), 100/100 VUs, 2305 complete and 0 interrupted iterations
default   [  51% ] 100 VUs  1m00.9s/2m0s

running (1m01.9s), 100/100 VUs, 2347 complete and 0 interrupted iterations
default   [  52% ] 100 VUs  1m01.9s/2m0s

running (1m02.9s), 100/100 VUs, 2376 complete and 0 interrupted iterations
default   [  52% ] 100 VUs  1m02.9s/2m0s

running (1m03.9s), 100/100 VUs, 2421 complete and 0 interrupted iterations
default   [  53% ] 100 VUs  1m03.9s/2m0s

running (1m04.9s), 100/100 VUs, 2452 complete and 0 interrupted iterations
default   [  54% ] 100 VUs  1m04.9s/2m0s

running (1m05.9s), 100/100 VUs, 2491 complete and 0 interrupted iterations
default   [  55% ] 100 VUs  1m05.9s/2m0s

running (1m06.9s), 100/100 VUs, 2525 complete and 0 interrupted iterations
default   [  56% ] 100 VUs  1m06.9s/2m0s

running (1m07.9s), 100/100 VUs, 2561 complete and 0 interrupted iterations
default   [  57% ] 100 VUs  1m07.9s/2m0s

running (1m08.9s), 100/100 VUs, 2593 complete and 0 interrupted iterations
default   [  57% ] 100 VUs  1m08.9s/2m0s

running (1m09.9s), 100/100 VUs, 2630 complete and 0 interrupted iterations
default   [  58% ] 100 VUs  1m09.9s/2m0s

running (1m10.9s), 100/100 VUs, 2663 complete and 0 interrupted iterations
default   [  59% ] 100 VUs  1m10.9s/2m0s

running (1m11.9s), 100/100 VUs, 2702 complete and 0 interrupted iterations
default   [  60% ] 100 VUs  1m11.9s/2m0s

running (1m12.9s), 100/100 VUs, 2730 complete and 0 interrupted iterations
default   [  61% ] 100 VUs  1m12.9s/2m0s
time="2026-05-31T22:24:45+08:00" level=warning msg="Request Failed" error="Get \"https://pre-studio.miemie.co/api/video-studio/1e601897-62b8-4c91-a800-b0284eef0dfd\": request timeout"

running (1m13.9s), 100/100 VUs, 2779 complete and 0 interrupted iterations
default   [  62% ] 100 VUs  1m13.9s/2m0s

running (1m14.9s), 100/100 VUs, 2810 complete and 0 interrupted iterations
default   [  62% ] 100 VUs  1m14.9s/2m0s

running (1m15.9s), 100/100 VUs, 2859 complete and 0 interrupted iterations
default   [  63% ] 100 VUs  1m15.9s/2m0s

running (1m16.9s), 100/100 VUs, 2892 complete and 0 interrupted iterations
default   [  64% ] 100 VUs  1m16.9s/2m0s

running (1m17.9s), 100/100 VUs, 2931 complete and 0 interrupted iterations
default   [  65% ] 100 VUs  1m17.9s/2m0s

running (1m18.9s), 100/100 VUs, 2967 complete and 0 interrupted iterations
default   [  66% ] 100 VUs  1m18.9s/2m0s

running (1m19.9s), 100/100 VUs, 3011 complete and 0 interrupted iterations
default   [  67% ] 100 VUs  1m19.9s/2m0s

running (1m20.9s), 100/100 VUs, 3044 complete and 0 interrupted iterations
default   [  67% ] 100 VUs  1m20.9s/2m0s

running (1m21.9s), 100/100 VUs, 3088 complete and 0 interrupted iterations
default   [  68% ] 100 VUs  1m21.9s/2m0s

running (1m22.9s), 100/100 VUs, 3120 complete and 0 interrupted iterations
default   [  69% ] 100 VUs  1m22.9s/2m0s

running (1m23.9s), 100/100 VUs, 3166 complete and 0 interrupted iterations
default   [  70% ] 100 VUs  1m23.9s/2m0s
time="2026-05-31T22:24:57+08:00" level=warning msg="Request Failed" error="Get \"https://pre-studio.miemie.co/api/projects\": request timeout"

running (1m24.9s), 100/100 VUs, 3201 complete and 0 interrupted iterations
default   [  71% ] 100 VUs  1m24.9s/2m0s

running (1m25.9s), 100/100 VUs, 3241 complete and 0 interrupted iterations
default   [  72% ] 100 VUs  1m25.9s/2m0s

running (1m26.9s), 100/100 VUs, 3281 complete and 0 interrupted iterations
default   [  72% ] 100 VUs  1m26.9s/2m0s

running (1m27.9s), 100/100 VUs, 3315 complete and 0 interrupted iterations
default   [  73% ] 100 VUs  1m27.9s/2m0s

running (1m28.9s), 100/100 VUs, 3357 complete and 0 interrupted iterations
default   [  74% ] 100 VUs  1m28.9s/2m0s

running (1m29.9s), 100/100 VUs, 3391 complete and 0 interrupted iterations
default   [  75% ] 100 VUs  1m29.9s/2m0s

running (1m30.9s), 100/100 VUs, 3427 complete and 0 interrupted iterations
default   [  76% ] 100 VUs  1m30.9s/2m0s

running (1m31.9s), 100/100 VUs, 3465 complete and 0 interrupted iterations
default   [  77% ] 100 VUs  1m31.9s/2m0s

running (1m32.9s), 100/100 VUs, 3500 complete and 0 interrupted iterations
default   [  77% ] 100 VUs  1m32.9s/2m0s

running (1m33.9s), 100/100 VUs, 3531 complete and 0 interrupted iterations
default   [  78% ] 100 VUs  1m33.9s/2m0s

running (1m34.9s), 100/100 VUs, 3571 complete and 0 interrupted iterations
default   [  79% ] 100 VUs  1m34.9s/2m0s

running (1m35.9s), 100/100 VUs, 3604 complete and 0 interrupted iterations
default   [  80% ] 100 VUs  1m35.9s/2m0s

running (1m36.9s), 100/100 VUs, 3643 complete and 0 interrupted iterations
default   [  81% ] 100 VUs  1m36.9s/2m0s

running (1m37.9s), 100/100 VUs, 3680 complete and 0 interrupted iterations
default   [  82% ] 100 VUs  1m37.9s/2m0s

running (1m38.9s), 100/100 VUs, 3715 complete and 0 interrupted iterations
default   [  82% ] 100 VUs  1m38.9s/2m0s

running (1m39.9s), 100/100 VUs, 3757 complete and 0 interrupted iterations
default   [  83% ] 100 VUs  1m39.9s/2m0s
time="2026-05-31T22:25:13+08:00" level=warning msg="Request Failed" error="Get \"https://pre-studio.miemie.co/api/projects\": request timeout"

running (1m40.9s), 100/100 VUs, 3791 complete and 0 interrupted iterations
default   [  84% ] 100 VUs  1m40.9s/2m0s

running (1m41.9s), 100/100 VUs, 3826 complete and 0 interrupted iterations
default   [  85% ] 100 VUs  1m41.9s/2m0s

running (1m42.9s), 100/100 VUs, 3858 complete and 0 interrupted iterations
default   [  86% ] 100 VUs  1m42.9s/2m0s

running (1m44.0s), 100/100 VUs, 3902 complete and 0 interrupted iterations
default   [  87% ] 100 VUs  1m44.0s/2m0s

running (1m44.9s), 100/100 VUs, 3937 complete and 0 interrupted iterations
default   [  87% ] 100 VUs  1m44.9s/2m0s

running (1m45.9s), 100/100 VUs, 3973 complete and 0 interrupted iterations
default   [  88% ] 100 VUs  1m45.9s/2m0s

running (1m46.9s), 100/100 VUs, 4011 complete and 0 interrupted iterations
default   [  89% ] 100 VUs  1m46.9s/2m0s

running (1m47.9s), 100/100 VUs, 4039 complete and 0 interrupted iterations
default   [  90% ] 100 VUs  1m47.9s/2m0s
time="2026-05-31T22:25:21+08:00" level=warning msg="Request Failed" error="Get \"https://pre-studio.miemie.co/api/projects\": request timeout"

running (1m48.9s), 100/100 VUs, 4073 complete and 0 interrupted iterations
default   [  91% ] 100 VUs  1m48.9s/2m0s

running (1m49.9s), 100/100 VUs, 4112 complete and 0 interrupted iterations
default   [  92% ] 100 VUs  1m49.9s/2m0s

running (1m50.9s), 100/100 VUs, 4147 complete and 0 interrupted iterations
default   [  92% ] 100 VUs  1m50.9s/2m0s
time="2026-05-31T22:25:23+08:00" level=warning msg="Request Failed" error="Get \"https://pre-studio.miemie.co/api/video-studio?project_id=d8fc1f39-b90a-4552-b14a-ec401208551a\": request timeout"

running (1m51.9s), 100/100 VUs, 4182 complete and 0 interrupted iterations
default   [  93% ] 100 VUs  1m51.9s/2m0s
time="2026-05-31T22:25:25+08:00" level=warning msg="Request Failed" error="Get \"https://pre-studio.miemie.co/api/video-studio/1e601897-62b8-4c91-a800-b0284eef0dfd\": request timeout"

running (1m52.9s), 100/100 VUs, 4213 complete and 0 interrupted iterations
default   [  94% ] 100 VUs  1m52.9s/2m0s

running (1m53.9s), 100/100 VUs, 4255 complete and 0 interrupted iterations
default   [  95% ] 100 VUs  1m53.9s/2m0s

running (1m54.9s), 100/100 VUs, 4286 complete and 0 interrupted iterations
default   [  96% ] 100 VUs  1m54.9s/2m0s

running (1m55.9s), 100/100 VUs, 4326 complete and 0 interrupted iterations
default   [  97% ] 100 VUs  1m55.9s/2m0s

running (1m56.9s), 100/100 VUs, 4355 complete and 0 interrupted iterations
default   [  97% ] 100 VUs  1m56.9s/2m0s

running (1m57.9s), 100/100 VUs, 4394 complete and 0 interrupted iterations
default   [  98% ] 100 VUs  1m57.9s/2m0s

running (1m58.9s), 100/100 VUs, 4428 complete and 0 interrupted iterations
default   [  99% ] 100 VUs  1m58.9s/2m0s

running (1m59.9s), 100/100 VUs, 4462 complete and 0 interrupted iterations
default   [ 100% ] 100 VUs  1m59.9s/2m0s

running (2m00.9s), 074/100 VUs, 4491 complete and 0 interrupted iterations
default ↓ [ 100% ] 100 VUs  2m0s

running (2m01.9s), 040/100 VUs, 4525 complete and 0 interrupted iterations
default ↓ [ 100% ] 100 VUs  2m0s

running (2m02.9s), 026/100 VUs, 4539 complete and 0 interrupted iterations
default ↓ [ 100% ] 100 VUs  2m0s

running (2m03.9s), 021/100 VUs, 4544 complete and 0 interrupted iterations
default ↓ [ 100% ] 100 VUs  2m0s

running (2m04.9s), 020/100 VUs, 4545 complete and 0 interrupted iterations
default ↓ [ 100% ] 100 VUs  2m0s

running (2m05.9s), 018/100 VUs, 4547 complete and 0 interrupted iterations
default ↓ [ 100% ] 100 VUs  2m0s

running (2m06.9s), 018/100 VUs, 4547 complete and 0 interrupted iterations
default ↓ [ 100% ] 100 VUs  2m0s

running (2m07.9s), 017/100 VUs, 4548 complete and 0 interrupted iterations
default ↓ [ 100% ] 100 VUs  2m0s

running (2m08.9s), 016/100 VUs, 4549 complete and 0 interrupted iterations
default ↓ [ 100% ] 100 VUs  2m0s

running (2m09.9s), 013/100 VUs, 4552 complete and 0 interrupted iterations
default ↓ [ 100% ] 100 VUs  2m0s

running (2m10.9s), 013/100 VUs, 4552 complete and 0 interrupted iterations
default ↓ [ 100% ] 100 VUs  2m0s

running (2m11.9s), 011/100 VUs, 4554 complete and 0 interrupted iterations
default ↓ [ 100% ] 100 VUs  2m0s

running (2m12.9s), 011/100 VUs, 4554 complete and 0 interrupted iterations
default ↓ [ 100% ] 100 VUs  2m0s
time="2026-05-31T22:25:45+08:00" level=warning msg="Request Failed" error="Get \"https://pre-studio.miemie.co/api/projects\": request timeout"

running (2m13.9s), 011/100 VUs, 4554 complete and 0 interrupted iterations
default ↓ [ 100% ] 100 VUs  2m0s

running (2m14.9s), 011/100 VUs, 4554 complete and 0 interrupted iterations
default ↓ [ 100% ] 100 VUs  2m0s

running (2m15.9s), 009/100 VUs, 4556 complete and 0 interrupted iterations
default ↓ [ 100% ] 100 VUs  2m0s

running (2m16.9s), 008/100 VUs, 4557 complete and 0 interrupted iterations
default ↓ [ 100% ] 100 VUs  2m0s

running (2m17.9s), 008/100 VUs, 4557 complete and 0 interrupted iterations
default ↓ [ 100% ] 100 VUs  2m0s

running (2m18.9s), 007/100 VUs, 4558 complete and 0 interrupted iterations
default ↓ [ 100% ] 100 VUs  2m0s

running (2m19.9s), 007/100 VUs, 4558 complete and 0 interrupted iterations
default ↓ [ 100% ] 100 VUs  2m0s

running (2m20.9s), 007/100 VUs, 4558 complete and 0 interrupted iterations
default ↓ [ 100% ] 100 VUs  2m0s

running (2m21.9s), 007/100 VUs, 4558 complete and 0 interrupted iterations
default ↓ [ 100% ] 100 VUs  2m0s

running (2m22.9s), 007/100 VUs, 4558 complete and 0 interrupted iterations
default ↓ [ 100% ] 100 VUs  2m0s

running (2m23.9s), 007/100 VUs, 4558 complete and 0 interrupted iterations
default ↓ [ 100% ] 100 VUs  2m0s

running (2m24.9s), 007/100 VUs, 4558 complete and 0 interrupted iterations
default ↓ [ 100% ] 100 VUs  2m0s

running (2m25.9s), 007/100 VUs, 4558 complete and 0 interrupted iterations
default ↓ [ 100% ] 100 VUs  2m0s

running (2m26.9s), 007/100 VUs, 4558 complete and 0 interrupted iterations
default ↓ [ 100% ] 100 VUs  2m0s

running (2m27.9s), 007/100 VUs, 4558 complete and 0 interrupted iterations
default ↓ [ 100% ] 100 VUs  2m0s
time="2026-05-31T22:26:01+08:00" level=warning msg="Request Failed" error="Get \"https://pre-studio.miemie.co/api/video-studio/1e601897-62b8-4c91-a800-b0284eef0dfd/status\": request timeout"

running (2m28.9s), 007/100 VUs, 4558 complete and 0 interrupted iterations
default ↓ [ 100% ] 100 VUs  2m0s
time="2026-05-31T22:26:01+08:00" level=warning msg="Request Failed" error="Get \"https://pre-studio.miemie.co/api/video-studio?project_id=d8fc1f39-b90a-4552-b14a-ec401208551a\": request timeout"

running (2m29.9s), 007/100 VUs, 4558 complete and 0 interrupted iterations
default ↓ [ 100% ] 100 VUs  2m0s


  █ THRESHOLDS

    http_req_duration
    ✓ 'p(95)<300' p(95)=207.86ms

    http_req_failed
    ✓ 'rate<0.01' rate=0.04%


  █ TOTAL RESULTS

    checks_total.......: 54741  364.938339/s
    checks_succeeded...: 99.95% 54714 out of 54741
    checks_failed......: 0.04%  27 out of 54741

    ✗ query status acceptable
      ↳  99% — ✓ 18238 / ✗ 9
    ✗ query has request id
      ↳  99% — ✓ 18238 / ✗ 9
    ✗ query has deployment version
      ↳  99% — ✓ 18238 / ✗ 9

    HTTP
    http_req_duration..............: avg=167.99ms min=11.5ms med=19.61ms max=1m0s   p(90)=120.76ms p(95)=207.86ms p(99)=2.55s
      { expected_response:true }...: avg=138.46ms min=11.5ms med=19.61ms max=53.07s p(90)=120.29ms p(95)=207ms    p(99)=2.4s
    http_req_failed................: 0.04%  9 out of 18247
    http_reqs......................: 18247  121.646113/s

    EXECUTION
    iteration_duration.............: avg=2.65s    min=2.05s  med=2.08s   max=1m2s   p(90)=2.9s     p(95)=3.87s    p(99)=11.5s
    iterations.....................: 4558   30.386528/s
    vus............................: 7      min=7          max=100
    vus_max........................: 100    min=100        max=100

    NETWORK
    data_received..................: 49 MB  328 kB/s
    data_sent......................: 1.4 MB 9.2 kB/s




running (2m30.0s), 000/100 VUs, 4558 complete and 7 interrupted iterations
default ✓ [ 100% ] 100 VUs  2m0s
