
         /\      Grafana   /‾‾/
    /\  /  \     |\  __   /  /
   /  \/    \    | |/ /  /   ‾‾\
  /          \   |   (  |  (‾)  |
 / __________ \  |_|\_\  \_____/


     execution: local
        script: /tmp/w2-link-comparison-20260530/w2-status-hosts.js
        output: -

     scenarios: (100.00%) 1 scenario, 100 max VUs, 2m30s max duration (incl. graceful stop):
              * default: 100 looping VUs for 2m0s (gracefulStop: 30s)


running (0m00.9s), 100/100 VUs, 0 complete and 0 interrupted iterations
default   [   1% ] 100 VUs  0m00.9s/2m0s

running (0m01.9s), 100/100 VUs, 0 complete and 0 interrupted iterations
default   [   2% ] 100 VUs  0m01.9s/2m0s

running (0m02.9s), 100/100 VUs, 100 complete and 0 interrupted iterations
default   [   2% ] 100 VUs  0m02.9s/2m0s

running (0m03.9s), 100/100 VUs, 100 complete and 0 interrupted iterations
default   [   3% ] 100 VUs  0m03.9s/2m0s

running (0m04.9s), 100/100 VUs, 141 complete and 0 interrupted iterations
default   [   4% ] 100 VUs  0m04.9s/2m0s

running (0m05.9s), 100/100 VUs, 200 complete and 0 interrupted iterations
default   [   5% ] 100 VUs  0m05.9s/2m0s

running (0m06.9s), 100/100 VUs, 237 complete and 0 interrupted iterations
default   [   6% ] 100 VUs  0m06.9s/2m0s

running (0m07.9s), 100/100 VUs, 300 complete and 0 interrupted iterations
default   [   7% ] 100 VUs  0m07.9s/2m0s

running (0m08.9s), 100/100 VUs, 336 complete and 0 interrupted iterations
default   [   7% ] 100 VUs  0m08.9s/2m0s

running (0m09.9s), 100/100 VUs, 400 complete and 0 interrupted iterations
default   [   8% ] 100 VUs  0m09.9s/2m0s

running (0m10.9s), 100/100 VUs, 433 complete and 0 interrupted iterations
default   [   9% ] 100 VUs  0m10.9s/2m0s

running (0m11.9s), 100/100 VUs, 500 complete and 0 interrupted iterations
default   [  10% ] 100 VUs  0m11.9s/2m0s

running (0m12.9s), 100/100 VUs, 528 complete and 0 interrupted iterations
default   [  11% ] 100 VUs  0m12.9s/2m0s

running (0m13.9s), 100/100 VUs, 600 complete and 0 interrupted iterations
default   [  12% ] 100 VUs  0m13.9s/2m0s

running (0m14.9s), 100/100 VUs, 628 complete and 0 interrupted iterations
default   [  12% ] 100 VUs  0m14.9s/2m0s

running (0m15.9s), 100/100 VUs, 700 complete and 0 interrupted iterations
default   [  13% ] 100 VUs  0m15.9s/2m0s

running (0m16.9s), 100/100 VUs, 726 complete and 0 interrupted iterations
default   [  14% ] 100 VUs  0m16.9s/2m0s

running (0m17.9s), 100/100 VUs, 800 complete and 0 interrupted iterations
default   [  15% ] 100 VUs  0m17.9s/2m0s

running (0m18.9s), 100/100 VUs, 824 complete and 0 interrupted iterations
default   [  16% ] 100 VUs  0m18.9s/2m0s

running (0m19.9s), 100/100 VUs, 900 complete and 0 interrupted iterations
default   [  17% ] 100 VUs  0m19.9s/2m0s

running (0m20.9s), 100/100 VUs, 923 complete and 0 interrupted iterations
default   [  17% ] 100 VUs  0m20.9s/2m0s

running (0m21.9s), 100/100 VUs, 1000 complete and 0 interrupted iterations
default   [  18% ] 100 VUs  0m21.9s/2m0s

running (0m22.9s), 100/100 VUs, 1020 complete and 0 interrupted iterations
default   [  19% ] 100 VUs  0m22.9s/2m0s

running (0m23.9s), 100/100 VUs, 1100 complete and 0 interrupted iterations
default   [  20% ] 100 VUs  0m23.9s/2m0s

running (0m24.9s), 100/100 VUs, 1119 complete and 0 interrupted iterations
default   [  21% ] 100 VUs  0m24.9s/2m0s

running (0m25.9s), 100/100 VUs, 1200 complete and 0 interrupted iterations
default   [  22% ] 100 VUs  0m25.9s/2m0s

running (0m26.9s), 100/100 VUs, 1217 complete and 0 interrupted iterations
default   [  22% ] 100 VUs  0m26.9s/2m0s

running (0m27.9s), 100/100 VUs, 1300 complete and 0 interrupted iterations
default   [  23% ] 100 VUs  0m27.9s/2m0s

running (0m28.9s), 100/100 VUs, 1316 complete and 0 interrupted iterations
default   [  24% ] 100 VUs  0m28.9s/2m0s

running (0m29.9s), 100/100 VUs, 1400 complete and 0 interrupted iterations
default   [  25% ] 100 VUs  0m29.9s/2m0s

running (0m30.9s), 100/100 VUs, 1416 complete and 0 interrupted iterations
default   [  26% ] 100 VUs  0m30.9s/2m0s

running (0m31.9s), 100/100 VUs, 1500 complete and 0 interrupted iterations
default   [  27% ] 100 VUs  0m31.9s/2m0s

running (0m32.9s), 100/100 VUs, 1515 complete and 0 interrupted iterations
default   [  27% ] 100 VUs  0m32.9s/2m0s

running (0m33.9s), 100/100 VUs, 1600 complete and 0 interrupted iterations
default   [  28% ] 100 VUs  0m33.9s/2m0s

running (0m34.9s), 100/100 VUs, 1614 complete and 0 interrupted iterations
default   [  29% ] 100 VUs  0m34.9s/2m0s

running (0m35.9s), 100/100 VUs, 1698 complete and 0 interrupted iterations
default   [  30% ] 100 VUs  0m35.9s/2m0s

running (0m36.9s), 100/100 VUs, 1710 complete and 0 interrupted iterations
default   [  31% ] 100 VUs  0m36.9s/2m0s

running (0m37.9s), 100/100 VUs, 1796 complete and 0 interrupted iterations
default   [  32% ] 100 VUs  0m37.9s/2m0s

running (0m38.9s), 100/100 VUs, 1809 complete and 0 interrupted iterations
default   [  32% ] 100 VUs  0m38.9s/2m0s

running (0m39.9s), 100/100 VUs, 1894 complete and 0 interrupted iterations
default   [  33% ] 100 VUs  0m39.9s/2m0s

running (0m40.9s), 100/100 VUs, 1909 complete and 0 interrupted iterations
default   [  34% ] 100 VUs  0m40.9s/2m0s

running (0m41.9s), 100/100 VUs, 1991 complete and 0 interrupted iterations
default   [  35% ] 100 VUs  0m41.9s/2m0s

running (0m42.9s), 100/100 VUs, 2009 complete and 0 interrupted iterations
default   [  36% ] 100 VUs  0m42.9s/2m0s

running (0m43.9s), 100/100 VUs, 2088 complete and 0 interrupted iterations
default   [  37% ] 100 VUs  0m43.9s/2m0s

running (0m44.9s), 100/100 VUs, 2109 complete and 0 interrupted iterations
default   [  37% ] 100 VUs  0m44.9s/2m0s

running (0m46.0s), 100/100 VUs, 2188 complete and 0 interrupted iterations
default   [  38% ] 100 VUs  0m46.0s/2m0s

running (0m46.9s), 100/100 VUs, 2209 complete and 0 interrupted iterations
default   [  39% ] 100 VUs  0m46.9s/2m0s

running (0m47.9s), 100/100 VUs, 2281 complete and 0 interrupted iterations
default   [  40% ] 100 VUs  0m47.9s/2m0s

running (0m48.9s), 100/100 VUs, 2307 complete and 0 interrupted iterations
default   [  41% ] 100 VUs  0m48.9s/2m0s

running (0m49.9s), 100/100 VUs, 2380 complete and 0 interrupted iterations
default   [  42% ] 100 VUs  0m49.9s/2m0s

running (0m50.9s), 100/100 VUs, 2406 complete and 0 interrupted iterations
default   [  42% ] 100 VUs  0m50.9s/2m0s

running (0m51.9s), 100/100 VUs, 2480 complete and 0 interrupted iterations
default   [  43% ] 100 VUs  0m51.9s/2m0s

running (0m52.9s), 100/100 VUs, 2506 complete and 0 interrupted iterations
default   [  44% ] 100 VUs  0m52.9s/2m0s

running (0m53.9s), 100/100 VUs, 2579 complete and 0 interrupted iterations
default   [  45% ] 100 VUs  0m53.9s/2m0s

running (0m54.9s), 100/100 VUs, 2604 complete and 0 interrupted iterations
default   [  46% ] 100 VUs  0m54.9s/2m0s

running (0m55.9s), 100/100 VUs, 2679 complete and 0 interrupted iterations
default   [  47% ] 100 VUs  0m55.9s/2m0s

running (0m56.9s), 100/100 VUs, 2704 complete and 0 interrupted iterations
default   [  47% ] 100 VUs  0m56.9s/2m0s

running (0m57.9s), 100/100 VUs, 2779 complete and 0 interrupted iterations
default   [  48% ] 100 VUs  0m57.9s/2m0s

running (0m58.9s), 100/100 VUs, 2803 complete and 0 interrupted iterations
default   [  49% ] 100 VUs  0m58.9s/2m0s

running (0m59.9s), 100/100 VUs, 2874 complete and 0 interrupted iterations
default   [  50% ] 100 VUs  0m59.9s/2m0s

running (1m00.9s), 100/100 VUs, 2903 complete and 0 interrupted iterations
default   [  51% ] 100 VUs  1m00.9s/2m0s

running (1m01.9s), 100/100 VUs, 2972 complete and 0 interrupted iterations
default   [  52% ] 100 VUs  1m01.9s/2m0s

running (1m02.9s), 100/100 VUs, 3003 complete and 0 interrupted iterations
default   [  52% ] 100 VUs  1m02.9s/2m0s

running (1m03.9s), 100/100 VUs, 3071 complete and 0 interrupted iterations
default   [  53% ] 100 VUs  1m03.9s/2m0s

running (1m04.9s), 100/100 VUs, 3102 complete and 0 interrupted iterations
default   [  54% ] 100 VUs  1m04.9s/2m0s

running (1m05.9s), 100/100 VUs, 3170 complete and 0 interrupted iterations
default   [  55% ] 100 VUs  1m05.9s/2m0s

running (1m06.9s), 100/100 VUs, 3202 complete and 0 interrupted iterations
default   [  56% ] 100 VUs  1m06.9s/2m0s

running (1m07.9s), 100/100 VUs, 3268 complete and 0 interrupted iterations
default   [  57% ] 100 VUs  1m07.9s/2m0s

running (1m08.9s), 100/100 VUs, 3302 complete and 0 interrupted iterations
default   [  57% ] 100 VUs  1m08.9s/2m0s

running (1m09.9s), 100/100 VUs, 3368 complete and 0 interrupted iterations
default   [  58% ] 100 VUs  1m09.9s/2m0s

running (1m10.9s), 100/100 VUs, 3402 complete and 0 interrupted iterations
default   [  59% ] 100 VUs  1m10.9s/2m0s

running (1m11.9s), 100/100 VUs, 3467 complete and 0 interrupted iterations
default   [  60% ] 100 VUs  1m11.9s/2m0s

running (1m12.9s), 100/100 VUs, 3502 complete and 0 interrupted iterations
default   [  61% ] 100 VUs  1m12.9s/2m0s

running (1m13.9s), 100/100 VUs, 3564 complete and 0 interrupted iterations
default   [  62% ] 100 VUs  1m13.9s/2m0s

running (1m14.9s), 100/100 VUs, 3601 complete and 0 interrupted iterations
default   [  62% ] 100 VUs  1m14.9s/2m0s

running (1m15.9s), 100/100 VUs, 3663 complete and 0 interrupted iterations
default   [  63% ] 100 VUs  1m15.9s/2m0s

running (1m16.9s), 100/100 VUs, 3701 complete and 0 interrupted iterations
default   [  64% ] 100 VUs  1m16.9s/2m0s

running (1m17.9s), 100/100 VUs, 3762 complete and 0 interrupted iterations
default   [  65% ] 100 VUs  1m17.9s/2m0s

running (1m18.9s), 100/100 VUs, 3801 complete and 0 interrupted iterations
default   [  66% ] 100 VUs  1m18.9s/2m0s

running (1m19.9s), 100/100 VUs, 3861 complete and 0 interrupted iterations
default   [  67% ] 100 VUs  1m19.9s/2m0s

running (1m20.9s), 100/100 VUs, 3901 complete and 0 interrupted iterations
default   [  67% ] 100 VUs  1m20.9s/2m0s

running (1m21.9s), 100/100 VUs, 3961 complete and 0 interrupted iterations
default   [  68% ] 100 VUs  1m21.9s/2m0s

running (1m22.9s), 100/100 VUs, 4001 complete and 0 interrupted iterations
default   [  69% ] 100 VUs  1m22.9s/2m0s

running (1m23.9s), 100/100 VUs, 4061 complete and 0 interrupted iterations
default   [  70% ] 100 VUs  1m23.9s/2m0s

running (1m24.9s), 100/100 VUs, 4101 complete and 0 interrupted iterations
default   [  71% ] 100 VUs  1m24.9s/2m0s

running (1m25.9s), 100/100 VUs, 4158 complete and 0 interrupted iterations
default   [  72% ] 100 VUs  1m25.9s/2m0s

running (1m26.9s), 100/100 VUs, 4201 complete and 0 interrupted iterations
default   [  72% ] 100 VUs  1m26.9s/2m0s

running (1m27.9s), 100/100 VUs, 4256 complete and 0 interrupted iterations
default   [  73% ] 100 VUs  1m27.9s/2m0s

running (1m28.9s), 100/100 VUs, 4300 complete and 0 interrupted iterations
default   [  74% ] 100 VUs  1m28.9s/2m0s

running (1m29.9s), 100/100 VUs, 4354 complete and 0 interrupted iterations
default   [  75% ] 100 VUs  1m29.9s/2m0s

running (1m30.9s), 100/100 VUs, 4400 complete and 0 interrupted iterations
default   [  76% ] 100 VUs  1m30.9s/2m0s

running (1m31.9s), 100/100 VUs, 4450 complete and 0 interrupted iterations
default   [  77% ] 100 VUs  1m31.9s/2m0s

running (1m32.9s), 100/100 VUs, 4500 complete and 0 interrupted iterations
default   [  77% ] 100 VUs  1m32.9s/2m0s

running (1m33.9s), 100/100 VUs, 4550 complete and 0 interrupted iterations
default   [  78% ] 100 VUs  1m33.9s/2m0s

running (1m34.9s), 100/100 VUs, 4600 complete and 0 interrupted iterations
default   [  79% ] 100 VUs  1m34.9s/2m0s

running (1m35.9s), 100/100 VUs, 4650 complete and 0 interrupted iterations
default   [  80% ] 100 VUs  1m35.9s/2m0s

running (1m36.9s), 100/100 VUs, 4700 complete and 0 interrupted iterations
default   [  81% ] 100 VUs  1m36.9s/2m0s

running (1m37.9s), 100/100 VUs, 4750 complete and 0 interrupted iterations
default   [  82% ] 100 VUs  1m37.9s/2m0s

running (1m38.9s), 100/100 VUs, 4800 complete and 0 interrupted iterations
default   [  82% ] 100 VUs  1m38.9s/2m0s

running (1m39.9s), 100/100 VUs, 4850 complete and 0 interrupted iterations
default   [  83% ] 100 VUs  1m39.9s/2m0s

running (1m40.9s), 100/100 VUs, 4900 complete and 0 interrupted iterations
default   [  84% ] 100 VUs  1m40.9s/2m0s

running (1m41.9s), 100/100 VUs, 4950 complete and 0 interrupted iterations
default   [  85% ] 100 VUs  1m41.9s/2m0s

running (1m42.9s), 100/100 VUs, 5000 complete and 0 interrupted iterations
default   [  86% ] 100 VUs  1m42.9s/2m0s

running (1m43.9s), 100/100 VUs, 5049 complete and 0 interrupted iterations
default   [  87% ] 100 VUs  1m43.9s/2m0s

running (1m44.9s), 100/100 VUs, 5100 complete and 0 interrupted iterations
default   [  87% ] 100 VUs  1m44.9s/2m0s

running (1m45.9s), 100/100 VUs, 5149 complete and 0 interrupted iterations
default   [  88% ] 100 VUs  1m45.9s/2m0s

running (1m46.9s), 100/100 VUs, 5200 complete and 0 interrupted iterations
default   [  89% ] 100 VUs  1m46.9s/2m0s

running (1m47.9s), 100/100 VUs, 5247 complete and 0 interrupted iterations
default   [  90% ] 100 VUs  1m47.9s/2m0s

running (1m48.9s), 100/100 VUs, 5300 complete and 0 interrupted iterations
default   [  91% ] 100 VUs  1m48.9s/2m0s

running (1m49.9s), 100/100 VUs, 5343 complete and 0 interrupted iterations
default   [  92% ] 100 VUs  1m49.9s/2m0s

running (1m50.9s), 100/100 VUs, 5400 complete and 0 interrupted iterations
default   [  92% ] 100 VUs  1m50.9s/2m0s

running (1m51.9s), 100/100 VUs, 5441 complete and 0 interrupted iterations
default   [  93% ] 100 VUs  1m51.9s/2m0s

running (1m52.9s), 100/100 VUs, 5500 complete and 0 interrupted iterations
default   [  94% ] 100 VUs  1m52.9s/2m0s

running (1m53.9s), 100/100 VUs, 5541 complete and 0 interrupted iterations
default   [  95% ] 100 VUs  1m53.9s/2m0s

running (1m54.9s), 100/100 VUs, 5600 complete and 0 interrupted iterations
default   [  96% ] 100 VUs  1m54.9s/2m0s

running (1m55.9s), 100/100 VUs, 5641 complete and 0 interrupted iterations
default   [  97% ] 100 VUs  1m55.9s/2m0s

running (1m56.9s), 100/100 VUs, 5700 complete and 0 interrupted iterations
default   [  97% ] 100 VUs  1m56.9s/2m0s

running (1m57.9s), 100/100 VUs, 5739 complete and 0 interrupted iterations
default   [  98% ] 100 VUs  1m57.9s/2m0s

running (1m58.9s), 100/100 VUs, 5800 complete and 0 interrupted iterations
default   [  99% ] 100 VUs  1m58.9s/2m0s

running (1m59.9s), 100/100 VUs, 5838 complete and 0 interrupted iterations
default   [ 100% ] 100 VUs  1m59.9s/2m0s

running (2m00.9s), 041/100 VUs, 5900 complete and 0 interrupted iterations
default ↓ [ 100% ] 100 VUs  2m0s

running (2m01.9s), 003/100 VUs, 5938 complete and 0 interrupted iterations
default ↓ [ 100% ] 100 VUs  2m0s


  █ THRESHOLDS

    http_req_duration
    ✓ 'p(95)<800' p(95)=22.66ms

    http_req_failed
    ✓ 'rate<0.01' rate=0.00%


  █ TOTAL RESULTS

    checks_total.......: 71292   584.398111/s
    checks_succeeded...: 100.00% 71292 out of 71292
    checks_failed......: 0.00%   0 out of 71292

    ✓ query status acceptable
    ✓ query has request id
    ✓ query has deployment version

    HTTP
    http_req_duration..............: avg=8.53ms min=1.41ms med=3.19ms max=432.32ms p(90)=10.16ms p(95)=22.66ms p(99)=155.83ms
      { expected_response:true }...: avg=8.53ms min=1.41ms med=3.19ms max=432.32ms p(90)=10.16ms p(95)=22.66ms p(99)=155.83ms
    http_req_failed................: 0.00%  0 out of 23764
    http_reqs......................: 23764  194.79937/s

    EXECUTION
    iteration_duration.............: avg=2.03s  min=2s     med=2.01s  max=2.62s    p(90)=2.03s   p(95)=2.09s   p(99)=2.54s
    iterations.....................: 5941   48.699843/s
    vus............................: 3      min=3          max=100
    vus_max........................: 100    min=100        max=100

    NETWORK
    data_received..................: 60 MB  491 kB/s
    data_sent......................: 7.6 MB 63 kB/s




running (2m02.0s), 000/100 VUs, 5941 complete and 0 interrupted iterations
default ✓ [ 100% ] 100 VUs  2m0s
