
         /\      Grafana   /‾‾/
    /\  /  \     |\  __   /  /
   /  \/    \    | |/ /  /   ‾‾\
  /          \   |   (  |  (‾)  |
 / __________ \  |_|\_\  \_____/


     execution: local
        script: /tmp/w2-link-comparison-20260530/w2-status-hosts.js
        output: -

     scenarios: (100.00%) 1 scenario, 100 max VUs, 2m30s max duration (incl. graceful stop):
              * default: 100 looping VUs for 2m0s (gracefulStop: 30s)


running (0m00.9s), 100/100 VUs, 0 complete and 0 interrupted iterations
default   [   1% ] 100 VUs  0m00.9s/2m0s

running (0m02.0s), 100/100 VUs, 0 complete and 0 interrupted iterations
default   [   2% ] 100 VUs  0m02.0s/2m0s

running (0m03.0s), 100/100 VUs, 35 complete and 0 interrupted iterations
default   [   2% ] 100 VUs  0m03.0s/2m0s

running (0m04.0s), 100/100 VUs, 87 complete and 0 interrupted iterations
default   [   3% ] 100 VUs  0m04.0s/2m0s

running (0m05.0s), 100/100 VUs, 105 complete and 0 interrupted iterations
default   [   4% ] 100 VUs  0m05.0s/2m0s

running (0m05.9s), 100/100 VUs, 151 complete and 0 interrupted iterations
default   [   5% ] 100 VUs  0m05.9s/2m0s

running (0m06.9s), 100/100 VUs, 167 complete and 0 interrupted iterations
default   [   6% ] 100 VUs  0m06.9s/2m0s

running (0m08.0s), 100/100 VUs, 229 complete and 0 interrupted iterations
default   [   7% ] 100 VUs  0m08.0s/2m0s

running (0m09.0s), 100/100 VUs, 244 complete and 0 interrupted iterations
default   [   7% ] 100 VUs  0m09.0s/2m0s

running (0m10.0s), 100/100 VUs, 305 complete and 0 interrupted iterations
default   [   8% ] 100 VUs  0m10.0s/2m0s

running (0m10.9s), 100/100 VUs, 324 complete and 0 interrupted iterations
default   [   9% ] 100 VUs  0m10.9s/2m0s

running (0m11.9s), 100/100 VUs, 384 complete and 0 interrupted iterations
default   [  10% ] 100 VUs  0m11.9s/2m0s

running (0m13.0s), 100/100 VUs, 405 complete and 0 interrupted iterations
default   [  11% ] 100 VUs  0m13.0s/2m0s

running (0m14.0s), 100/100 VUs, 455 complete and 0 interrupted iterations
default   [  12% ] 100 VUs  0m14.0s/2m0s

running (0m15.0s), 100/100 VUs, 485 complete and 0 interrupted iterations
default   [  12% ] 100 VUs  0m15.0s/2m0s

running (0m16.0s), 100/100 VUs, 534 complete and 0 interrupted iterations
default   [  13% ] 100 VUs  0m16.0s/2m0s

running (0m17.0s), 100/100 VUs, 557 complete and 0 interrupted iterations
default   [  14% ] 100 VUs  0m17.0s/2m0s

running (0m18.0s), 100/100 VUs, 604 complete and 0 interrupted iterations
default   [  15% ] 100 VUs  0m18.0s/2m0s

running (0m19.0s), 100/100 VUs, 637 complete and 0 interrupted iterations
default   [  16% ] 100 VUs  0m19.0s/2m0s

running (0m19.9s), 100/100 VUs, 676 complete and 0 interrupted iterations
default   [  17% ] 100 VUs  0m19.9s/2m0s

running (0m20.9s), 100/100 VUs, 713 complete and 0 interrupted iterations
default   [  17% ] 100 VUs  0m20.9s/2m0s

running (0m22.0s), 100/100 VUs, 746 complete and 0 interrupted iterations
default   [  18% ] 100 VUs  0m22.0s/2m0s

running (0m23.0s), 100/100 VUs, 788 complete and 0 interrupted iterations
default   [  19% ] 100 VUs  0m23.0s/2m0s

running (0m24.0s), 100/100 VUs, 821 complete and 0 interrupted iterations
default   [  20% ] 100 VUs  0m24.0s/2m0s

running (0m25.0s), 100/100 VUs, 862 complete and 0 interrupted iterations
default   [  21% ] 100 VUs  0m25.0s/2m0s

running (0m26.0s), 100/100 VUs, 893 complete and 0 interrupted iterations
default   [  22% ] 100 VUs  0m26.0s/2m0s

running (0m27.0s), 100/100 VUs, 938 complete and 0 interrupted iterations
default   [  22% ] 100 VUs  0m27.0s/2m0s

running (0m27.9s), 100/100 VUs, 961 complete and 0 interrupted iterations
default   [  23% ] 100 VUs  0m27.9s/2m0s

running (0m29.0s), 100/100 VUs, 1004 complete and 0 interrupted iterations
default   [  24% ] 100 VUs  0m29.0s/2m0s

running (0m30.0s), 100/100 VUs, 1040 complete and 0 interrupted iterations
default   [  25% ] 100 VUs  0m30.0s/2m0s

running (0m30.9s), 100/100 VUs, 1071 complete and 0 interrupted iterations
default   [  26% ] 100 VUs  0m30.9s/2m0s

running (0m32.0s), 100/100 VUs, 1109 complete and 0 interrupted iterations
default   [  27% ] 100 VUs  0m32.0s/2m0s

running (0m33.0s), 100/100 VUs, 1146 complete and 0 interrupted iterations
default   [  27% ] 100 VUs  0m33.0s/2m0s

running (0m34.0s), 100/100 VUs, 1171 complete and 0 interrupted iterations
default   [  28% ] 100 VUs  0m34.0s/2m0s

running (0m35.0s), 100/100 VUs, 1220 complete and 0 interrupted iterations
default   [  29% ] 100 VUs  0m35.0s/2m0s

running (0m36.0s), 100/100 VUs, 1249 complete and 0 interrupted iterations
default   [  30% ] 100 VUs  0m36.0s/2m0s

running (0m37.0s), 100/100 VUs, 1293 complete and 0 interrupted iterations
default   [  31% ] 100 VUs  0m37.0s/2m0s

running (0m38.0s), 100/100 VUs, 1322 complete and 0 interrupted iterations
default   [  32% ] 100 VUs  0m38.0s/2m0s

running (0m38.9s), 100/100 VUs, 1372 complete and 0 interrupted iterations
default   [  32% ] 100 VUs  0m38.9s/2m0s

running (0m40.0s), 100/100 VUs, 1405 complete and 0 interrupted iterations
default   [  33% ] 100 VUs  0m39.9s/2m0s

running (0m40.9s), 100/100 VUs, 1439 complete and 0 interrupted iterations
default   [  34% ] 100 VUs  0m40.9s/2m0s

running (0m41.9s), 100/100 VUs, 1484 complete and 0 interrupted iterations
default   [  35% ] 100 VUs  0m41.9s/2m0s

running (0m43.0s), 100/100 VUs, 1519 complete and 0 interrupted iterations
default   [  36% ] 100 VUs  0m43.0s/2m0s

running (0m44.0s), 100/100 VUs, 1562 complete and 0 interrupted iterations
default   [  37% ] 100 VUs  0m44.0s/2m0s

running (0m45.0s), 100/100 VUs, 1604 complete and 0 interrupted iterations
default   [  37% ] 100 VUs  0m45.0s/2m0s

running (0m46.0s), 100/100 VUs, 1638 complete and 0 interrupted iterations
default   [  38% ] 100 VUs  0m46.0s/2m0s

running (0m47.0s), 100/100 VUs, 1672 complete and 0 interrupted iterations
default   [  39% ] 100 VUs  0m46.9s/2m0s

running (0m48.0s), 100/100 VUs, 1716 complete and 0 interrupted iterations
default   [  40% ] 100 VUs  0m48.0s/2m0s

running (0m48.9s), 100/100 VUs, 1747 complete and 0 interrupted iterations
default   [  41% ] 100 VUs  0m48.9s/2m0s

running (0m50.0s), 100/100 VUs, 1783 complete and 0 interrupted iterations
default   [  42% ] 100 VUs  0m50.0s/2m0s

running (0m51.0s), 100/100 VUs, 1822 complete and 0 interrupted iterations
default   [  42% ] 100 VUs  0m51.0s/2m0s

running (0m52.0s), 100/100 VUs, 1850 complete and 0 interrupted iterations
default   [  43% ] 100 VUs  0m52.0s/2m0s

running (0m53.0s), 100/100 VUs, 1892 complete and 0 interrupted iterations
default   [  44% ] 100 VUs  0m53.0s/2m0s

running (0m54.0s), 100/100 VUs, 1926 complete and 0 interrupted iterations
default   [  45% ] 100 VUs  0m54.0s/2m0s

running (0m55.0s), 100/100 VUs, 1961 complete and 0 interrupted iterations
default   [  46% ] 100 VUs  0m55.0s/2m0s

running (0m56.0s), 100/100 VUs, 1997 complete and 0 interrupted iterations
default   [  47% ] 100 VUs  0m56.0s/2m0s

running (0m57.0s), 100/100 VUs, 2039 complete and 0 interrupted iterations
default   [  47% ] 100 VUs  0m57.0s/2m0s

running (0m58.0s), 100/100 VUs, 2072 complete and 0 interrupted iterations
default   [  48% ] 100 VUs  0m58.0s/2m0s

running (0m59.0s), 100/100 VUs, 2115 complete and 0 interrupted iterations
default   [  49% ] 100 VUs  0m59.0s/2m0s

running (1m00.0s), 100/100 VUs, 2153 complete and 0 interrupted iterations
default   [  50% ] 100 VUs  1m00.0s/2m0s

running (1m01.0s), 100/100 VUs, 2192 complete and 0 interrupted iterations
default   [  51% ] 100 VUs  1m01.0s/2m0s

running (1m01.9s), 100/100 VUs, 2228 complete and 0 interrupted iterations
default   [  52% ] 100 VUs  1m01.9s/2m0s

running (1m03.0s), 100/100 VUs, 2266 complete and 0 interrupted iterations
default   [  52% ] 100 VUs  1m03.0s/2m0s

running (1m03.9s), 100/100 VUs, 2305 complete and 0 interrupted iterations
default   [  53% ] 100 VUs  1m03.9s/2m0s

running (1m05.0s), 100/100 VUs, 2337 complete and 0 interrupted iterations
default   [  54% ] 100 VUs  1m05.0s/2m0s

running (1m06.0s), 100/100 VUs, 2376 complete and 0 interrupted iterations
default   [  55% ] 100 VUs  1m06.0s/2m0s

running (1m07.0s), 100/100 VUs, 2405 complete and 0 interrupted iterations
default   [  56% ] 100 VUs  1m07.0s/2m0s

running (1m08.0s), 100/100 VUs, 2445 complete and 0 interrupted iterations
default   [  57% ] 100 VUs  1m08.0s/2m0s

running (1m09.0s), 100/100 VUs, 2479 complete and 0 interrupted iterations
default   [  57% ] 100 VUs  1m09.0s/2m0s

running (1m10.0s), 100/100 VUs, 2507 complete and 0 interrupted iterations
default   [  58% ] 100 VUs  1m10.0s/2m0s

running (1m10.9s), 100/100 VUs, 2544 complete and 0 interrupted iterations
default   [  59% ] 100 VUs  1m10.9s/2m0s

running (1m12.0s), 100/100 VUs, 2581 complete and 0 interrupted iterations
default   [  60% ] 100 VUs  1m12.0s/2m0s

running (1m13.0s), 100/100 VUs, 2614 complete and 0 interrupted iterations
default   [  61% ] 100 VUs  1m13.0s/2m0s

running (1m14.0s), 100/100 VUs, 2657 complete and 0 interrupted iterations
default   [  62% ] 100 VUs  1m14.0s/2m0s

running (1m15.0s), 100/100 VUs, 2692 complete and 0 interrupted iterations
default   [  62% ] 100 VUs  1m15.0s/2m0s

running (1m16.0s), 100/100 VUs, 2724 complete and 0 interrupted iterations
default   [  63% ] 100 VUs  1m16.0s/2m0s

running (1m17.0s), 100/100 VUs, 2763 complete and 0 interrupted iterations
default   [  64% ] 100 VUs  1m17.0s/2m0s

running (1m18.0s), 100/100 VUs, 2800 complete and 0 interrupted iterations
default   [  65% ] 100 VUs  1m18.0s/2m0s

running (1m18.9s), 100/100 VUs, 2832 complete and 0 interrupted iterations
default   [  66% ] 100 VUs  1m18.9s/2m0s

running (1m20.0s), 100/100 VUs, 2868 complete and 0 interrupted iterations
default   [  67% ] 100 VUs  1m20.0s/2m0s

running (1m21.0s), 100/100 VUs, 2900 complete and 0 interrupted iterations
default   [  67% ] 100 VUs  1m21.0s/2m0s

running (1m22.0s), 100/100 VUs, 2930 complete and 0 interrupted iterations
default   [  68% ] 100 VUs  1m22.0s/2m0s

running (1m23.0s), 100/100 VUs, 2971 complete and 0 interrupted iterations
default   [  69% ] 100 VUs  1m23.0s/2m0s

running (1m24.0s), 100/100 VUs, 3003 complete and 0 interrupted iterations
default   [  70% ] 100 VUs  1m24.0s/2m0s

running (1m25.0s), 100/100 VUs, 3041 complete and 0 interrupted iterations
default   [  71% ] 100 VUs  1m25.0s/2m0s

running (1m26.0s), 100/100 VUs, 3069 complete and 0 interrupted iterations
default   [  72% ] 100 VUs  1m26.0s/2m0s

running (1m27.0s), 100/100 VUs, 3109 complete and 0 interrupted iterations
default   [  72% ] 100 VUs  1m27.0s/2m0s

running (1m28.0s), 100/100 VUs, 3144 complete and 0 interrupted iterations
default   [  73% ] 100 VUs  1m28.0s/2m0s

running (1m29.0s), 100/100 VUs, 3177 complete and 0 interrupted iterations
default   [  74% ] 100 VUs  1m29.0s/2m0s

running (1m30.0s), 100/100 VUs, 3213 complete and 0 interrupted iterations
default   [  75% ] 100 VUs  1m30.0s/2m0s

running (1m31.0s), 100/100 VUs, 3251 complete and 0 interrupted iterations
default   [  76% ] 100 VUs  1m31.0s/2m0s

running (1m32.0s), 100/100 VUs, 3288 complete and 0 interrupted iterations
default   [  77% ] 100 VUs  1m32.0s/2m0s

running (1m33.0s), 100/100 VUs, 3321 complete and 0 interrupted iterations
default   [  77% ] 100 VUs  1m33.0s/2m0s

running (1m34.0s), 100/100 VUs, 3360 complete and 0 interrupted iterations
default   [  78% ] 100 VUs  1m34.0s/2m0s

running (1m35.0s), 100/100 VUs, 3388 complete and 0 interrupted iterations
default   [  79% ] 100 VUs  1m35.0s/2m0s

running (1m36.0s), 100/100 VUs, 3426 complete and 0 interrupted iterations
default   [  80% ] 100 VUs  1m36.0s/2m0s

running (1m36.9s), 100/100 VUs, 3455 complete and 0 interrupted iterations
default   [  81% ] 100 VUs  1m36.9s/2m0s

running (1m37.9s), 100/100 VUs, 3486 complete and 0 interrupted iterations
default   [  82% ] 100 VUs  1m37.9s/2m0s

running (1m38.9s), 100/100 VUs, 3522 complete and 0 interrupted iterations
default   [  82% ] 100 VUs  1m38.9s/2m0s

running (1m40.0s), 100/100 VUs, 3551 complete and 0 interrupted iterations
default   [  83% ] 100 VUs  1m40.0s/2m0s

running (1m41.0s), 100/100 VUs, 3586 complete and 0 interrupted iterations
default   [  84% ] 100 VUs  1m41.0s/2m0s

running (1m42.0s), 100/100 VUs, 3614 complete and 0 interrupted iterations
default   [  85% ] 100 VUs  1m42.0s/2m0s

running (1m43.0s), 100/100 VUs, 3650 complete and 0 interrupted iterations
default   [  86% ] 100 VUs  1m43.0s/2m0s

running (1m44.0s), 100/100 VUs, 3680 complete and 0 interrupted iterations
default   [  87% ] 100 VUs  1m44.0s/2m0s

running (1m44.9s), 100/100 VUs, 3716 complete and 0 interrupted iterations
default   [  87% ] 100 VUs  1m44.9s/2m0s
time="2026-05-31T00:04:55+08:00" level=warning msg="Request Failed" error="Get \"https://pre-studio.miemie.co/api/projects\": request timeout"

running (1m46.0s), 100/100 VUs, 3752 complete and 0 interrupted iterations
default   [  88% ] 100 VUs  1m46.0s/2m0s

running (1m47.0s), 100/100 VUs, 3782 complete and 0 interrupted iterations
default   [  89% ] 100 VUs  1m47.0s/2m0s

running (1m48.0s), 100/100 VUs, 3815 complete and 0 interrupted iterations
default   [  90% ] 100 VUs  1m48.0s/2m0s

running (1m48.9s), 100/100 VUs, 3852 complete and 0 interrupted iterations
default   [  91% ] 100 VUs  1m48.9s/2m0s

running (1m50.0s), 100/100 VUs, 3891 complete and 0 interrupted iterations
default   [  92% ] 100 VUs  1m50.0s/2m0s

running (1m51.0s), 100/100 VUs, 3927 complete and 0 interrupted iterations
default   [  92% ] 100 VUs  1m51.0s/2m0s

running (1m52.0s), 100/100 VUs, 3966 complete and 0 interrupted iterations
default   [  93% ] 100 VUs  1m52.0s/2m0s

running (1m52.9s), 100/100 VUs, 4005 complete and 0 interrupted iterations
default   [  94% ] 100 VUs  1m52.9s/2m0s

running (1m54.0s), 100/100 VUs, 4030 complete and 0 interrupted iterations
default   [  95% ] 100 VUs  1m54.0s/2m0s
time="2026-05-31T00:05:04+08:00" level=warning msg="Request Failed" error="Get \"https://pre-studio.miemie.co/api/video-studio/72d9eec1-022c-4222-a4fd-065d5648938a\": request timeout"

running (1m54.9s), 100/100 VUs, 4073 complete and 0 interrupted iterations
default   [  96% ] 100 VUs  1m54.9s/2m0s

running (1m56.0s), 100/100 VUs, 4109 complete and 0 interrupted iterations
default   [  97% ] 100 VUs  1m56.0s/2m0s

running (1m57.0s), 100/100 VUs, 4140 complete and 0 interrupted iterations
default   [  97% ] 100 VUs  1m57.0s/2m0s
time="2026-05-31T00:05:06+08:00" level=warning msg="Request Failed" error="Get \"https://pre-studio.miemie.co/api/projects\": request timeout"

running (1m58.0s), 100/100 VUs, 4178 complete and 0 interrupted iterations
default   [  98% ] 100 VUs  1m58.0s/2m0s

running (1m59.0s), 100/100 VUs, 4214 complete and 0 interrupted iterations
default   [  99% ] 100 VUs  1m59.0s/2m0s

running (2m00.0s), 100/100 VUs, 4253 complete and 0 interrupted iterations
default   [ 100% ] 100 VUs  2m00.0s/2m0s

running (2m01.0s), 075/100 VUs, 4281 complete and 0 interrupted iterations
default ↓ [ 100% ] 100 VUs  2m0s

running (2m02.0s), 027/100 VUs, 4329 complete and 0 interrupted iterations
default ↓ [ 100% ] 100 VUs  2m0s

running (2m02.9s), 015/100 VUs, 4341 complete and 0 interrupted iterations
default ↓ [ 100% ] 100 VUs  2m0s

running (2m04.0s), 011/100 VUs, 4345 complete and 0 interrupted iterations
default ↓ [ 100% ] 100 VUs  2m0s

running (2m05.0s), 010/100 VUs, 4346 complete and 0 interrupted iterations
default ↓ [ 100% ] 100 VUs  2m0s

running (2m06.0s), 008/100 VUs, 4348 complete and 0 interrupted iterations
default ↓ [ 100% ] 100 VUs  2m0s

running (2m07.0s), 008/100 VUs, 4348 complete and 0 interrupted iterations
default ↓ [ 100% ] 100 VUs  2m0s

running (2m08.0s), 008/100 VUs, 4348 complete and 0 interrupted iterations
default ↓ [ 100% ] 100 VUs  2m0s

running (2m09.0s), 008/100 VUs, 4348 complete and 0 interrupted iterations
default ↓ [ 100% ] 100 VUs  2m0s

running (2m10.0s), 007/100 VUs, 4349 complete and 0 interrupted iterations
default ↓ [ 100% ] 100 VUs  2m0s
time="2026-05-31T00:05:20+08:00" level=warning msg="Request Failed" error="Get \"https://pre-studio.miemie.co/api/video-studio/72d9eec1-022c-4222-a4fd-065d5648938a/status\": request timeout"

running (2m11.0s), 006/100 VUs, 4350 complete and 0 interrupted iterations
default ↓ [ 100% ] 100 VUs  2m0s

running (2m12.0s), 006/100 VUs, 4350 complete and 0 interrupted iterations
default ↓ [ 100% ] 100 VUs  2m0s
time="2026-05-31T00:05:22+08:00" level=warning msg="Request Failed" error="Get \"https://pre-studio.miemie.co/api/video-studio?project_id=fb3c396d-581d-473f-a870-9b4cf814de72\": request timeout"

running (2m13.0s), 005/100 VUs, 4351 complete and 0 interrupted iterations
default ↓ [ 100% ] 100 VUs  2m0s

running (2m14.0s), 005/100 VUs, 4351 complete and 0 interrupted iterations
default ↓ [ 100% ] 100 VUs  2m0s

running (2m15.0s), 004/100 VUs, 4352 complete and 0 interrupted iterations
default ↓ [ 100% ] 100 VUs  2m0s

running (2m16.0s), 004/100 VUs, 4352 complete and 0 interrupted iterations
default ↓ [ 100% ] 100 VUs  2m0s

running (2m17.0s), 004/100 VUs, 4352 complete and 0 interrupted iterations
default ↓ [ 100% ] 100 VUs  2m0s

running (2m18.0s), 004/100 VUs, 4352 complete and 0 interrupted iterations
default ↓ [ 100% ] 100 VUs  2m0s

running (2m19.0s), 004/100 VUs, 4352 complete and 0 interrupted iterations
default ↓ [ 100% ] 100 VUs  2m0s

running (2m20.0s), 004/100 VUs, 4352 complete and 0 interrupted iterations
default ↓ [ 100% ] 100 VUs  2m0s

running (2m21.0s), 004/100 VUs, 4352 complete and 0 interrupted iterations
default ↓ [ 100% ] 100 VUs  2m0s

running (2m22.0s), 004/100 VUs, 4352 complete and 0 interrupted iterations
default ↓ [ 100% ] 100 VUs  2m0s

running (2m23.0s), 004/100 VUs, 4352 complete and 0 interrupted iterations
default ↓ [ 100% ] 100 VUs  2m0s

running (2m24.0s), 004/100 VUs, 4352 complete and 0 interrupted iterations
default ↓ [ 100% ] 100 VUs  2m0s

running (2m25.0s), 004/100 VUs, 4352 complete and 0 interrupted iterations
default ↓ [ 100% ] 100 VUs  2m0s

running (2m26.0s), 004/100 VUs, 4352 complete and 0 interrupted iterations
default ↓ [ 100% ] 100 VUs  2m0s

running (2m27.0s), 004/100 VUs, 4352 complete and 0 interrupted iterations
default ↓ [ 100% ] 100 VUs  2m0s

running (2m28.0s), 004/100 VUs, 4352 complete and 0 interrupted iterations
default ↓ [ 100% ] 100 VUs  2m0s

running (2m29.0s), 004/100 VUs, 4352 complete and 0 interrupted iterations
default ↓ [ 100% ] 100 VUs  2m0s

running (2m30.0s), 004/100 VUs, 4352 complete and 0 interrupted iterations
default ↓ [ 100% ] 100 VUs  2m0s


  █ THRESHOLDS

    http_req_duration
    ✓ 'p(95)<800' p(95)=409.26ms

    http_req_failed
    ✓ 'rate<0.01' rate=0.02%


  █ TOTAL RESULTS

    checks_total.......: 52242  348.27772/s
    checks_succeeded...: 99.97% 52227 out of 52242
    checks_failed......: 0.02%  15 out of 52242

    ✗ query status acceptable
      ↳  99% — ✓ 17409 / ✗ 5
    ✗ query has request id
      ↳  99% — ✓ 17409 / ✗ 5
    ✗ query has deployment version
      ↳  99% — ✓ 17409 / ✗ 5

    HTTP
    http_req_duration..............: avg=195.32ms min=11.38ms med=23.07ms max=1m0s   p(90)=260.67ms p(95)=409.26ms p(99)=2.11s
      { expected_response:true }...: avg=178.14ms min=11.38ms med=23.07ms max=46.05s p(90)=260.47ms p(95)=407.4ms  p(99)=1.98s
    http_req_failed................: 0.02%  5 out of 17414
    http_reqs......................: 17414  116.092573/s

    EXECUTION
    iteration_duration.............: avg=2.78s    min=2.05s   med=2.1s    max=1m2s   p(90)=3.41s    p(95)=4.16s    p(99)=14.07s
    iterations.....................: 4352   29.013143/s
    vus............................: 4      min=4          max=100
    vus_max........................: 100    min=100        max=100

    NETWORK
    data_received..................: 46 MB  309 kB/s
    data_sent......................: 1.3 MB 8.8 kB/s




running (2m30.0s), 000/100 VUs, 4352 complete and 4 interrupted iterations
default ✓ [ 100% ] 100 VUs  2m0s
