
         /\      Grafana   /‾‾/
    /\  /  \     |\  __   /  /
   /  \/    \    | |/ /  /   ‾‾\
  /          \   |   (  |  (‾)  |
 / __________ \  |_|\_\  \_____/


     execution: local
        script: /opt/miemie-pre/loadtest/k6/s4-mixed-query-generate.js
        output: -

     scenarios: (100.00%) 1 scenario, 10 max VUs, 1m30s max duration (incl. graceful stop):
              * default: 10 looping VUs for 1m0s (gracefulStop: 30s)


running (0m01.0s), 10/10 VUs, 0 complete and 0 interrupted iterations
default   [   2% ] 10 VUs  0m01.0s/1m0s

running (0m02.0s), 10/10 VUs, 0 complete and 0 interrupted iterations
default   [   3% ] 10 VUs  0m02.0s/1m0s

running (0m03.0s), 10/10 VUs, 10 complete and 0 interrupted iterations
default   [   5% ] 10 VUs  0m03.0s/1m0s

running (0m04.0s), 10/10 VUs, 10 complete and 0 interrupted iterations
default   [   7% ] 10 VUs  0m04.0s/1m0s

running (0m05.0s), 10/10 VUs, 20 complete and 0 interrupted iterations
default   [   8% ] 10 VUs  0m05.0s/1m0s

running (0m06.0s), 10/10 VUs, 20 complete and 0 interrupted iterations
default   [  10% ] 10 VUs  0m06.0s/1m0s

running (0m07.0s), 10/10 VUs, 30 complete and 0 interrupted iterations
default   [  12% ] 10 VUs  0m07.0s/1m0s

running (0m08.0s), 10/10 VUs, 30 complete and 0 interrupted iterations
default   [  13% ] 10 VUs  0m08.0s/1m0s

running (0m09.0s), 10/10 VUs, 40 complete and 0 interrupted iterations
default   [  15% ] 10 VUs  0m09.0s/1m0s

running (0m10.0s), 10/10 VUs, 40 complete and 0 interrupted iterations
default   [  17% ] 10 VUs  0m10.0s/1m0s

running (0m11.0s), 10/10 VUs, 50 complete and 0 interrupted iterations
default   [  18% ] 10 VUs  0m11.0s/1m0s

running (0m12.0s), 10/10 VUs, 50 complete and 0 interrupted iterations
default   [  20% ] 10 VUs  0m12.0s/1m0s

running (0m13.0s), 10/10 VUs, 60 complete and 0 interrupted iterations
default   [  22% ] 10 VUs  0m13.0s/1m0s

running (0m14.0s), 10/10 VUs, 60 complete and 0 interrupted iterations
default   [  23% ] 10 VUs  0m14.0s/1m0s

running (0m15.0s), 10/10 VUs, 70 complete and 0 interrupted iterations
default   [  25% ] 10 VUs  0m15.0s/1m0s

running (0m16.0s), 10/10 VUs, 70 complete and 0 interrupted iterations
default   [  27% ] 10 VUs  0m16.0s/1m0s

running (0m17.0s), 10/10 VUs, 80 complete and 0 interrupted iterations
default   [  28% ] 10 VUs  0m17.0s/1m0s

running (0m18.0s), 10/10 VUs, 80 complete and 0 interrupted iterations
default   [  30% ] 10 VUs  0m18.0s/1m0s

running (0m19.0s), 10/10 VUs, 90 complete and 0 interrupted iterations
default   [  32% ] 10 VUs  0m19.0s/1m0s

running (0m20.0s), 10/10 VUs, 90 complete and 0 interrupted iterations
default   [  33% ] 10 VUs  0m20.0s/1m0s

running (0m21.0s), 10/10 VUs, 100 complete and 0 interrupted iterations
default   [  35% ] 10 VUs  0m21.0s/1m0s

running (0m22.0s), 10/10 VUs, 100 complete and 0 interrupted iterations
default   [  37% ] 10 VUs  0m22.0s/1m0s

running (0m23.0s), 10/10 VUs, 110 complete and 0 interrupted iterations
default   [  38% ] 10 VUs  0m23.0s/1m0s

running (0m24.0s), 10/10 VUs, 110 complete and 0 interrupted iterations
default   [  40% ] 10 VUs  0m24.0s/1m0s

running (0m25.0s), 10/10 VUs, 120 complete and 0 interrupted iterations
default   [  42% ] 10 VUs  0m25.0s/1m0s

running (0m26.0s), 10/10 VUs, 120 complete and 0 interrupted iterations
default   [  43% ] 10 VUs  0m26.0s/1m0s

running (0m27.0s), 10/10 VUs, 130 complete and 0 interrupted iterations
default   [  45% ] 10 VUs  0m27.0s/1m0s

running (0m28.0s), 10/10 VUs, 130 complete and 0 interrupted iterations
default   [  47% ] 10 VUs  0m28.0s/1m0s

running (0m29.0s), 10/10 VUs, 140 complete and 0 interrupted iterations
default   [  48% ] 10 VUs  0m29.0s/1m0s

running (0m30.0s), 10/10 VUs, 140 complete and 0 interrupted iterations
default   [  50% ] 10 VUs  0m30.0s/1m0s

running (0m31.0s), 10/10 VUs, 150 complete and 0 interrupted iterations
default   [  52% ] 10 VUs  0m31.0s/1m0s

running (0m32.0s), 10/10 VUs, 150 complete and 0 interrupted iterations
default   [  53% ] 10 VUs  0m32.0s/1m0s

running (0m33.0s), 10/10 VUs, 160 complete and 0 interrupted iterations
default   [  55% ] 10 VUs  0m33.0s/1m0s

running (0m34.0s), 10/10 VUs, 160 complete and 0 interrupted iterations
default   [  57% ] 10 VUs  0m34.0s/1m0s

running (0m35.0s), 10/10 VUs, 170 complete and 0 interrupted iterations
default   [  58% ] 10 VUs  0m35.0s/1m0s

running (0m36.0s), 10/10 VUs, 170 complete and 0 interrupted iterations
default   [  60% ] 10 VUs  0m36.0s/1m0s

running (0m37.0s), 10/10 VUs, 180 complete and 0 interrupted iterations
default   [  62% ] 10 VUs  0m37.0s/1m0s

running (0m38.0s), 10/10 VUs, 180 complete and 0 interrupted iterations
default   [  63% ] 10 VUs  0m38.0s/1m0s

running (0m39.0s), 10/10 VUs, 190 complete and 0 interrupted iterations
default   [  65% ] 10 VUs  0m39.0s/1m0s

running (0m40.0s), 10/10 VUs, 190 complete and 0 interrupted iterations
default   [  67% ] 10 VUs  0m40.0s/1m0s

running (0m41.0s), 10/10 VUs, 200 complete and 0 interrupted iterations
default   [  68% ] 10 VUs  0m41.0s/1m0s

running (0m42.0s), 10/10 VUs, 200 complete and 0 interrupted iterations
default   [  70% ] 10 VUs  0m42.0s/1m0s

running (0m43.0s), 10/10 VUs, 210 complete and 0 interrupted iterations
default   [  72% ] 10 VUs  0m43.0s/1m0s

running (0m44.0s), 10/10 VUs, 210 complete and 0 interrupted iterations
default   [  73% ] 10 VUs  0m44.0s/1m0s

running (0m45.0s), 10/10 VUs, 220 complete and 0 interrupted iterations
default   [  75% ] 10 VUs  0m45.0s/1m0s

running (0m46.0s), 10/10 VUs, 220 complete and 0 interrupted iterations
default   [  77% ] 10 VUs  0m46.0s/1m0s

running (0m47.0s), 10/10 VUs, 230 complete and 0 interrupted iterations
default   [  78% ] 10 VUs  0m47.0s/1m0s

running (0m48.0s), 10/10 VUs, 230 complete and 0 interrupted iterations
default   [  80% ] 10 VUs  0m48.0s/1m0s

running (0m49.0s), 10/10 VUs, 240 complete and 0 interrupted iterations
default   [  82% ] 10 VUs  0m49.0s/1m0s

running (0m50.0s), 10/10 VUs, 240 complete and 0 interrupted iterations
default   [  83% ] 10 VUs  0m50.0s/1m0s

running (0m51.0s), 10/10 VUs, 250 complete and 0 interrupted iterations
default   [  85% ] 10 VUs  0m51.0s/1m0s

running (0m52.0s), 10/10 VUs, 250 complete and 0 interrupted iterations
default   [  87% ] 10 VUs  0m52.0s/1m0s

running (0m53.0s), 10/10 VUs, 260 complete and 0 interrupted iterations
default   [  88% ] 10 VUs  0m53.0s/1m0s

running (0m54.0s), 10/10 VUs, 260 complete and 0 interrupted iterations
default   [  90% ] 10 VUs  0m54.0s/1m0s

running (0m55.0s), 10/10 VUs, 270 complete and 0 interrupted iterations
default   [  92% ] 10 VUs  0m55.0s/1m0s

running (0m56.0s), 10/10 VUs, 270 complete and 0 interrupted iterations
default   [  93% ] 10 VUs  0m56.0s/1m0s

running (0m57.0s), 10/10 VUs, 280 complete and 0 interrupted iterations
default   [  95% ] 10 VUs  0m57.0s/1m0s

running (0m58.0s), 10/10 VUs, 280 complete and 0 interrupted iterations
default   [  97% ] 10 VUs  0m58.0s/1m0s

running (0m59.0s), 10/10 VUs, 290 complete and 0 interrupted iterations
default   [  98% ] 10 VUs  0m59.0s/1m0s

running (1m00.0s), 10/10 VUs, 290 complete and 0 interrupted iterations
default   [ 100% ] 10 VUs  1m00.0s/1m0s


  █ THRESHOLDS

    http_req_duration
    ✓ 'p(95)<800' p(95)=13.1ms

    http_req_failed
    ✓ 'rate<0.01' rate=0.16%


  █ TOTAL RESULTS

    checks_total.......: 1830   30.32572/s
    checks_succeeded...: 99.83% 1827 out of 1830
    checks_failed......: 0.16%  3 out of 1830

    ✓ query status acceptable
    ✓ query has request id
    ✓ query has deployment version
    ✗ submit status controlled
      ↳  90% — ✓ 9 / ✗ 1
    ✗ submit has request id
      ↳  90% — ✓ 9 / ✗ 1
    ✗ submit has deployment version
      ↳  90% — ✓ 9 / ✗ 1

    HTTP
    http_req_duration..............: avg=4.16ms min=1.51ms med=2.66ms max=61.19ms p(90)=7.25ms p(95)=13.1ms  p(99)=17.23ms
      { expected_response:true }...: avg=4.07ms min=1.51ms med=2.65ms max=59.95ms p(90)=7.2ms  p(95)=12.82ms p(99)=17.22ms
    http_req_failed................: 0.16%  1 out of 610
    http_reqs......................: 610    10.108573/s

    EXECUTION
    iteration_duration.............: avg=2s     min=2s     med=2s     max=2.09s   p(90)=2.01s  p(95)=2.02s   p(99)=2.08s
    iterations.....................: 300    4.971429/s
    vus............................: 10     min=10       max=10
    vus_max........................: 10     min=10       max=10

    NETWORK
    data_received..................: 283 kB 4.7 kB/s
    data_sent......................: 201 kB 3.3 kB/s




running (1m00.3s), 00/10 VUs, 300 complete and 0 interrupted iterations
default ✓ [ 100% ] 10 VUs  1m0s
