
         /\      Grafana   /‾‾/
    /\  /  \     |\  __   /  /
   /  \/    \    | |/ /  /   ‾‾\
  /          \   |   (  |  (‾)  |
 / __________ \  |_|\_\  \_____/


     execution: local
        script: /opt/miemie-pre/loadtest/k6/s4-mixed-query-generate.js
        output: -

     scenarios: (100.00%) 1 scenario, 200 max VUs, 3m30s max duration (incl. graceful stop):
              * default: 200 looping VUs for 3m0s (gracefulStop: 30s)


running (0m00.9s), 200/200 VUs, 0 complete and 0 interrupted iterations
default   [   1% ] 200 VUs  0m00.9s/3m0s

running (0m01.9s), 200/200 VUs, 0 complete and 0 interrupted iterations
default   [   1% ] 200 VUs  0m01.9s/3m0s

running (0m02.9s), 200/200 VUs, 200 complete and 0 interrupted iterations
default   [   2% ] 200 VUs  0m02.9s/3m0s

running (0m03.9s), 200/200 VUs, 200 complete and 0 interrupted iterations
default   [   2% ] 200 VUs  0m03.9s/3m0s

running (0m04.9s), 200/200 VUs, 356 complete and 0 interrupted iterations
default   [   3% ] 200 VUs  0m04.9s/3m0s

running (0m05.9s), 200/200 VUs, 400 complete and 0 interrupted iterations
default   [   3% ] 200 VUs  0m05.9s/3m0s

running (0m06.9s), 200/200 VUs, 516 complete and 0 interrupted iterations
default   [   4% ] 200 VUs  0m06.9s/3m0s

running (0m07.9s), 200/200 VUs, 600 complete and 0 interrupted iterations
default   [   4% ] 200 VUs  0m07.9s/3m0s

running (0m08.9s), 200/200 VUs, 697 complete and 0 interrupted iterations
default   [   5% ] 200 VUs  0m08.9s/3m0s

running (0m09.9s), 200/200 VUs, 800 complete and 0 interrupted iterations
default   [   6% ] 200 VUs  0m09.9s/3m0s

running (0m10.9s), 200/200 VUs, 897 complete and 0 interrupted iterations
default   [   6% ] 200 VUs  0m10.9s/3m0s

running (0m11.9s), 200/200 VUs, 1000 complete and 0 interrupted iterations
default   [   7% ] 200 VUs  0m11.9s/3m0s

running (0m12.9s), 200/200 VUs, 1095 complete and 0 interrupted iterations
default   [   7% ] 200 VUs  0m12.9s/3m0s

running (0m13.9s), 200/200 VUs, 1200 complete and 0 interrupted iterations
default   [   8% ] 200 VUs  0m13.9s/3m0s

running (0m14.9s), 200/200 VUs, 1291 complete and 0 interrupted iterations
default   [   8% ] 200 VUs  0m14.9s/3m0s

running (0m15.9s), 200/200 VUs, 1400 complete and 0 interrupted iterations
default   [   9% ] 200 VUs  0m15.9s/3m0s

running (0m16.9s), 200/200 VUs, 1490 complete and 0 interrupted iterations
default   [   9% ] 200 VUs  0m16.9s/3m0s

running (0m17.9s), 200/200 VUs, 1600 complete and 0 interrupted iterations
default   [  10% ] 200 VUs  0m17.9s/3m0s

running (0m18.9s), 200/200 VUs, 1688 complete and 0 interrupted iterations
default   [  11% ] 200 VUs  0m18.9s/3m0s

running (0m19.9s), 200/200 VUs, 1800 complete and 0 interrupted iterations
default   [  11% ] 200 VUs  0m19.9s/3m0s

running (0m20.9s), 200/200 VUs, 1888 complete and 0 interrupted iterations
default   [  12% ] 200 VUs  0m20.9s/3m0s

running (0m21.9s), 200/200 VUs, 2000 complete and 0 interrupted iterations
default   [  12% ] 200 VUs  0m21.9s/3m0s

running (0m22.9s), 200/200 VUs, 2086 complete and 0 interrupted iterations
default   [  13% ] 200 VUs  0m22.9s/3m0s

running (0m23.9s), 200/200 VUs, 2200 complete and 0 interrupted iterations
default   [  13% ] 200 VUs  0m23.9s/3m0s

running (0m24.9s), 200/200 VUs, 2284 complete and 0 interrupted iterations
default   [  14% ] 200 VUs  0m24.9s/3m0s

running (0m25.9s), 200/200 VUs, 2400 complete and 0 interrupted iterations
default   [  14% ] 200 VUs  0m25.9s/3m0s

running (0m26.9s), 200/200 VUs, 2484 complete and 0 interrupted iterations
default   [  15% ] 200 VUs  0m26.9s/3m0s

running (0m27.9s), 200/200 VUs, 2600 complete and 0 interrupted iterations
default   [  16% ] 200 VUs  0m27.9s/3m0s

running (0m28.9s), 200/200 VUs, 2682 complete and 0 interrupted iterations
default   [  16% ] 200 VUs  0m28.9s/3m0s

running (0m29.9s), 200/200 VUs, 2800 complete and 0 interrupted iterations
default   [  17% ] 200 VUs  0m29.9s/3m0s

running (0m30.9s), 200/200 VUs, 2881 complete and 0 interrupted iterations
default   [  17% ] 200 VUs  0m30.9s/3m0s

running (0m31.9s), 200/200 VUs, 3000 complete and 0 interrupted iterations
default   [  18% ] 200 VUs  0m31.9s/3m0s

running (0m32.9s), 200/200 VUs, 3081 complete and 0 interrupted iterations
default   [  18% ] 200 VUs  0m32.9s/3m0s

running (0m33.9s), 200/200 VUs, 3200 complete and 0 interrupted iterations
default   [  19% ] 200 VUs  0m33.9s/3m0s

running (0m34.9s), 200/200 VUs, 3277 complete and 0 interrupted iterations
default   [  19% ] 200 VUs  0m34.9s/3m0s

running (0m35.9s), 200/200 VUs, 3400 complete and 0 interrupted iterations
default   [  20% ] 200 VUs  0m35.9s/3m0s

running (0m36.9s), 200/200 VUs, 3474 complete and 0 interrupted iterations
default   [  21% ] 200 VUs  0m36.9s/3m0s

running (0m37.9s), 200/200 VUs, 3600 complete and 0 interrupted iterations
default   [  21% ] 200 VUs  0m37.9s/3m0s

running (0m38.9s), 200/200 VUs, 3673 complete and 0 interrupted iterations
default   [  22% ] 200 VUs  0m38.9s/3m0s

running (0m39.9s), 200/200 VUs, 3800 complete and 0 interrupted iterations
default   [  22% ] 200 VUs  0m39.9s/3m0s

running (0m40.9s), 200/200 VUs, 3866 complete and 0 interrupted iterations
default   [  23% ] 200 VUs  0m40.9s/3m0s

running (0m41.9s), 200/200 VUs, 4000 complete and 0 interrupted iterations
default   [  23% ] 200 VUs  0m41.9s/3m0s

running (0m42.9s), 200/200 VUs, 4065 complete and 0 interrupted iterations
default   [  24% ] 200 VUs  0m42.9s/3m0s

running (0m43.9s), 200/200 VUs, 4200 complete and 0 interrupted iterations
default   [  24% ] 200 VUs  0m43.9s/3m0s

running (0m44.9s), 200/200 VUs, 4263 complete and 0 interrupted iterations
default   [  25% ] 200 VUs  0m44.9s/3m0s

running (0m45.9s), 200/200 VUs, 4386 complete and 0 interrupted iterations
default   [  26% ] 200 VUs  0m45.9s/3m0s

running (0m46.9s), 200/200 VUs, 4462 complete and 0 interrupted iterations
default   [  26% ] 200 VUs  0m46.9s/3m0s

running (0m47.9s), 200/200 VUs, 4586 complete and 0 interrupted iterations
default   [  27% ] 200 VUs  0m47.9s/3m0s

running (0m48.9s), 200/200 VUs, 4657 complete and 0 interrupted iterations
default   [  27% ] 200 VUs  0m48.9s/3m0s

running (0m49.9s), 200/200 VUs, 4783 complete and 0 interrupted iterations
default   [  28% ] 200 VUs  0m49.9s/3m0s

running (0m50.9s), 200/200 VUs, 4856 complete and 0 interrupted iterations
default   [  28% ] 200 VUs  0m50.9s/3m0s

running (0m51.9s), 200/200 VUs, 4983 complete and 0 interrupted iterations
default   [  29% ] 200 VUs  0m51.9s/3m0s

running (0m52.9s), 200/200 VUs, 5053 complete and 0 interrupted iterations
default   [  29% ] 200 VUs  0m52.9s/3m0s

running (0m53.9s), 200/200 VUs, 5181 complete and 0 interrupted iterations
default   [  30% ] 200 VUs  0m53.9s/3m0s

running (0m54.9s), 200/200 VUs, 5249 complete and 0 interrupted iterations
default   [  31% ] 200 VUs  0m54.9s/3m0s

running (0m55.9s), 200/200 VUs, 5381 complete and 0 interrupted iterations
default   [  31% ] 200 VUs  0m55.9s/3m0s

running (0m56.9s), 200/200 VUs, 5449 complete and 0 interrupted iterations
default   [  32% ] 200 VUs  0m56.9s/3m0s

running (0m57.9s), 200/200 VUs, 5580 complete and 0 interrupted iterations
default   [  32% ] 200 VUs  0m57.9s/3m0s

running (0m58.9s), 200/200 VUs, 5648 complete and 0 interrupted iterations
default   [  33% ] 200 VUs  0m58.9s/3m0s

running (0m59.9s), 200/200 VUs, 5780 complete and 0 interrupted iterations
default   [  33% ] 200 VUs  0m59.9s/3m0s

running (1m00.9s), 200/200 VUs, 5848 complete and 0 interrupted iterations
default   [  34% ] 200 VUs  1m00.9s/3m0s

running (1m01.9s), 200/200 VUs, 5979 complete and 0 interrupted iterations
default   [  34% ] 200 VUs  1m01.9s/3m0s

running (1m02.9s), 200/200 VUs, 6047 complete and 0 interrupted iterations
default   [  35% ] 200 VUs  1m02.9s/3m0s

running (1m03.9s), 200/200 VUs, 6179 complete and 0 interrupted iterations
default   [  36% ] 200 VUs  1m03.9s/3m0s

running (1m04.9s), 200/200 VUs, 6247 complete and 0 interrupted iterations
default   [  36% ] 200 VUs  1m04.9s/3m0s

running (1m05.9s), 200/200 VUs, 6379 complete and 0 interrupted iterations
default   [  37% ] 200 VUs  1m05.9s/3m0s

running (1m06.9s), 200/200 VUs, 6444 complete and 0 interrupted iterations
default   [  37% ] 200 VUs  1m06.9s/3m0s

running (1m07.9s), 200/200 VUs, 6575 complete and 0 interrupted iterations
default   [  38% ] 200 VUs  1m07.9s/3m0s

running (1m08.9s), 200/200 VUs, 6642 complete and 0 interrupted iterations
default   [  38% ] 200 VUs  1m08.9s/3m0s

running (1m09.9s), 200/200 VUs, 6775 complete and 0 interrupted iterations
default   [  39% ] 200 VUs  1m09.9s/3m0s

running (1m10.9s), 200/200 VUs, 6841 complete and 0 interrupted iterations
default   [  39% ] 200 VUs  1m10.9s/3m0s

running (1m11.9s), 200/200 VUs, 6975 complete and 0 interrupted iterations
default   [  40% ] 200 VUs  1m11.9s/3m0s

running (1m12.9s), 200/200 VUs, 7041 complete and 0 interrupted iterations
default   [  41% ] 200 VUs  1m12.9s/3m0s

running (1m13.9s), 200/200 VUs, 7166 complete and 0 interrupted iterations
default   [  41% ] 200 VUs  1m13.9s/3m0s

running (1m14.9s), 200/200 VUs, 7241 complete and 0 interrupted iterations
default   [  42% ] 200 VUs  1m14.9s/3m0s

running (1m15.9s), 200/200 VUs, 7363 complete and 0 interrupted iterations
default   [  42% ] 200 VUs  1m15.9s/3m0s

running (1m16.9s), 200/200 VUs, 7441 complete and 0 interrupted iterations
default   [  43% ] 200 VUs  1m16.9s/3m0s

running (1m17.9s), 200/200 VUs, 7558 complete and 0 interrupted iterations
default   [  43% ] 200 VUs  1m17.9s/3m0s

running (1m18.9s), 200/200 VUs, 7641 complete and 0 interrupted iterations
default   [  44% ] 200 VUs  1m18.9s/3m0s

running (1m19.9s), 200/200 VUs, 7758 complete and 0 interrupted iterations
default   [  44% ] 200 VUs  1m19.9s/3m0s

running (1m20.9s), 200/200 VUs, 7839 complete and 0 interrupted iterations
default   [  45% ] 200 VUs  1m20.9s/3m0s

running (1m21.9s), 200/200 VUs, 7957 complete and 0 interrupted iterations
default   [  46% ] 200 VUs  1m21.9s/3m0s

running (1m22.9s), 200/200 VUs, 8038 complete and 0 interrupted iterations
default   [  46% ] 200 VUs  1m22.9s/3m0s

running (1m23.9s), 200/200 VUs, 8156 complete and 0 interrupted iterations
default   [  47% ] 200 VUs  1m23.9s/3m0s

running (1m24.9s), 200/200 VUs, 8236 complete and 0 interrupted iterations
default   [  47% ] 200 VUs  1m24.9s/3m0s

running (1m25.9s), 200/200 VUs, 8355 complete and 0 interrupted iterations
default   [  48% ] 200 VUs  1m25.9s/3m0s

running (1m26.9s), 200/200 VUs, 8436 complete and 0 interrupted iterations
default   [  48% ] 200 VUs  1m26.9s/3m0s

running (1m27.9s), 200/200 VUs, 8553 complete and 0 interrupted iterations
default   [  49% ] 200 VUs  1m27.9s/3m0s

running (1m28.9s), 200/200 VUs, 8633 complete and 0 interrupted iterations
default   [  49% ] 200 VUs  1m28.9s/3m0s

running (1m29.9s), 200/200 VUs, 8751 complete and 0 interrupted iterations
default   [  50% ] 200 VUs  1m29.9s/3m0s

running (1m30.9s), 200/200 VUs, 8832 complete and 0 interrupted iterations
default   [  51% ] 200 VUs  1m30.9s/3m0s

running (1m31.9s), 200/200 VUs, 8951 complete and 0 interrupted iterations
default   [  51% ] 200 VUs  1m31.9s/3m0s

running (1m32.9s), 200/200 VUs, 9032 complete and 0 interrupted iterations
default   [  52% ] 200 VUs  1m32.9s/3m0s

running (1m33.9s), 200/200 VUs, 9145 complete and 0 interrupted iterations
default   [  52% ] 200 VUs  1m33.9s/3m0s

running (1m34.9s), 200/200 VUs, 9230 complete and 0 interrupted iterations
default   [  53% ] 200 VUs  1m34.9s/3m0s

running (1m35.9s), 200/200 VUs, 9344 complete and 0 interrupted iterations
default   [  53% ] 200 VUs  1m35.9s/3m0s

running (1m36.9s), 200/200 VUs, 9428 complete and 0 interrupted iterations
default   [  54% ] 200 VUs  1m36.9s/3m0s

running (1m37.9s), 200/200 VUs, 9543 complete and 0 interrupted iterations
default   [  54% ] 200 VUs  1m37.9s/3m0s

running (1m38.9s), 200/200 VUs, 9628 complete and 0 interrupted iterations
default   [  55% ] 200 VUs  1m38.9s/3m0s

running (1m39.9s), 200/200 VUs, 9743 complete and 0 interrupted iterations
default   [  56% ] 200 VUs  1m39.9s/3m0s

running (1m40.9s), 200/200 VUs, 9827 complete and 0 interrupted iterations
default   [  56% ] 200 VUs  1m40.9s/3m0s

running (1m41.9s), 200/200 VUs, 9932 complete and 0 interrupted iterations
default   [  57% ] 200 VUs  1m41.9s/3m0s

running (1m42.9s), 200/200 VUs, 10026 complete and 0 interrupted iterations
default   [  57% ] 200 VUs  1m42.9s/3m0s

running (1m43.9s), 200/200 VUs, 10132 complete and 0 interrupted iterations
default   [  58% ] 200 VUs  1m43.9s/3m0s

running (1m44.9s), 200/200 VUs, 10225 complete and 0 interrupted iterations
default   [  58% ] 200 VUs  1m44.9s/3m0s

running (1m45.9s), 200/200 VUs, 10332 complete and 0 interrupted iterations
default   [  59% ] 200 VUs  1m45.9s/3m0s

running (1m46.9s), 200/200 VUs, 10425 complete and 0 interrupted iterations
default   [  59% ] 200 VUs  1m46.9s/3m0s

running (1m47.9s), 200/200 VUs, 10529 complete and 0 interrupted iterations
default   [  60% ] 200 VUs  1m47.9s/3m0s

running (1m48.9s), 200/200 VUs, 10625 complete and 0 interrupted iterations
default   [  61% ] 200 VUs  1m48.9s/3m0s

running (1m49.9s), 200/200 VUs, 10727 complete and 0 interrupted iterations
default   [  61% ] 200 VUs  1m49.9s/3m0s

running (1m50.9s), 200/200 VUs, 10823 complete and 0 interrupted iterations
default   [  62% ] 200 VUs  1m50.9s/3m0s

running (1m51.9s), 200/200 VUs, 10927 complete and 0 interrupted iterations
default   [  62% ] 200 VUs  1m51.9s/3m0s

running (1m52.9s), 200/200 VUs, 11022 complete and 0 interrupted iterations
default   [  63% ] 200 VUs  1m52.9s/3m0s

running (1m53.9s), 200/200 VUs, 11126 complete and 0 interrupted iterations
default   [  63% ] 200 VUs  1m53.9s/3m0s

running (1m54.9s), 200/200 VUs, 11222 complete and 0 interrupted iterations
default   [  64% ] 200 VUs  1m54.9s/3m0s

running (1m55.9s), 200/200 VUs, 11323 complete and 0 interrupted iterations
default   [  64% ] 200 VUs  1m55.9s/3m0s

running (1m56.9s), 200/200 VUs, 11416 complete and 0 interrupted iterations
default   [  65% ] 200 VUs  1m56.9s/3m0s

running (1m57.9s), 200/200 VUs, 11522 complete and 0 interrupted iterations
default   [  66% ] 200 VUs  1m57.9s/3m0s

running (1m58.9s), 200/200 VUs, 11616 complete and 0 interrupted iterations
default   [  66% ] 200 VUs  1m58.9s/3m0s

running (1m59.9s), 200/200 VUs, 11721 complete and 0 interrupted iterations
default   [  67% ] 200 VUs  1m59.9s/3m0s

running (2m00.9s), 200/200 VUs, 11816 complete and 0 interrupted iterations
default   [  67% ] 200 VUs  2m00.9s/3m0s

running (2m01.9s), 200/200 VUs, 11921 complete and 0 interrupted iterations
default   [  68% ] 200 VUs  2m01.9s/3m0s

running (2m02.9s), 200/200 VUs, 12016 complete and 0 interrupted iterations
default   [  68% ] 200 VUs  2m02.9s/3m0s

running (2m03.9s), 200/200 VUs, 12121 complete and 0 interrupted iterations
default   [  69% ] 200 VUs  2m03.9s/3m0s

running (2m04.9s), 200/200 VUs, 12215 complete and 0 interrupted iterations
default   [  69% ] 200 VUs  2m04.9s/3m0s

running (2m05.9s), 200/200 VUs, 12320 complete and 0 interrupted iterations
default   [  70% ] 200 VUs  2m05.9s/3m0s

running (2m06.9s), 200/200 VUs, 12415 complete and 0 interrupted iterations
default   [  71% ] 200 VUs  2m06.9s/3m0s

running (2m07.9s), 200/200 VUs, 12520 complete and 0 interrupted iterations
default   [  71% ] 200 VUs  2m07.9s/3m0s

running (2m08.9s), 200/200 VUs, 12615 complete and 0 interrupted iterations
default   [  72% ] 200 VUs  2m08.9s/3m0s

running (2m09.9s), 200/200 VUs, 12720 complete and 0 interrupted iterations
default   [  72% ] 200 VUs  2m09.9s/3m0s

running (2m10.9s), 200/200 VUs, 12815 complete and 0 interrupted iterations
default   [  73% ] 200 VUs  2m10.9s/3m0s

running (2m11.9s), 200/200 VUs, 12916 complete and 0 interrupted iterations
default   [  73% ] 200 VUs  2m11.9s/3m0s

running (2m12.9s), 200/200 VUs, 13014 complete and 0 interrupted iterations
default   [  74% ] 200 VUs  2m12.9s/3m0s

running (2m13.9s), 200/200 VUs, 13116 complete and 0 interrupted iterations
default   [  74% ] 200 VUs  2m13.9s/3m0s

running (2m14.9s), 200/200 VUs, 13213 complete and 0 interrupted iterations
default   [  75% ] 200 VUs  2m14.9s/3m0s

running (2m15.9s), 200/200 VUs, 13315 complete and 0 interrupted iterations
default   [  76% ] 200 VUs  2m15.9s/3m0s

running (2m16.9s), 200/200 VUs, 13413 complete and 0 interrupted iterations
default   [  76% ] 200 VUs  2m16.9s/3m0s

running (2m17.9s), 200/200 VUs, 13514 complete and 0 interrupted iterations
default   [  77% ] 200 VUs  2m17.9s/3m0s

running (2m18.9s), 200/200 VUs, 13613 complete and 0 interrupted iterations
default   [  77% ] 200 VUs  2m18.9s/3m0s

running (2m19.9s), 200/200 VUs, 13714 complete and 0 interrupted iterations
default   [  78% ] 200 VUs  2m19.9s/3m0s

running (2m20.9s), 200/200 VUs, 13810 complete and 0 interrupted iterations
default   [  78% ] 200 VUs  2m20.9s/3m0s

running (2m21.9s), 200/200 VUs, 13914 complete and 0 interrupted iterations
default   [  79% ] 200 VUs  2m21.9s/3m0s

running (2m22.9s), 200/200 VUs, 14007 complete and 0 interrupted iterations
default   [  79% ] 200 VUs  2m22.9s/3m0s

running (2m23.9s), 200/200 VUs, 14112 complete and 0 interrupted iterations
default   [  80% ] 200 VUs  2m23.9s/3m0s

running (2m24.9s), 200/200 VUs, 14206 complete and 0 interrupted iterations
default   [  81% ] 200 VUs  2m24.9s/3m0s

running (2m25.9s), 200/200 VUs, 14311 complete and 0 interrupted iterations
default   [  81% ] 200 VUs  2m25.9s/3m0s

running (2m26.9s), 200/200 VUs, 14406 complete and 0 interrupted iterations
default   [  82% ] 200 VUs  2m26.9s/3m0s

running (2m27.9s), 200/200 VUs, 14511 complete and 0 interrupted iterations
default   [  82% ] 200 VUs  2m27.9s/3m0s

running (2m28.9s), 200/200 VUs, 14606 complete and 0 interrupted iterations
default   [  83% ] 200 VUs  2m28.9s/3m0s

running (2m29.9s), 200/200 VUs, 14711 complete and 0 interrupted iterations
default   [  83% ] 200 VUs  2m29.9s/3m0s

running (2m30.9s), 200/200 VUs, 14806 complete and 0 interrupted iterations
default   [  84% ] 200 VUs  2m30.9s/3m0s

running (2m31.9s), 200/200 VUs, 14910 complete and 0 interrupted iterations
default   [  84% ] 200 VUs  2m31.9s/3m0s

running (2m32.9s), 200/200 VUs, 15006 complete and 0 interrupted iterations
default   [  85% ] 200 VUs  2m32.9s/3m0s

running (2m33.9s), 200/200 VUs, 15108 complete and 0 interrupted iterations
default   [  86% ] 200 VUs  2m33.9s/3m0s

running (2m34.9s), 200/200 VUs, 15205 complete and 0 interrupted iterations
default   [  86% ] 200 VUs  2m34.9s/3m0s

running (2m35.9s), 200/200 VUs, 15308 complete and 0 interrupted iterations
default   [  87% ] 200 VUs  2m35.9s/3m0s

running (2m36.9s), 200/200 VUs, 15405 complete and 0 interrupted iterations
default   [  87% ] 200 VUs  2m36.9s/3m0s

running (2m37.9s), 200/200 VUs, 15506 complete and 0 interrupted iterations
default   [  88% ] 200 VUs  2m37.9s/3m0s

running (2m38.9s), 200/200 VUs, 15604 complete and 0 interrupted iterations
default   [  88% ] 200 VUs  2m38.9s/3m0s

running (2m39.9s), 200/200 VUs, 15705 complete and 0 interrupted iterations
default   [  89% ] 200 VUs  2m39.9s/3m0s

running (2m40.9s), 200/200 VUs, 15804 complete and 0 interrupted iterations
default   [  89% ] 200 VUs  2m40.9s/3m0s

running (2m41.9s), 200/200 VUs, 15905 complete and 0 interrupted iterations
default   [  90% ] 200 VUs  2m41.9s/3m0s

running (2m42.9s), 200/200 VUs, 16004 complete and 0 interrupted iterations
default   [  91% ] 200 VUs  2m42.9s/3m0s

running (2m43.9s), 200/200 VUs, 16103 complete and 0 interrupted iterations
default   [  91% ] 200 VUs  2m43.9s/3m0s

running (2m44.9s), 200/200 VUs, 16204 complete and 0 interrupted iterations
default   [  92% ] 200 VUs  2m44.9s/3m0s

running (2m45.9s), 200/200 VUs, 16302 complete and 0 interrupted iterations
default   [  92% ] 200 VUs  2m45.9s/3m0s

running (2m46.9s), 200/200 VUs, 16404 complete and 0 interrupted iterations
default   [  93% ] 200 VUs  2m46.9s/3m0s

running (2m47.9s), 200/200 VUs, 16497 complete and 0 interrupted iterations
default   [  93% ] 200 VUs  2m47.9s/3m0s

running (2m48.9s), 200/200 VUs, 16603 complete and 0 interrupted iterations
default   [  94% ] 200 VUs  2m48.9s/3m0s

running (2m49.9s), 200/200 VUs, 16695 complete and 0 interrupted iterations
default   [  94% ] 200 VUs  2m49.9s/3m0s

running (2m50.9s), 200/200 VUs, 16803 complete and 0 interrupted iterations
default   [  95% ] 200 VUs  2m50.9s/3m0s

running (2m51.9s), 200/200 VUs, 16894 complete and 0 interrupted iterations
default   [  96% ] 200 VUs  2m51.9s/3m0s

running (2m52.9s), 200/200 VUs, 17003 complete and 0 interrupted iterations
default   [  96% ] 200 VUs  2m52.9s/3m0s

running (2m53.9s), 200/200 VUs, 17094 complete and 0 interrupted iterations
default   [  97% ] 200 VUs  2m53.9s/3m0s

running (2m54.9s), 200/200 VUs, 17202 complete and 0 interrupted iterations
default   [  97% ] 200 VUs  2m54.9s/3m0s

running (2m55.9s), 200/200 VUs, 17292 complete and 0 interrupted iterations
default   [  98% ] 200 VUs  2m55.9s/3m0s

running (2m56.9s), 200/200 VUs, 17401 complete and 0 interrupted iterations
default   [  98% ] 200 VUs  2m56.9s/3m0s

running (2m57.9s), 200/200 VUs, 17492 complete and 0 interrupted iterations
default   [  99% ] 200 VUs  2m57.9s/3m0s

running (2m58.9s), 200/200 VUs, 17601 complete and 0 interrupted iterations
default   [  99% ] 200 VUs  2m58.9s/3m0s

running (2m59.9s), 200/200 VUs, 17691 complete and 0 interrupted iterations
default   [ 100% ] 200 VUs  2m59.9s/3m0s

running (3m00.9s), 101/200 VUs, 17798 complete and 0 interrupted iterations
default ↓ [ 100% ] 200 VUs  3m0s

running (3m01.9s), 009/200 VUs, 17890 complete and 0 interrupted iterations
default ↓ [ 100% ] 200 VUs  3m0s


  █ THRESHOLDS

    http_req_duration
    ✓ 'p(95)<800' p(95)=18.52ms

    http_req_failed
    ✓ 'rate<0.01' rate=0.00%


  █ TOTAL RESULTS

    checks_total.......: 161091  885.088394/s
    checks_succeeded...: 100.00% 161091 out of 161091
    checks_failed......: 0.00%   0 out of 161091

    ✓ query status acceptable
    ✓ query has request id
    ✓ query has deployment version

    HTTP
    http_req_duration..............: avg=6.84ms min=1.37ms med=2.77ms max=738.75ms p(90)=9.65ms p(95)=18.52ms p(99)=60.16ms
      { expected_response:true }...: avg=6.84ms min=1.37ms med=2.77ms max=738.75ms p(90)=9.65ms p(95)=18.52ms p(99)=60.16ms
    http_req_failed................: 0.00% 0 out of 53697
    http_reqs......................: 53697 295.029465/s

    EXECUTION
    iteration_duration.............: avg=2.02s  min=2s     med=2s     max=2.77s    p(90)=2.02s  p(95)=2.05s   p(99)=2.26s
    iterations.....................: 17899 98.343155/s
    vus............................: 9     min=9          max=200
    vus_max........................: 200   min=200        max=200

    NETWORK
    data_received..................: 21 MB 117 kB/s
    data_sent......................: 18 MB 98 kB/s




running (3m02.0s), 000/200 VUs, 17899 complete and 0 interrupted iterations
default ✓ [ 100% ] 200 VUs  3m0s
