
         /\      Grafana   /‾‾/
    /\  /  \     |\  __   /  /
   /  \/    \    | |/ /  /   ‾‾\
  /          \   |   (  |  (‾)  |
 / __________ \  |_|\_\  \_____/


     execution: local
        script: /opt/miemie-pre/loadtest/k6/s4-mixed-query-generate.js
        output: -

     scenarios: (100.00%) 1 scenario, 100 max VUs, 3m30s max duration (incl. graceful stop):
              * default: 100 looping VUs for 3m0s (gracefulStop: 30s)


running (0m01.0s), 100/100 VUs, 0 complete and 0 interrupted iterations
default   [   1% ] 100 VUs  0m01.0s/3m0s

running (0m02.0s), 100/100 VUs, 0 complete and 0 interrupted iterations
default   [   1% ] 100 VUs  0m02.0s/3m0s

running (0m03.0s), 100/100 VUs, 100 complete and 0 interrupted iterations
default   [   2% ] 100 VUs  0m03.0s/3m0s

running (0m04.0s), 100/100 VUs, 100 complete and 0 interrupted iterations
default   [   2% ] 100 VUs  0m04.0s/3m0s

running (0m05.0s), 100/100 VUs, 200 complete and 0 interrupted iterations
default   [   3% ] 100 VUs  0m05.0s/3m0s

running (0m06.0s), 100/100 VUs, 200 complete and 0 interrupted iterations
default   [   3% ] 100 VUs  0m06.0s/3m0s

running (0m07.0s), 100/100 VUs, 300 complete and 0 interrupted iterations
default   [   4% ] 100 VUs  0m07.0s/3m0s

running (0m08.0s), 100/100 VUs, 300 complete and 0 interrupted iterations
default   [   4% ] 100 VUs  0m08.0s/3m0s

running (0m09.0s), 100/100 VUs, 400 complete and 0 interrupted iterations
default   [   5% ] 100 VUs  0m09.0s/3m0s

running (0m10.0s), 100/100 VUs, 400 complete and 0 interrupted iterations
default   [   6% ] 100 VUs  0m10.0s/3m0s

running (0m11.0s), 100/100 VUs, 500 complete and 0 interrupted iterations
default   [   6% ] 100 VUs  0m11.0s/3m0s

running (0m12.0s), 100/100 VUs, 500 complete and 0 interrupted iterations
default   [   7% ] 100 VUs  0m12.0s/3m0s

running (0m13.0s), 100/100 VUs, 587 complete and 0 interrupted iterations
default   [   7% ] 100 VUs  0m13.0s/3m0s

running (0m14.0s), 100/100 VUs, 600 complete and 0 interrupted iterations
default   [   8% ] 100 VUs  0m14.0s/3m0s

running (0m15.0s), 100/100 VUs, 687 complete and 0 interrupted iterations
default   [   8% ] 100 VUs  0m15.0s/3m0s

running (0m16.0s), 100/100 VUs, 700 complete and 0 interrupted iterations
default   [   9% ] 100 VUs  0m16.0s/3m0s

running (0m17.0s), 100/100 VUs, 787 complete and 0 interrupted iterations
default   [   9% ] 100 VUs  0m17.0s/3m0s

running (0m18.0s), 100/100 VUs, 800 complete and 0 interrupted iterations
default   [  10% ] 100 VUs  0m18.0s/3m0s

running (0m19.0s), 100/100 VUs, 879 complete and 0 interrupted iterations
default   [  11% ] 100 VUs  0m19.0s/3m0s

running (0m20.0s), 100/100 VUs, 900 complete and 0 interrupted iterations
default   [  11% ] 100 VUs  0m20.0s/3m0s

running (0m21.0s), 100/100 VUs, 973 complete and 0 interrupted iterations
default   [  12% ] 100 VUs  0m21.0s/3m0s

running (0m22.0s), 100/100 VUs, 1000 complete and 0 interrupted iterations
default   [  12% ] 100 VUs  0m22.0s/3m0s

running (0m23.0s), 100/100 VUs, 1071 complete and 0 interrupted iterations
default   [  13% ] 100 VUs  0m23.0s/3m0s

running (0m24.0s), 100/100 VUs, 1100 complete and 0 interrupted iterations
default   [  13% ] 100 VUs  0m24.0s/3m0s

running (0m25.0s), 100/100 VUs, 1171 complete and 0 interrupted iterations
default   [  14% ] 100 VUs  0m25.0s/3m0s

running (0m26.0s), 100/100 VUs, 1200 complete and 0 interrupted iterations
default   [  14% ] 100 VUs  0m26.0s/3m0s

running (0m27.0s), 100/100 VUs, 1264 complete and 0 interrupted iterations
default   [  15% ] 100 VUs  0m27.0s/3m0s

running (0m28.0s), 100/100 VUs, 1300 complete and 0 interrupted iterations
default   [  16% ] 100 VUs  0m28.0s/3m0s

running (0m29.0s), 100/100 VUs, 1359 complete and 0 interrupted iterations
default   [  16% ] 100 VUs  0m29.0s/3m0s

running (0m30.0s), 100/100 VUs, 1400 complete and 0 interrupted iterations
default   [  17% ] 100 VUs  0m30.0s/3m0s

running (0m31.0s), 100/100 VUs, 1458 complete and 0 interrupted iterations
default   [  17% ] 100 VUs  0m31.0s/3m0s

running (0m32.0s), 100/100 VUs, 1500 complete and 0 interrupted iterations
default   [  18% ] 100 VUs  0m32.0s/3m0s

running (0m33.0s), 100/100 VUs, 1552 complete and 0 interrupted iterations
default   [  18% ] 100 VUs  0m33.0s/3m0s

running (0m34.0s), 100/100 VUs, 1600 complete and 0 interrupted iterations
default   [  19% ] 100 VUs  0m34.0s/3m0s

running (0m35.0s), 100/100 VUs, 1649 complete and 0 interrupted iterations
default   [  19% ] 100 VUs  0m35.0s/3m0s

running (0m36.0s), 100/100 VUs, 1700 complete and 0 interrupted iterations
default   [  20% ] 100 VUs  0m36.0s/3m0s

running (0m37.0s), 100/100 VUs, 1749 complete and 0 interrupted iterations
default   [  21% ] 100 VUs  0m37.0s/3m0s

running (0m38.0s), 100/100 VUs, 1800 complete and 0 interrupted iterations
default   [  21% ] 100 VUs  0m38.0s/3m0s

running (0m39.0s), 100/100 VUs, 1849 complete and 0 interrupted iterations
default   [  22% ] 100 VUs  0m39.0s/3m0s

running (0m40.0s), 100/100 VUs, 1900 complete and 0 interrupted iterations
default   [  22% ] 100 VUs  0m40.0s/3m0s

running (0m41.0s), 100/100 VUs, 1949 complete and 0 interrupted iterations
default   [  23% ] 100 VUs  0m41.0s/3m0s

running (0m42.0s), 100/100 VUs, 2000 complete and 0 interrupted iterations
default   [  23% ] 100 VUs  0m42.0s/3m0s

running (0m43.0s), 100/100 VUs, 2049 complete and 0 interrupted iterations
default   [  24% ] 100 VUs  0m43.0s/3m0s

running (0m44.0s), 100/100 VUs, 2100 complete and 0 interrupted iterations
default   [  24% ] 100 VUs  0m44.0s/3m0s

running (0m45.0s), 100/100 VUs, 2148 complete and 0 interrupted iterations
default   [  25% ] 100 VUs  0m45.0s/3m0s

running (0m46.0s), 100/100 VUs, 2200 complete and 0 interrupted iterations
default   [  26% ] 100 VUs  0m46.0s/3m0s

running (0m47.0s), 100/100 VUs, 2247 complete and 0 interrupted iterations
default   [  26% ] 100 VUs  0m47.0s/3m0s

running (0m48.0s), 100/100 VUs, 2300 complete and 0 interrupted iterations
default   [  27% ] 100 VUs  0m48.0s/3m0s

running (0m49.0s), 100/100 VUs, 2347 complete and 0 interrupted iterations
default   [  27% ] 100 VUs  0m49.0s/3m0s

running (0m50.0s), 100/100 VUs, 2400 complete and 0 interrupted iterations
default   [  28% ] 100 VUs  0m50.0s/3m0s

running (0m51.0s), 100/100 VUs, 2447 complete and 0 interrupted iterations
default   [  28% ] 100 VUs  0m51.0s/3m0s

running (0m52.0s), 100/100 VUs, 2500 complete and 0 interrupted iterations
default   [  29% ] 100 VUs  0m52.0s/3m0s

running (0m53.0s), 100/100 VUs, 2545 complete and 0 interrupted iterations
default   [  29% ] 100 VUs  0m53.0s/3m0s

running (0m54.0s), 100/100 VUs, 2600 complete and 0 interrupted iterations
default   [  30% ] 100 VUs  0m54.0s/3m0s

running (0m55.0s), 100/100 VUs, 2645 complete and 0 interrupted iterations
default   [  31% ] 100 VUs  0m55.0s/3m0s

running (0m56.0s), 100/100 VUs, 2700 complete and 0 interrupted iterations
default   [  31% ] 100 VUs  0m56.0s/3m0s

running (0m57.0s), 100/100 VUs, 2741 complete and 0 interrupted iterations
default   [  32% ] 100 VUs  0m57.0s/3m0s

running (0m58.0s), 100/100 VUs, 2800 complete and 0 interrupted iterations
default   [  32% ] 100 VUs  0m58.0s/3m0s

running (0m59.0s), 100/100 VUs, 2840 complete and 0 interrupted iterations
default   [  33% ] 100 VUs  0m59.0s/3m0s

running (1m00.0s), 100/100 VUs, 2900 complete and 0 interrupted iterations
default   [  33% ] 100 VUs  1m00.0s/3m0s

running (1m01.0s), 100/100 VUs, 2939 complete and 0 interrupted iterations
default   [  34% ] 100 VUs  1m01.0s/3m0s

running (1m02.0s), 100/100 VUs, 3000 complete and 0 interrupted iterations
default   [  34% ] 100 VUs  1m02.0s/3m0s

running (1m03.0s), 100/100 VUs, 3039 complete and 0 interrupted iterations
default   [  35% ] 100 VUs  1m03.0s/3m0s

running (1m04.0s), 100/100 VUs, 3100 complete and 0 interrupted iterations
default   [  36% ] 100 VUs  1m04.0s/3m0s

running (1m05.0s), 100/100 VUs, 3138 complete and 0 interrupted iterations
default   [  36% ] 100 VUs  1m05.0s/3m0s

running (1m06.0s), 100/100 VUs, 3200 complete and 0 interrupted iterations
default   [  37% ] 100 VUs  1m06.0s/3m0s

running (1m07.0s), 100/100 VUs, 3238 complete and 0 interrupted iterations
default   [  37% ] 100 VUs  1m07.0s/3m0s

running (1m08.0s), 100/100 VUs, 3300 complete and 0 interrupted iterations
default   [  38% ] 100 VUs  1m08.0s/3m0s

running (1m09.0s), 100/100 VUs, 3338 complete and 0 interrupted iterations
default   [  38% ] 100 VUs  1m09.0s/3m0s

running (1m10.0s), 100/100 VUs, 3400 complete and 0 interrupted iterations
default   [  39% ] 100 VUs  1m10.0s/3m0s

running (1m11.0s), 100/100 VUs, 3438 complete and 0 interrupted iterations
default   [  39% ] 100 VUs  1m11.0s/3m0s

running (1m12.0s), 100/100 VUs, 3500 complete and 0 interrupted iterations
default   [  40% ] 100 VUs  1m12.0s/3m0s

running (1m13.0s), 100/100 VUs, 3536 complete and 0 interrupted iterations
default   [  41% ] 100 VUs  1m13.0s/3m0s

running (1m14.0s), 100/100 VUs, 3600 complete and 0 interrupted iterations
default   [  41% ] 100 VUs  1m14.0s/3m0s

running (1m15.0s), 100/100 VUs, 3636 complete and 0 interrupted iterations
default   [  42% ] 100 VUs  1m15.0s/3m0s

running (1m16.0s), 100/100 VUs, 3700 complete and 0 interrupted iterations
default   [  42% ] 100 VUs  1m16.0s/3m0s

running (1m17.0s), 100/100 VUs, 3735 complete and 0 interrupted iterations
default   [  43% ] 100 VUs  1m17.0s/3m0s

running (1m18.0s), 100/100 VUs, 3800 complete and 0 interrupted iterations
default   [  43% ] 100 VUs  1m18.0s/3m0s

running (1m19.0s), 100/100 VUs, 3835 complete and 0 interrupted iterations
default   [  44% ] 100 VUs  1m19.0s/3m0s

running (1m20.0s), 100/100 VUs, 3900 complete and 0 interrupted iterations
default   [  44% ] 100 VUs  1m20.0s/3m0s

running (1m21.0s), 100/100 VUs, 3934 complete and 0 interrupted iterations
default   [  45% ] 100 VUs  1m21.0s/3m0s

running (1m22.0s), 100/100 VUs, 4000 complete and 0 interrupted iterations
default   [  46% ] 100 VUs  1m22.0s/3m0s

running (1m23.0s), 100/100 VUs, 4033 complete and 0 interrupted iterations
default   [  46% ] 100 VUs  1m23.0s/3m0s

running (1m24.0s), 100/100 VUs, 4100 complete and 0 interrupted iterations
default   [  47% ] 100 VUs  1m24.0s/3m0s

running (1m25.0s), 100/100 VUs, 4132 complete and 0 interrupted iterations
default   [  47% ] 100 VUs  1m25.0s/3m0s

running (1m26.0s), 100/100 VUs, 4200 complete and 0 interrupted iterations
default   [  48% ] 100 VUs  1m26.0s/3m0s

running (1m27.0s), 100/100 VUs, 4231 complete and 0 interrupted iterations
default   [  48% ] 100 VUs  1m27.0s/3m0s

running (1m28.0s), 100/100 VUs, 4300 complete and 0 interrupted iterations
default   [  49% ] 100 VUs  1m28.0s/3m0s

running (1m29.0s), 100/100 VUs, 4331 complete and 0 interrupted iterations
default   [  49% ] 100 VUs  1m29.0s/3m0s

running (1m30.0s), 100/100 VUs, 4400 complete and 0 interrupted iterations
default   [  50% ] 100 VUs  1m30.0s/3m0s

running (1m31.0s), 100/100 VUs, 4430 complete and 0 interrupted iterations
default   [  51% ] 100 VUs  1m31.0s/3m0s

running (1m32.0s), 100/100 VUs, 4500 complete and 0 interrupted iterations
default   [  51% ] 100 VUs  1m32.0s/3m0s

running (1m33.0s), 100/100 VUs, 4529 complete and 0 interrupted iterations
default   [  52% ] 100 VUs  1m33.0s/3m0s

running (1m34.0s), 100/100 VUs, 4600 complete and 0 interrupted iterations
default   [  52% ] 100 VUs  1m34.0s/3m0s

running (1m35.0s), 100/100 VUs, 4627 complete and 0 interrupted iterations
default   [  53% ] 100 VUs  1m35.0s/3m0s

running (1m36.0s), 100/100 VUs, 4700 complete and 0 interrupted iterations
default   [  53% ] 100 VUs  1m36.0s/3m0s

running (1m37.0s), 100/100 VUs, 4726 complete and 0 interrupted iterations
default   [  54% ] 100 VUs  1m37.0s/3m0s

running (1m38.0s), 100/100 VUs, 4800 complete and 0 interrupted iterations
default   [  54% ] 100 VUs  1m38.0s/3m0s

running (1m39.0s), 100/100 VUs, 4824 complete and 0 interrupted iterations
default   [  55% ] 100 VUs  1m39.0s/3m0s

running (1m40.0s), 100/100 VUs, 4900 complete and 0 interrupted iterations
default   [  56% ] 100 VUs  1m40.0s/3m0s

running (1m41.0s), 100/100 VUs, 4924 complete and 0 interrupted iterations
default   [  56% ] 100 VUs  1m41.0s/3m0s

running (1m42.0s), 100/100 VUs, 5000 complete and 0 interrupted iterations
default   [  57% ] 100 VUs  1m42.0s/3m0s

running (1m43.0s), 100/100 VUs, 5024 complete and 0 interrupted iterations
default   [  57% ] 100 VUs  1m43.0s/3m0s

running (1m44.0s), 100/100 VUs, 5100 complete and 0 interrupted iterations
default   [  58% ] 100 VUs  1m44.0s/3m0s

running (1m45.0s), 100/100 VUs, 5124 complete and 0 interrupted iterations
default   [  58% ] 100 VUs  1m45.0s/3m0s

running (1m46.0s), 100/100 VUs, 5200 complete and 0 interrupted iterations
default   [  59% ] 100 VUs  1m46.0s/3m0s

running (1m47.0s), 100/100 VUs, 5224 complete and 0 interrupted iterations
default   [  59% ] 100 VUs  1m47.0s/3m0s

running (1m48.0s), 100/100 VUs, 5300 complete and 0 interrupted iterations
default   [  60% ] 100 VUs  1m48.0s/3m0s

running (1m49.0s), 100/100 VUs, 5324 complete and 0 interrupted iterations
default   [  61% ] 100 VUs  1m49.0s/3m0s

running (1m50.0s), 100/100 VUs, 5400 complete and 0 interrupted iterations
default   [  61% ] 100 VUs  1m50.0s/3m0s

running (1m51.0s), 100/100 VUs, 5422 complete and 0 interrupted iterations
default   [  62% ] 100 VUs  1m51.0s/3m0s

running (1m52.0s), 100/100 VUs, 5500 complete and 0 interrupted iterations
default   [  62% ] 100 VUs  1m52.0s/3m0s

running (1m53.0s), 100/100 VUs, 5522 complete and 0 interrupted iterations
default   [  63% ] 100 VUs  1m53.0s/3m0s

running (1m54.0s), 100/100 VUs, 5600 complete and 0 interrupted iterations
default   [  63% ] 100 VUs  1m54.0s/3m0s

running (1m55.0s), 100/100 VUs, 5621 complete and 0 interrupted iterations
default   [  64% ] 100 VUs  1m55.0s/3m0s

running (1m56.0s), 100/100 VUs, 5700 complete and 0 interrupted iterations
default   [  64% ] 100 VUs  1m56.0s/3m0s

running (1m57.0s), 100/100 VUs, 5721 complete and 0 interrupted iterations
default   [  65% ] 100 VUs  1m57.0s/3m0s

running (1m58.0s), 100/100 VUs, 5800 complete and 0 interrupted iterations
default   [  66% ] 100 VUs  1m58.0s/3m0s

running (1m59.0s), 100/100 VUs, 5820 complete and 0 interrupted iterations
default   [  66% ] 100 VUs  1m59.0s/3m0s

running (2m00.0s), 100/100 VUs, 5900 complete and 0 interrupted iterations
default   [  67% ] 100 VUs  2m00.0s/3m0s

running (2m01.0s), 100/100 VUs, 5918 complete and 0 interrupted iterations
default   [  67% ] 100 VUs  2m01.0s/3m0s

running (2m02.0s), 100/100 VUs, 6000 complete and 0 interrupted iterations
default   [  68% ] 100 VUs  2m02.0s/3m0s

running (2m03.0s), 100/100 VUs, 6018 complete and 0 interrupted iterations
default   [  68% ] 100 VUs  2m03.0s/3m0s

running (2m04.0s), 100/100 VUs, 6100 complete and 0 interrupted iterations
default   [  69% ] 100 VUs  2m04.0s/3m0s

running (2m05.0s), 100/100 VUs, 6115 complete and 0 interrupted iterations
default   [  69% ] 100 VUs  2m05.0s/3m0s

running (2m06.0s), 100/100 VUs, 6198 complete and 0 interrupted iterations
default   [  70% ] 100 VUs  2m06.0s/3m0s

running (2m07.0s), 100/100 VUs, 6214 complete and 0 interrupted iterations
default   [  71% ] 100 VUs  2m07.0s/3m0s

running (2m08.0s), 100/100 VUs, 6297 complete and 0 interrupted iterations
default   [  71% ] 100 VUs  2m08.0s/3m0s

running (2m09.0s), 100/100 VUs, 6314 complete and 0 interrupted iterations
default   [  72% ] 100 VUs  2m09.0s/3m0s

running (2m10.0s), 100/100 VUs, 6396 complete and 0 interrupted iterations
default   [  72% ] 100 VUs  2m10.0s/3m0s

running (2m11.0s), 100/100 VUs, 6412 complete and 0 interrupted iterations
default   [  73% ] 100 VUs  2m11.0s/3m0s

running (2m12.0s), 100/100 VUs, 6496 complete and 0 interrupted iterations
default   [  73% ] 100 VUs  2m12.0s/3m0s

running (2m13.0s), 100/100 VUs, 6512 complete and 0 interrupted iterations
default   [  74% ] 100 VUs  2m13.0s/3m0s

running (2m14.0s), 100/100 VUs, 6596 complete and 0 interrupted iterations
default   [  74% ] 100 VUs  2m14.0s/3m0s

running (2m15.0s), 100/100 VUs, 6612 complete and 0 interrupted iterations
default   [  75% ] 100 VUs  2m15.0s/3m0s

running (2m16.0s), 100/100 VUs, 6695 complete and 0 interrupted iterations
default   [  76% ] 100 VUs  2m16.0s/3m0s

running (2m17.0s), 100/100 VUs, 6711 complete and 0 interrupted iterations
default   [  76% ] 100 VUs  2m17.0s/3m0s

running (2m18.0s), 100/100 VUs, 6795 complete and 0 interrupted iterations
default   [  77% ] 100 VUs  2m18.0s/3m0s

running (2m19.0s), 100/100 VUs, 6811 complete and 0 interrupted iterations
default   [  77% ] 100 VUs  2m19.0s/3m0s

running (2m20.0s), 100/100 VUs, 6895 complete and 0 interrupted iterations
default   [  78% ] 100 VUs  2m20.0s/3m0s

running (2m21.0s), 100/100 VUs, 6910 complete and 0 interrupted iterations
default   [  78% ] 100 VUs  2m21.0s/3m0s

running (2m22.0s), 100/100 VUs, 6993 complete and 0 interrupted iterations
default   [  79% ] 100 VUs  2m22.0s/3m0s

running (2m23.0s), 100/100 VUs, 7010 complete and 0 interrupted iterations
default   [  79% ] 100 VUs  2m23.0s/3m0s

running (2m24.0s), 100/100 VUs, 7093 complete and 0 interrupted iterations
default   [  80% ] 100 VUs  2m24.0s/3m0s

running (2m25.0s), 100/100 VUs, 7107 complete and 0 interrupted iterations
default   [  81% ] 100 VUs  2m25.0s/3m0s

running (2m26.0s), 100/100 VUs, 7192 complete and 0 interrupted iterations
default   [  81% ] 100 VUs  2m26.0s/3m0s

running (2m27.0s), 100/100 VUs, 7207 complete and 0 interrupted iterations
default   [  82% ] 100 VUs  2m27.0s/3m0s

running (2m28.0s), 100/100 VUs, 7290 complete and 0 interrupted iterations
default   [  82% ] 100 VUs  2m28.0s/3m0s

running (2m29.0s), 100/100 VUs, 7307 complete and 0 interrupted iterations
default   [  83% ] 100 VUs  2m29.0s/3m0s

running (2m30.0s), 100/100 VUs, 7390 complete and 0 interrupted iterations
default   [  83% ] 100 VUs  2m30.0s/3m0s

running (2m31.0s), 100/100 VUs, 7406 complete and 0 interrupted iterations
default   [  84% ] 100 VUs  2m31.0s/3m0s

running (2m32.0s), 100/100 VUs, 7487 complete and 0 interrupted iterations
default   [  84% ] 100 VUs  2m32.0s/3m0s

running (2m33.0s), 100/100 VUs, 7506 complete and 0 interrupted iterations
default   [  85% ] 100 VUs  2m33.0s/3m0s

running (2m34.0s), 100/100 VUs, 7587 complete and 0 interrupted iterations
default   [  86% ] 100 VUs  2m34.0s/3m0s

running (2m35.0s), 100/100 VUs, 7606 complete and 0 interrupted iterations
default   [  86% ] 100 VUs  2m35.0s/3m0s

running (2m36.0s), 100/100 VUs, 7687 complete and 0 interrupted iterations
default   [  87% ] 100 VUs  2m36.0s/3m0s

running (2m37.0s), 100/100 VUs, 7704 complete and 0 interrupted iterations
default   [  87% ] 100 VUs  2m37.0s/3m0s

running (2m38.0s), 100/100 VUs, 7787 complete and 0 interrupted iterations
default   [  88% ] 100 VUs  2m38.0s/3m0s

running (2m39.0s), 100/100 VUs, 7803 complete and 0 interrupted iterations
default   [  88% ] 100 VUs  2m39.0s/3m0s

running (2m40.0s), 100/100 VUs, 7887 complete and 0 interrupted iterations
default   [  89% ] 100 VUs  2m40.0s/3m0s

running (2m41.0s), 100/100 VUs, 7903 complete and 0 interrupted iterations
default   [  89% ] 100 VUs  2m41.0s/3m0s

running (2m42.0s), 100/100 VUs, 7985 complete and 0 interrupted iterations
default   [  90% ] 100 VUs  2m42.0s/3m0s

running (2m43.0s), 100/100 VUs, 8003 complete and 0 interrupted iterations
default   [  91% ] 100 VUs  2m43.0s/3m0s

running (2m44.0s), 100/100 VUs, 8080 complete and 0 interrupted iterations
default   [  91% ] 100 VUs  2m44.0s/3m0s

running (2m45.0s), 100/100 VUs, 8102 complete and 0 interrupted iterations
default   [  92% ] 100 VUs  2m45.0s/3m0s

running (2m46.0s), 100/100 VUs, 8179 complete and 0 interrupted iterations
default   [  92% ] 100 VUs  2m46.0s/3m0s

running (2m47.0s), 100/100 VUs, 8202 complete and 0 interrupted iterations
default   [  93% ] 100 VUs  2m47.0s/3m0s

running (2m48.0s), 100/100 VUs, 8277 complete and 0 interrupted iterations
default   [  93% ] 100 VUs  2m48.0s/3m0s

running (2m49.0s), 100/100 VUs, 8302 complete and 0 interrupted iterations
default   [  94% ] 100 VUs  2m49.0s/3m0s

running (2m50.0s), 100/100 VUs, 8377 complete and 0 interrupted iterations
default   [  94% ] 100 VUs  2m50.0s/3m0s

running (2m51.0s), 100/100 VUs, 8402 complete and 0 interrupted iterations
default   [  95% ] 100 VUs  2m51.0s/3m0s

running (2m52.0s), 100/100 VUs, 8475 complete and 0 interrupted iterations
default   [  96% ] 100 VUs  2m52.0s/3m0s

running (2m53.0s), 100/100 VUs, 8502 complete and 0 interrupted iterations
default   [  96% ] 100 VUs  2m53.0s/3m0s

running (2m54.0s), 100/100 VUs, 8574 complete and 0 interrupted iterations
default   [  97% ] 100 VUs  2m54.0s/3m0s

running (2m55.0s), 100/100 VUs, 8602 complete and 0 interrupted iterations
default   [  97% ] 100 VUs  2m55.0s/3m0s

running (2m56.0s), 100/100 VUs, 8674 complete and 0 interrupted iterations
default   [  98% ] 100 VUs  2m56.0s/3m0s

running (2m57.0s), 100/100 VUs, 8700 complete and 0 interrupted iterations
default   [  98% ] 100 VUs  2m57.0s/3m0s

running (2m58.0s), 100/100 VUs, 8772 complete and 0 interrupted iterations
default   [  99% ] 100 VUs  2m58.0s/3m0s

running (2m59.0s), 100/100 VUs, 8800 complete and 0 interrupted iterations
default   [  99% ] 100 VUs  2m59.0s/3m0s

running (3m00.0s), 100/100 VUs, 8871 complete and 0 interrupted iterations
default   [ 100% ] 100 VUs  3m00.0s/3m0s

running (3m01.0s), 076/100 VUs, 8900 complete and 0 interrupted iterations
default ↓ [ 100% ] 100 VUs  3m0s

running (3m02.0s), 005/100 VUs, 8971 complete and 0 interrupted iterations
default ↓ [ 100% ] 100 VUs  3m0s


  █ THRESHOLDS

    http_req_duration
    ✓ 'p(95)<800' p(95)=15.42ms

    http_req_failed
    ✓ 'rate<0.01' rate=0.00%


  █ TOTAL RESULTS

    checks_total.......: 80784   443.854279/s
    checks_succeeded...: 100.00% 80784 out of 80784
    checks_failed......: 0.00%   0 out of 80784

    ✓ query status acceptable
    ✓ query has request id
    ✓ query has deployment version

    HTTP
    http_req_duration..............: avg=5.52ms min=1.43ms med=2.54ms max=257.96ms p(90)=7.3ms p(95)=15.42ms p(99)=70.43ms
      { expected_response:true }...: avg=5.52ms min=1.43ms med=2.54ms max=257.96ms p(90)=7.3ms p(95)=15.42ms p(99)=70.43ms
    http_req_failed................: 0.00%  0 out of 26928
    http_reqs......................: 26928  147.951426/s

    EXECUTION
    iteration_duration.............: avg=2.01s  min=2s     med=2s     max=2.43s    p(90)=2.02s p(95)=2.04s   p(99)=2.22s
    iterations.....................: 8976   49.317142/s
    vus............................: 5      min=5          max=100
    vus_max........................: 100    min=100        max=100

    NETWORK
    data_received..................: 11 MB  58 kB/s
    data_sent......................: 8.9 MB 49 kB/s




running (3m02.0s), 000/100 VUs, 8976 complete and 0 interrupted iterations
default ✓ [ 100% ] 100 VUs  3m0s
