
         /\      Grafana   /‾‾/
    /\  /  \     |\  __   /  /
   /  \/    \    | |/ /  /   ‾‾\
  /          \   |   (  |  (‾)  |
 / __________ \  |_|\_\  \_____/


     execution: local
        script: /opt/miemie-pre/loadtest/k6/s4-mixed-query-generate.js
        output: -

     scenarios: (100.00%) 1 scenario, 100 max VUs, 3m30s max duration (incl. graceful stop):
              * default: 100 looping VUs for 3m0s (gracefulStop: 30s)


running (0m00.9s), 100/100 VUs, 0 complete and 0 interrupted iterations
default   [   1% ] 100 VUs  0m00.9s/3m0s

running (0m01.9s), 100/100 VUs, 0 complete and 0 interrupted iterations
default   [   1% ] 100 VUs  0m01.9s/3m0s

running (0m02.9s), 100/100 VUs, 88 complete and 0 interrupted iterations
default   [   2% ] 100 VUs  0m02.9s/3m0s

running (0m03.9s), 100/100 VUs, 97 complete and 0 interrupted iterations
default   [   2% ] 100 VUs  0m03.9s/3m0s

running (0m04.9s), 100/100 VUs, 129 complete and 0 interrupted iterations
default   [   3% ] 100 VUs  0m04.9s/3m0s

running (0m05.9s), 100/100 VUs, 185 complete and 0 interrupted iterations
default   [   3% ] 100 VUs  0m05.9s/3m0s

running (0m06.9s), 100/100 VUs, 216 complete and 0 interrupted iterations
default   [   4% ] 100 VUs  0m06.9s/3m0s

running (0m07.9s), 100/100 VUs, 275 complete and 0 interrupted iterations
default   [   4% ] 100 VUs  0m07.9s/3m0s

running (0m08.9s), 100/100 VUs, 300 complete and 0 interrupted iterations
default   [   5% ] 100 VUs  0m08.9s/3m0s

running (0m09.9s), 100/100 VUs, 366 complete and 0 interrupted iterations
default   [   6% ] 100 VUs  0m09.9s/3m0s

running (0m10.9s), 100/100 VUs, 387 complete and 0 interrupted iterations
default   [   6% ] 100 VUs  0m10.9s/3m0s

running (0m11.9s), 100/100 VUs, 457 complete and 0 interrupted iterations
default   [   7% ] 100 VUs  0m11.9s/3m0s

running (0m12.9s), 100/100 VUs, 478 complete and 0 interrupted iterations
default   [   7% ] 100 VUs  0m12.9s/3m0s

running (0m13.9s), 100/100 VUs, 543 complete and 0 interrupted iterations
default   [   8% ] 100 VUs  0m13.9s/3m0s

running (0m14.9s), 100/100 VUs, 565 complete and 0 interrupted iterations
default   [   8% ] 100 VUs  0m14.9s/3m0s

running (0m15.9s), 100/100 VUs, 633 complete and 0 interrupted iterations
default   [   9% ] 100 VUs  0m15.9s/3m0s

running (0m16.9s), 100/100 VUs, 653 complete and 0 interrupted iterations
default   [   9% ] 100 VUs  0m16.9s/3m0s

running (0m17.9s), 100/100 VUs, 721 complete and 0 interrupted iterations
default   [  10% ] 100 VUs  0m17.9s/3m0s

running (0m18.9s), 100/100 VUs, 744 complete and 0 interrupted iterations
default   [  11% ] 100 VUs  0m18.9s/3m0s

running (0m19.9s), 100/100 VUs, 807 complete and 0 interrupted iterations
default   [  11% ] 100 VUs  0m19.9s/3m0s

running (0m20.9s), 100/100 VUs, 836 complete and 0 interrupted iterations
default   [  12% ] 100 VUs  0m20.9s/3m0s

running (0m21.9s), 100/100 VUs, 895 complete and 0 interrupted iterations
default   [  12% ] 100 VUs  0m21.9s/3m0s

running (0m22.9s), 100/100 VUs, 925 complete and 0 interrupted iterations
default   [  13% ] 100 VUs  0m22.9s/3m0s

running (0m23.9s), 100/100 VUs, 980 complete and 0 interrupted iterations
default   [  13% ] 100 VUs  0m23.9s/3m0s

running (0m24.9s), 100/100 VUs, 1015 complete and 0 interrupted iterations
default   [  14% ] 100 VUs  0m24.9s/3m0s

running (0m25.9s), 100/100 VUs, 1065 complete and 0 interrupted iterations
default   [  14% ] 100 VUs  0m25.9s/3m0s

running (0m26.9s), 100/100 VUs, 1103 complete and 0 interrupted iterations
default   [  15% ] 100 VUs  0m26.9s/3m0s

running (0m27.9s), 100/100 VUs, 1150 complete and 0 interrupted iterations
default   [  16% ] 100 VUs  0m27.9s/3m0s

running (0m28.9s), 100/100 VUs, 1193 complete and 0 interrupted iterations
default   [  16% ] 100 VUs  0m28.9s/3m0s

running (0m29.9s), 100/100 VUs, 1238 complete and 0 interrupted iterations
default   [  17% ] 100 VUs  0m29.9s/3m0s

running (0m30.9s), 100/100 VUs, 1284 complete and 0 interrupted iterations
default   [  17% ] 100 VUs  0m30.9s/3m0s

running (0m31.9s), 100/100 VUs, 1318 complete and 0 interrupted iterations
default   [  18% ] 100 VUs  0m31.9s/3m0s

running (0m32.9s), 100/100 VUs, 1370 complete and 0 interrupted iterations
default   [  18% ] 100 VUs  0m32.9s/3m0s

running (0m33.9s), 100/100 VUs, 1406 complete and 0 interrupted iterations
default   [  19% ] 100 VUs  0m33.9s/3m0s

running (0m34.9s), 100/100 VUs, 1452 complete and 0 interrupted iterations
default   [  19% ] 100 VUs  0m34.9s/3m0s

running (0m35.9s), 100/100 VUs, 1488 complete and 0 interrupted iterations
default   [  20% ] 100 VUs  0m35.9s/3m0s

running (0m36.9s), 100/100 VUs, 1538 complete and 0 interrupted iterations
default   [  21% ] 100 VUs  0m36.9s/3m0s

running (0m37.9s), 100/100 VUs, 1572 complete and 0 interrupted iterations
default   [  21% ] 100 VUs  0m37.9s/3m0s

running (0m38.9s), 100/100 VUs, 1622 complete and 0 interrupted iterations
default   [  22% ] 100 VUs  0m38.9s/3m0s

running (0m39.9s), 100/100 VUs, 1657 complete and 0 interrupted iterations
default   [  22% ] 100 VUs  0m39.9s/3m0s

running (0m40.9s), 100/100 VUs, 1710 complete and 0 interrupted iterations
default   [  23% ] 100 VUs  0m40.9s/3m0s

running (0m41.9s), 100/100 VUs, 1746 complete and 0 interrupted iterations
default   [  23% ] 100 VUs  0m41.9s/3m0s

running (0m42.9s), 100/100 VUs, 1792 complete and 0 interrupted iterations
default   [  24% ] 100 VUs  0m42.9s/3m0s

running (0m43.9s), 100/100 VUs, 1829 complete and 0 interrupted iterations
default   [  24% ] 100 VUs  0m43.9s/3m0s

running (0m44.9s), 100/100 VUs, 1877 complete and 0 interrupted iterations
default   [  25% ] 100 VUs  0m44.9s/3m0s

running (0m45.9s), 100/100 VUs, 1917 complete and 0 interrupted iterations
default   [  26% ] 100 VUs  0m45.9s/3m0s

running (0m46.9s), 100/100 VUs, 1966 complete and 0 interrupted iterations
default   [  26% ] 100 VUs  0m46.9s/3m0s

running (0m47.9s), 100/100 VUs, 2004 complete and 0 interrupted iterations
default   [  27% ] 100 VUs  0m47.9s/3m0s

running (0m48.9s), 100/100 VUs, 2053 complete and 0 interrupted iterations
default   [  27% ] 100 VUs  0m48.9s/3m0s

running (0m49.9s), 100/100 VUs, 2087 complete and 0 interrupted iterations
default   [  28% ] 100 VUs  0m49.9s/3m0s

running (0m50.9s), 100/100 VUs, 2138 complete and 0 interrupted iterations
default   [  28% ] 100 VUs  0m50.9s/3m0s

running (0m51.9s), 100/100 VUs, 2175 complete and 0 interrupted iterations
default   [  29% ] 100 VUs  0m51.9s/3m0s

running (0m52.9s), 100/100 VUs, 2228 complete and 0 interrupted iterations
default   [  29% ] 100 VUs  0m52.9s/3m0s

running (0m53.9s), 100/100 VUs, 2263 complete and 0 interrupted iterations
default   [  30% ] 100 VUs  0m53.9s/3m0s

running (0m54.9s), 100/100 VUs, 2312 complete and 0 interrupted iterations
default   [  31% ] 100 VUs  0m54.9s/3m0s

running (0m55.9s), 100/100 VUs, 2349 complete and 0 interrupted iterations
default   [  31% ] 100 VUs  0m55.9s/3m0s

running (0m56.9s), 100/100 VUs, 2400 complete and 0 interrupted iterations
default   [  32% ] 100 VUs  0m56.9s/3m0s

running (0m57.9s), 100/100 VUs, 2440 complete and 0 interrupted iterations
default   [  32% ] 100 VUs  0m57.9s/3m0s

running (0m58.9s), 100/100 VUs, 2486 complete and 0 interrupted iterations
default   [  33% ] 100 VUs  0m58.9s/3m0s

running (0m59.9s), 100/100 VUs, 2524 complete and 0 interrupted iterations
default   [  33% ] 100 VUs  0m59.9s/3m0s

running (1m00.9s), 100/100 VUs, 2575 complete and 0 interrupted iterations
default   [  34% ] 100 VUs  1m00.9s/3m0s

running (1m01.9s), 100/100 VUs, 2613 complete and 0 interrupted iterations
default   [  34% ] 100 VUs  1m01.9s/3m0s
time="2026-05-30T14:18:30+08:00" level=warning msg="Request Failed" error="Get \"https://pre-studio.miemie.co/api/video-studio?project_id=1d28d27e-4fc5-4edb-afa1-a71a5cc31d2c\": request timeout"

running (1m02.9s), 100/100 VUs, 2664 complete and 0 interrupted iterations
default   [  35% ] 100 VUs  1m02.9s/3m0s

running (1m03.9s), 100/100 VUs, 2701 complete and 0 interrupted iterations
default   [  36% ] 100 VUs  1m03.9s/3m0s

running (1m04.9s), 100/100 VUs, 2754 complete and 0 interrupted iterations
default   [  36% ] 100 VUs  1m04.9s/3m0s

running (1m05.9s), 100/100 VUs, 2795 complete and 0 interrupted iterations
default   [  37% ] 100 VUs  1m05.9s/3m0s

running (1m06.9s), 100/100 VUs, 2842 complete and 0 interrupted iterations
default   [  37% ] 100 VUs  1m06.9s/3m0s

running (1m07.9s), 100/100 VUs, 2887 complete and 0 interrupted iterations
default   [  38% ] 100 VUs  1m07.9s/3m0s

running (1m08.9s), 100/100 VUs, 2930 complete and 0 interrupted iterations
default   [  38% ] 100 VUs  1m08.9s/3m0s

running (1m09.9s), 100/100 VUs, 2977 complete and 0 interrupted iterations
default   [  39% ] 100 VUs  1m09.9s/3m0s

running (1m10.9s), 100/100 VUs, 3016 complete and 0 interrupted iterations
default   [  39% ] 100 VUs  1m10.9s/3m0s

running (1m11.9s), 100/100 VUs, 3063 complete and 0 interrupted iterations
default   [  40% ] 100 VUs  1m11.9s/3m0s

running (1m12.9s), 100/100 VUs, 3105 complete and 0 interrupted iterations
default   [  41% ] 100 VUs  1m12.9s/3m0s

running (1m13.9s), 100/100 VUs, 3150 complete and 0 interrupted iterations
default   [  41% ] 100 VUs  1m13.9s/3m0s

running (1m14.9s), 100/100 VUs, 3194 complete and 0 interrupted iterations
default   [  42% ] 100 VUs  1m14.9s/3m0s

running (1m15.9s), 100/100 VUs, 3238 complete and 0 interrupted iterations
default   [  42% ] 100 VUs  1m15.9s/3m0s

running (1m16.9s), 100/100 VUs, 3277 complete and 0 interrupted iterations
default   [  43% ] 100 VUs  1m16.9s/3m0s

running (1m17.9s), 100/100 VUs, 3323 complete and 0 interrupted iterations
default   [  43% ] 100 VUs  1m17.9s/3m0s

running (1m18.9s), 100/100 VUs, 3360 complete and 0 interrupted iterations
default   [  44% ] 100 VUs  1m18.9s/3m0s

running (1m19.9s), 100/100 VUs, 3406 complete and 0 interrupted iterations
default   [  44% ] 100 VUs  1m19.9s/3m0s

running (1m20.9s), 100/100 VUs, 3445 complete and 0 interrupted iterations
default   [  45% ] 100 VUs  1m20.9s/3m0s

running (1m21.9s), 100/100 VUs, 3490 complete and 0 interrupted iterations
default   [  46% ] 100 VUs  1m21.9s/3m0s

running (1m22.9s), 100/100 VUs, 3526 complete and 0 interrupted iterations
default   [  46% ] 100 VUs  1m22.9s/3m0s

running (1m23.9s), 100/100 VUs, 3573 complete and 0 interrupted iterations
default   [  47% ] 100 VUs  1m23.9s/3m0s

running (1m24.9s), 100/100 VUs, 3607 complete and 0 interrupted iterations
default   [  47% ] 100 VUs  1m24.9s/3m0s

running (1m25.9s), 100/100 VUs, 3651 complete and 0 interrupted iterations
default   [  48% ] 100 VUs  1m25.9s/3m0s

running (1m26.9s), 100/100 VUs, 3691 complete and 0 interrupted iterations
default   [  48% ] 100 VUs  1m26.9s/3m0s

running (1m27.9s), 100/100 VUs, 3735 complete and 0 interrupted iterations
default   [  49% ] 100 VUs  1m27.9s/3m0s

running (1m28.9s), 100/100 VUs, 3777 complete and 0 interrupted iterations
default   [  49% ] 100 VUs  1m28.9s/3m0s

running (1m29.9s), 100/100 VUs, 3823 complete and 0 interrupted iterations
default   [  50% ] 100 VUs  1m29.9s/3m0s

running (1m30.9s), 100/100 VUs, 3862 complete and 0 interrupted iterations
default   [  51% ] 100 VUs  1m30.9s/3m0s

running (1m31.9s), 100/100 VUs, 3908 complete and 0 interrupted iterations
default   [  51% ] 100 VUs  1m31.9s/3m0s

running (1m32.9s), 100/100 VUs, 3951 complete and 0 interrupted iterations
default   [  52% ] 100 VUs  1m32.9s/3m0s

running (1m33.9s), 100/100 VUs, 3999 complete and 0 interrupted iterations
default   [  52% ] 100 VUs  1m33.9s/3m0s

running (1m34.9s), 100/100 VUs, 4041 complete and 0 interrupted iterations
default   [  53% ] 100 VUs  1m34.9s/3m0s

running (1m35.9s), 100/100 VUs, 4086 complete and 0 interrupted iterations
default   [  53% ] 100 VUs  1m35.9s/3m0s

running (1m36.9s), 100/100 VUs, 4131 complete and 0 interrupted iterations
default   [  54% ] 100 VUs  1m36.9s/3m0s

running (1m37.9s), 100/100 VUs, 4173 complete and 0 interrupted iterations
default   [  54% ] 100 VUs  1m37.9s/3m0s

running (1m38.9s), 100/100 VUs, 4216 complete and 0 interrupted iterations
default   [  55% ] 100 VUs  1m38.9s/3m0s

running (1m39.9s), 100/100 VUs, 4261 complete and 0 interrupted iterations
default   [  56% ] 100 VUs  1m39.9s/3m0s
time="2026-05-30T14:19:07+08:00" level=warning msg="Request Failed" error="Get \"https://pre-studio.miemie.co/api/video-studio?project_id=1d28d27e-4fc5-4edb-afa1-a71a5cc31d2c\": request timeout"

running (1m40.9s), 100/100 VUs, 4298 complete and 0 interrupted iterations
default   [  56% ] 100 VUs  1m40.9s/3m0s

running (1m41.9s), 100/100 VUs, 4344 complete and 0 interrupted iterations
default   [  57% ] 100 VUs  1m41.9s/3m0s

running (1m42.9s), 100/100 VUs, 4386 complete and 0 interrupted iterations
default   [  57% ] 100 VUs  1m42.9s/3m0s

running (1m43.9s), 100/100 VUs, 4429 complete and 0 interrupted iterations
default   [  58% ] 100 VUs  1m43.9s/3m0s

running (1m44.9s), 100/100 VUs, 4473 complete and 0 interrupted iterations
default   [  58% ] 100 VUs  1m44.9s/3m0s

running (1m45.9s), 100/100 VUs, 4516 complete and 0 interrupted iterations
default   [  59% ] 100 VUs  1m45.9s/3m0s

running (1m46.9s), 100/100 VUs, 4559 complete and 0 interrupted iterations
default   [  59% ] 100 VUs  1m46.9s/3m0s

running (1m47.9s), 100/100 VUs, 4601 complete and 0 interrupted iterations
default   [  60% ] 100 VUs  1m47.9s/3m0s

running (1m48.9s), 100/100 VUs, 4639 complete and 0 interrupted iterations
default   [  61% ] 100 VUs  1m48.9s/3m0s

running (1m49.9s), 100/100 VUs, 4682 complete and 0 interrupted iterations
default   [  61% ] 100 VUs  1m49.9s/3m0s

running (1m50.9s), 100/100 VUs, 4724 complete and 0 interrupted iterations
default   [  62% ] 100 VUs  1m50.9s/3m0s

running (1m51.9s), 100/100 VUs, 4770 complete and 0 interrupted iterations
default   [  62% ] 100 VUs  1m51.9s/3m0s

running (1m52.9s), 100/100 VUs, 4811 complete and 0 interrupted iterations
default   [  63% ] 100 VUs  1m52.9s/3m0s

running (1m53.9s), 100/100 VUs, 4862 complete and 0 interrupted iterations
default   [  63% ] 100 VUs  1m53.9s/3m0s

running (1m54.9s), 100/100 VUs, 4900 complete and 0 interrupted iterations
default   [  64% ] 100 VUs  1m54.9s/3m0s

running (1m55.9s), 100/100 VUs, 4954 complete and 0 interrupted iterations
default   [  64% ] 100 VUs  1m55.9s/3m0s

running (1m56.9s), 100/100 VUs, 4990 complete and 0 interrupted iterations
default   [  65% ] 100 VUs  1m56.9s/3m0s

running (1m57.9s), 100/100 VUs, 5041 complete and 0 interrupted iterations
default   [  66% ] 100 VUs  1m57.9s/3m0s

running (1m58.9s), 100/100 VUs, 5081 complete and 0 interrupted iterations
default   [  66% ] 100 VUs  1m58.9s/3m0s

running (1m59.9s), 100/100 VUs, 5132 complete and 0 interrupted iterations
default   [  67% ] 100 VUs  1m59.9s/3m0s

running (2m00.9s), 100/100 VUs, 5175 complete and 0 interrupted iterations
default   [  67% ] 100 VUs  2m00.9s/3m0s

running (2m01.9s), 100/100 VUs, 5221 complete and 0 interrupted iterations
default   [  68% ] 100 VUs  2m01.9s/3m0s

running (2m02.9s), 100/100 VUs, 5266 complete and 0 interrupted iterations
default   [  68% ] 100 VUs  2m02.9s/3m0s

running (2m03.9s), 100/100 VUs, 5309 complete and 0 interrupted iterations
default   [  69% ] 100 VUs  2m03.9s/3m0s

running (2m04.9s), 100/100 VUs, 5356 complete and 0 interrupted iterations
default   [  69% ] 100 VUs  2m04.9s/3m0s

running (2m05.9s), 100/100 VUs, 5400 complete and 0 interrupted iterations
default   [  70% ] 100 VUs  2m05.9s/3m0s

running (2m06.9s), 100/100 VUs, 5446 complete and 0 interrupted iterations
default   [  71% ] 100 VUs  2m06.9s/3m0s

running (2m07.9s), 100/100 VUs, 5488 complete and 0 interrupted iterations
default   [  71% ] 100 VUs  2m07.9s/3m0s

running (2m08.9s), 100/100 VUs, 5535 complete and 0 interrupted iterations
default   [  72% ] 100 VUs  2m08.9s/3m0s
time="2026-05-30T14:19:36+08:00" level=warning msg="Request Failed" error="Get \"https://pre-studio.miemie.co/api/projects\": request timeout"

running (2m09.9s), 100/100 VUs, 5579 complete and 0 interrupted iterations
default   [  72% ] 100 VUs  2m09.9s/3m0s

running (2m10.9s), 100/100 VUs, 5626 complete and 0 interrupted iterations
default   [  73% ] 100 VUs  2m10.9s/3m0s

running (2m11.9s), 100/100 VUs, 5668 complete and 0 interrupted iterations
default   [  73% ] 100 VUs  2m11.9s/3m0s

running (2m12.9s), 100/100 VUs, 5713 complete and 0 interrupted iterations
default   [  74% ] 100 VUs  2m12.9s/3m0s

running (2m13.9s), 100/100 VUs, 5762 complete and 0 interrupted iterations
default   [  74% ] 100 VUs  2m13.9s/3m0s

running (2m14.9s), 100/100 VUs, 5804 complete and 0 interrupted iterations
default   [  75% ] 100 VUs  2m14.9s/3m0s

running (2m15.9s), 100/100 VUs, 5855 complete and 0 interrupted iterations
default   [  76% ] 100 VUs  2m15.9s/3m0s

running (2m16.9s), 100/100 VUs, 5893 complete and 0 interrupted iterations
default   [  76% ] 100 VUs  2m16.9s/3m0s

running (2m17.9s), 100/100 VUs, 5943 complete and 0 interrupted iterations
default   [  77% ] 100 VUs  2m17.9s/3m0s

running (2m18.9s), 100/100 VUs, 5987 complete and 0 interrupted iterations
default   [  77% ] 100 VUs  2m18.9s/3m0s

running (2m19.9s), 100/100 VUs, 6033 complete and 0 interrupted iterations
default   [  78% ] 100 VUs  2m19.9s/3m0s

running (2m20.9s), 100/100 VUs, 6078 complete and 0 interrupted iterations
default   [  78% ] 100 VUs  2m20.9s/3m0s

running (2m21.9s), 100/100 VUs, 6126 complete and 0 interrupted iterations
default   [  79% ] 100 VUs  2m21.9s/3m0s

running (2m22.9s), 100/100 VUs, 6170 complete and 0 interrupted iterations
default   [  79% ] 100 VUs  2m22.9s/3m0s

running (2m23.9s), 100/100 VUs, 6217 complete and 0 interrupted iterations
default   [  80% ] 100 VUs  2m23.9s/3m0s

running (2m24.9s), 100/100 VUs, 6258 complete and 0 interrupted iterations
default   [  81% ] 100 VUs  2m24.9s/3m0s

running (2m25.9s), 100/100 VUs, 6307 complete and 0 interrupted iterations
default   [  81% ] 100 VUs  2m25.9s/3m0s

running (2m26.9s), 100/100 VUs, 6349 complete and 0 interrupted iterations
default   [  82% ] 100 VUs  2m26.9s/3m0s

running (2m27.9s), 100/100 VUs, 6392 complete and 0 interrupted iterations
default   [  82% ] 100 VUs  2m27.9s/3m0s

running (2m28.9s), 100/100 VUs, 6433 complete and 0 interrupted iterations
default   [  83% ] 100 VUs  2m28.9s/3m0s

running (2m29.9s), 100/100 VUs, 6483 complete and 0 interrupted iterations
default   [  83% ] 100 VUs  2m29.9s/3m0s

running (2m30.9s), 100/100 VUs, 6519 complete and 0 interrupted iterations
default   [  84% ] 100 VUs  2m30.9s/3m0s

running (2m31.9s), 100/100 VUs, 6571 complete and 0 interrupted iterations
default   [  84% ] 100 VUs  2m31.9s/3m0s

running (2m32.9s), 100/100 VUs, 6606 complete and 0 interrupted iterations
default   [  85% ] 100 VUs  2m32.9s/3m0s

running (2m33.9s), 100/100 VUs, 6651 complete and 0 interrupted iterations
default   [  86% ] 100 VUs  2m33.9s/3m0s

running (2m34.9s), 100/100 VUs, 6693 complete and 0 interrupted iterations
default   [  86% ] 100 VUs  2m34.9s/3m0s

running (2m35.9s), 100/100 VUs, 6736 complete and 0 interrupted iterations
default   [  87% ] 100 VUs  2m35.9s/3m0s

running (2m36.9s), 100/100 VUs, 6777 complete and 0 interrupted iterations
default   [  87% ] 100 VUs  2m36.9s/3m0s

running (2m37.9s), 100/100 VUs, 6819 complete and 0 interrupted iterations
default   [  88% ] 100 VUs  2m37.9s/3m0s

running (2m38.9s), 100/100 VUs, 6859 complete and 0 interrupted iterations
default   [  88% ] 100 VUs  2m38.9s/3m0s

running (2m39.9s), 100/100 VUs, 6898 complete and 0 interrupted iterations
default   [  89% ] 100 VUs  2m39.9s/3m0s

running (2m40.9s), 100/100 VUs, 6940 complete and 0 interrupted iterations
default   [  89% ] 100 VUs  2m40.9s/3m0s

running (2m41.9s), 100/100 VUs, 6979 complete and 0 interrupted iterations
default   [  90% ] 100 VUs  2m41.9s/3m0s

running (2m42.9s), 100/100 VUs, 7022 complete and 0 interrupted iterations
default   [  91% ] 100 VUs  2m42.9s/3m0s

running (2m43.9s), 100/100 VUs, 7065 complete and 0 interrupted iterations
default   [  91% ] 100 VUs  2m43.9s/3m0s

running (2m44.9s), 100/100 VUs, 7106 complete and 0 interrupted iterations
default   [  92% ] 100 VUs  2m44.9s/3m0s

running (2m45.9s), 100/100 VUs, 7152 complete and 0 interrupted iterations
default   [  92% ] 100 VUs  2m45.9s/3m0s

running (2m46.9s), 100/100 VUs, 7191 complete and 0 interrupted iterations
default   [  93% ] 100 VUs  2m46.9s/3m0s

running (2m47.9s), 100/100 VUs, 7240 complete and 0 interrupted iterations
default   [  93% ] 100 VUs  2m47.9s/3m0s

running (2m48.9s), 100/100 VUs, 7280 complete and 0 interrupted iterations
default   [  94% ] 100 VUs  2m48.9s/3m0s

running (2m49.9s), 100/100 VUs, 7332 complete and 0 interrupted iterations
default   [  94% ] 100 VUs  2m49.9s/3m0s

running (2m50.9s), 100/100 VUs, 7368 complete and 0 interrupted iterations
default   [  95% ] 100 VUs  2m50.9s/3m0s

running (2m51.9s), 100/100 VUs, 7411 complete and 0 interrupted iterations
default   [  96% ] 100 VUs  2m51.9s/3m0s

running (2m52.9s), 100/100 VUs, 7458 complete and 0 interrupted iterations
default   [  96% ] 100 VUs  2m52.9s/3m0s

running (2m53.9s), 100/100 VUs, 7504 complete and 0 interrupted iterations
default   [  97% ] 100 VUs  2m53.9s/3m0s

running (2m54.9s), 100/100 VUs, 7546 complete and 0 interrupted iterations
default   [  97% ] 100 VUs  2m54.9s/3m0s

running (2m55.9s), 100/100 VUs, 7591 complete and 0 interrupted iterations
default   [  98% ] 100 VUs  2m55.9s/3m0s

running (2m56.9s), 100/100 VUs, 7637 complete and 0 interrupted iterations
default   [  98% ] 100 VUs  2m56.9s/3m0s

running (2m57.9s), 100/100 VUs, 7681 complete and 0 interrupted iterations
default   [  99% ] 100 VUs  2m57.9s/3m0s

running (2m58.9s), 100/100 VUs, 7727 complete and 0 interrupted iterations
default   [  99% ] 100 VUs  2m58.9s/3m0s

running (2m59.9s), 100/100 VUs, 7769 complete and 0 interrupted iterations
default   [ 100% ] 100 VUs  2m59.9s/3m0s

running (3m00.9s), 057/100 VUs, 7816 complete and 0 interrupted iterations
default ↓ [ 100% ] 100 VUs  3m0s

running (3m01.9s), 014/100 VUs, 7859 complete and 0 interrupted iterations
default ↓ [ 100% ] 100 VUs  3m0s

running (3m02.9s), 008/100 VUs, 7865 complete and 0 interrupted iterations
default ↓ [ 100% ] 100 VUs  3m0s

running (3m03.9s), 007/100 VUs, 7866 complete and 0 interrupted iterations
default ↓ [ 100% ] 100 VUs  3m0s

running (3m04.9s), 007/100 VUs, 7866 complete and 0 interrupted iterations
default ↓ [ 100% ] 100 VUs  3m0s

running (3m05.9s), 006/100 VUs, 7867 complete and 0 interrupted iterations
default ↓ [ 100% ] 100 VUs  3m0s

running (3m06.9s), 004/100 VUs, 7869 complete and 0 interrupted iterations
default ↓ [ 100% ] 100 VUs  3m0s

running (3m07.9s), 004/100 VUs, 7869 complete and 0 interrupted iterations
default ↓ [ 100% ] 100 VUs  3m0s

running (3m08.9s), 004/100 VUs, 7869 complete and 0 interrupted iterations
default ↓ [ 100% ] 100 VUs  3m0s

running (3m09.9s), 004/100 VUs, 7869 complete and 0 interrupted iterations
default ↓ [ 100% ] 100 VUs  3m0s

running (3m10.9s), 004/100 VUs, 7869 complete and 0 interrupted iterations
default ↓ [ 100% ] 100 VUs  3m0s

running (3m11.9s), 004/100 VUs, 7869 complete and 0 interrupted iterations
default ↓ [ 100% ] 100 VUs  3m0s

running (3m12.9s), 004/100 VUs, 7869 complete and 0 interrupted iterations
default ↓ [ 100% ] 100 VUs  3m0s

running (3m13.9s), 004/100 VUs, 7869 complete and 0 interrupted iterations
default ↓ [ 100% ] 100 VUs  3m0s

running (3m14.9s), 004/100 VUs, 7869 complete and 0 interrupted iterations
default ↓ [ 100% ] 100 VUs  3m0s

running (3m15.9s), 004/100 VUs, 7869 complete and 0 interrupted iterations
default ↓ [ 100% ] 100 VUs  3m0s

running (3m16.9s), 004/100 VUs, 7869 complete and 0 interrupted iterations
default ↓ [ 100% ] 100 VUs  3m0s

running (3m17.9s), 003/100 VUs, 7870 complete and 0 interrupted iterations
default ↓ [ 100% ] 100 VUs  3m0s

running (3m18.9s), 003/100 VUs, 7870 complete and 0 interrupted iterations
default ↓ [ 100% ] 100 VUs  3m0s

running (3m19.9s), 003/100 VUs, 7870 complete and 0 interrupted iterations
default ↓ [ 100% ] 100 VUs  3m0s

running (3m20.9s), 003/100 VUs, 7870 complete and 0 interrupted iterations
default ↓ [ 100% ] 100 VUs  3m0s

running (3m21.9s), 003/100 VUs, 7870 complete and 0 interrupted iterations
default ↓ [ 100% ] 100 VUs  3m0s

running (3m22.9s), 003/100 VUs, 7870 complete and 0 interrupted iterations
default ↓ [ 100% ] 100 VUs  3m0s

running (3m23.9s), 003/100 VUs, 7870 complete and 0 interrupted iterations
default ↓ [ 100% ] 100 VUs  3m0s

running (3m24.9s), 003/100 VUs, 7870 complete and 0 interrupted iterations
default ↓ [ 100% ] 100 VUs  3m0s

running (3m25.9s), 003/100 VUs, 7870 complete and 0 interrupted iterations
default ↓ [ 100% ] 100 VUs  3m0s

running (3m26.9s), 003/100 VUs, 7870 complete and 0 interrupted iterations
default ↓ [ 100% ] 100 VUs  3m0s

running (3m27.9s), 002/100 VUs, 7871 complete and 0 interrupted iterations
default ↓ [ 100% ] 100 VUs  3m0s

running (3m28.9s), 002/100 VUs, 7871 complete and 0 interrupted iterations
default ↓ [ 100% ] 100 VUs  3m0s

running (3m29.9s), 002/100 VUs, 7871 complete and 0 interrupted iterations
default ↓ [ 100% ] 100 VUs  3m0s


  █ THRESHOLDS

    http_req_duration
    ✓ 'p(95)<800' p(95)=126.66ms

    http_req_failed
    ✓ 'rate<0.01' rate=0.01%


  █ TOTAL RESULTS

    checks_total.......: 70848  337.370002/s
    checks_succeeded...: 99.98% 70839 out of 70848
    checks_failed......: 0.01%  9 out of 70848

    ✗ query status acceptable
      ↳  99% — ✓ 23613 / ✗ 3
    ✗ query has request id
      ↳  99% — ✓ 23613 / ✗ 3
    ✗ query has deployment version
      ↳  99% — ✓ 23613 / ✗ 3

    HTTP
    http_req_duration..............: avg=98.77ms min=10.71ms med=15.11ms max=1m0s   p(90)=25.54ms p(95)=126.66ms p(99)=1.43s
      { expected_response:true }...: avg=91.16ms min=10.71ms med=15.11ms max=59.35s p(90)=25.52ms p(95)=125.88ms p(99)=1.42s
    http_req_failed................: 0.01%  3 out of 23616
    http_reqs......................: 23616  112.456667/s

    EXECUTION
    iteration_duration.............: avg=2.3s    min=2.03s   med=2.04s   max=1m2s   p(90)=2.29s   p(95)=2.78s    p(99)=6.97s
    iterations.....................: 7871   37.480794/s
    vus............................: 2      min=2          max=100
    vus_max........................: 100    min=100        max=100

    NETWORK
    data_received..................: 13 MB  59 kB/s
    data_sent......................: 1.5 MB 7.3 kB/s




running (3m30.0s), 000/100 VUs, 7871 complete and 2 interrupted iterations
default ✓ [ 100% ] 100 VUs  3m0s
