
         /\      Grafana   /‾‾/
    /\  /  \     |\  __   /  /
   /  \/    \    | |/ /  /   ‾‾\
  /          \   |   (  |  (‾)  |
 / __________ \  |_|\_\  \_____/


     execution: local
        script: /opt/miemie-pre/loadtest/k6/s4-mixed-query-generate.js
        output: -

     scenarios: (100.00%) 1 scenario, 20 max VUs, 1m30s max duration (incl. graceful stop):
              * default: 20 looping VUs for 1m0s (gracefulStop: 30s)


running (0m01.0s), 20/20 VUs, 0 complete and 0 interrupted iterations
default   [   2% ] 20 VUs  0m01.0s/1m0s

running (0m02.0s), 20/20 VUs, 0 complete and 0 interrupted iterations
default   [   3% ] 20 VUs  0m02.0s/1m0s

running (0m03.0s), 20/20 VUs, 18 complete and 0 interrupted iterations
default   [   5% ] 20 VUs  0m03.0s/1m0s

running (0m04.0s), 20/20 VUs, 19 complete and 0 interrupted iterations
default   [   7% ] 20 VUs  0m04.0s/1m0s

running (0m05.0s), 20/20 VUs, 38 complete and 0 interrupted iterations
default   [   8% ] 20 VUs  0m05.0s/1m0s

running (0m06.0s), 20/20 VUs, 39 complete and 0 interrupted iterations
default   [  10% ] 20 VUs  0m06.0s/1m0s

running (0m07.0s), 20/20 VUs, 56 complete and 0 interrupted iterations
default   [  12% ] 20 VUs  0m07.0s/1m0s

running (0m08.0s), 20/20 VUs, 59 complete and 0 interrupted iterations
default   [  13% ] 20 VUs  0m08.0s/1m0s

running (0m09.0s), 20/20 VUs, 75 complete and 0 interrupted iterations
default   [  15% ] 20 VUs  0m09.0s/1m0s

running (0m10.0s), 20/20 VUs, 79 complete and 0 interrupted iterations
default   [  17% ] 20 VUs  0m10.0s/1m0s

running (0m11.0s), 20/20 VUs, 95 complete and 0 interrupted iterations
default   [  18% ] 20 VUs  0m11.0s/1m0s

running (0m12.0s), 20/20 VUs, 99 complete and 0 interrupted iterations
default   [  20% ] 20 VUs  0m12.0s/1m0s

running (0m13.0s), 20/20 VUs, 115 complete and 0 interrupted iterations
default   [  22% ] 20 VUs  0m13.0s/1m0s

running (0m14.0s), 20/20 VUs, 118 complete and 0 interrupted iterations
default   [  23% ] 20 VUs  0m14.0s/1m0s

running (0m15.0s), 20/20 VUs, 134 complete and 0 interrupted iterations
default   [  25% ] 20 VUs  0m15.0s/1m0s

running (0m16.0s), 20/20 VUs, 137 complete and 0 interrupted iterations
default   [  27% ] 20 VUs  0m16.0s/1m0s

running (0m17.0s), 20/20 VUs, 154 complete and 0 interrupted iterations
default   [  28% ] 20 VUs  0m17.0s/1m0s

running (0m18.0s), 20/20 VUs, 156 complete and 0 interrupted iterations
default   [  30% ] 20 VUs  0m18.0s/1m0s

running (0m19.0s), 20/20 VUs, 173 complete and 0 interrupted iterations
default   [  32% ] 20 VUs  0m19.0s/1m0s

running (0m20.0s), 20/20 VUs, 176 complete and 0 interrupted iterations
default   [  33% ] 20 VUs  0m20.0s/1m0s

running (0m21.0s), 20/20 VUs, 192 complete and 0 interrupted iterations
default   [  35% ] 20 VUs  0m21.0s/1m0s

running (0m22.0s), 20/20 VUs, 196 complete and 0 interrupted iterations
default   [  37% ] 20 VUs  0m22.0s/1m0s

running (0m23.0s), 20/20 VUs, 211 complete and 0 interrupted iterations
default   [  38% ] 20 VUs  0m23.0s/1m0s

running (0m24.0s), 20/20 VUs, 215 complete and 0 interrupted iterations
default   [  40% ] 20 VUs  0m24.0s/1m0s

running (0m25.0s), 20/20 VUs, 229 complete and 0 interrupted iterations
default   [  42% ] 20 VUs  0m25.0s/1m0s

running (0m26.0s), 20/20 VUs, 234 complete and 0 interrupted iterations
default   [  43% ] 20 VUs  0m26.0s/1m0s

running (0m27.0s), 20/20 VUs, 248 complete and 0 interrupted iterations
default   [  45% ] 20 VUs  0m27.0s/1m0s

running (0m28.0s), 20/20 VUs, 254 complete and 0 interrupted iterations
default   [  47% ] 20 VUs  0m28.0s/1m0s

running (0m29.0s), 20/20 VUs, 268 complete and 0 interrupted iterations
default   [  48% ] 20 VUs  0m29.0s/1m0s

running (0m30.0s), 20/20 VUs, 274 complete and 0 interrupted iterations
default   [  50% ] 20 VUs  0m30.0s/1m0s

running (0m31.0s), 20/20 VUs, 284 complete and 0 interrupted iterations
default   [  52% ] 20 VUs  0m31.0s/1m0s

running (0m32.0s), 20/20 VUs, 293 complete and 0 interrupted iterations
default   [  53% ] 20 VUs  0m32.0s/1m0s

running (0m33.0s), 20/20 VUs, 303 complete and 0 interrupted iterations
default   [  55% ] 20 VUs  0m33.0s/1m0s

running (0m34.0s), 20/20 VUs, 312 complete and 0 interrupted iterations
default   [  57% ] 20 VUs  0m34.0s/1m0s

running (0m35.0s), 20/20 VUs, 321 complete and 0 interrupted iterations
default   [  58% ] 20 VUs  0m35.0s/1m0s

running (0m36.0s), 20/20 VUs, 330 complete and 0 interrupted iterations
default   [  60% ] 20 VUs  0m36.0s/1m0s

running (0m37.0s), 20/20 VUs, 337 complete and 0 interrupted iterations
default   [  62% ] 20 VUs  0m37.0s/1m0s

running (0m38.0s), 20/20 VUs, 347 complete and 0 interrupted iterations
default   [  63% ] 20 VUs  0m38.0s/1m0s

running (0m39.0s), 20/20 VUs, 356 complete and 0 interrupted iterations
default   [  65% ] 20 VUs  0m39.0s/1m0s

running (0m40.0s), 20/20 VUs, 364 complete and 0 interrupted iterations
default   [  67% ] 20 VUs  0m40.0s/1m0s

running (0m41.0s), 20/20 VUs, 374 complete and 0 interrupted iterations
default   [  68% ] 20 VUs  0m41.0s/1m0s

running (0m42.0s), 20/20 VUs, 382 complete and 0 interrupted iterations
default   [  70% ] 20 VUs  0m42.0s/1m0s

running (0m43.0s), 20/20 VUs, 392 complete and 0 interrupted iterations
default   [  72% ] 20 VUs  0m43.0s/1m0s

running (0m44.0s), 20/20 VUs, 401 complete and 0 interrupted iterations
default   [  73% ] 20 VUs  0m44.0s/1m0s

running (0m45.0s), 20/20 VUs, 408 complete and 0 interrupted iterations
default   [  75% ] 20 VUs  0m45.0s/1m0s

running (0m46.0s), 20/20 VUs, 419 complete and 0 interrupted iterations
default   [  77% ] 20 VUs  0m46.0s/1m0s

running (0m47.0s), 20/20 VUs, 424 complete and 0 interrupted iterations
default   [  78% ] 20 VUs  0m47.0s/1m0s

running (0m48.0s), 20/20 VUs, 437 complete and 0 interrupted iterations
default   [  80% ] 20 VUs  0m48.0s/1m0s

running (0m49.0s), 20/20 VUs, 443 complete and 0 interrupted iterations
default   [  82% ] 20 VUs  0m49.0s/1m0s

running (0m50.0s), 20/20 VUs, 456 complete and 0 interrupted iterations
default   [  83% ] 20 VUs  0m50.0s/1m0s

running (0m51.0s), 20/20 VUs, 462 complete and 0 interrupted iterations
default   [  85% ] 20 VUs  0m51.0s/1m0s

running (0m52.0s), 20/20 VUs, 476 complete and 0 interrupted iterations
default   [  87% ] 20 VUs  0m52.0s/1m0s

running (0m53.0s), 20/20 VUs, 481 complete and 0 interrupted iterations
default   [  88% ] 20 VUs  0m53.0s/1m0s

running (0m54.0s), 20/20 VUs, 495 complete and 0 interrupted iterations
default   [  90% ] 20 VUs  0m54.0s/1m0s

running (0m55.0s), 20/20 VUs, 500 complete and 0 interrupted iterations
default   [  92% ] 20 VUs  0m55.0s/1m0s

running (0m56.0s), 20/20 VUs, 514 complete and 0 interrupted iterations
default   [  93% ] 20 VUs  0m56.0s/1m0s

running (0m57.0s), 20/20 VUs, 519 complete and 0 interrupted iterations
default   [  95% ] 20 VUs  0m57.0s/1m0s

running (0m58.0s), 20/20 VUs, 531 complete and 0 interrupted iterations
default   [  97% ] 20 VUs  0m58.0s/1m0s

running (0m59.0s), 20/20 VUs, 537 complete and 0 interrupted iterations
default   [  98% ] 20 VUs  0m59.0s/1m0s

running (1m00.0s), 20/20 VUs, 550 complete and 0 interrupted iterations
default   [ 100% ] 20 VUs  1m00.0s/1m0s

running (1m01.0s), 14/20 VUs, 556 complete and 0 interrupted iterations
default ↓ [ 100% ] 20 VUs  1m0s

running (1m02.0s), 01/20 VUs, 569 complete and 0 interrupted iterations
default ↓ [ 100% ] 20 VUs  1m0s

running (1m03.0s), 01/20 VUs, 569 complete and 0 interrupted iterations
default ↓ [ 100% ] 20 VUs  1m0s

running (1m04.0s), 01/20 VUs, 569 complete and 0 interrupted iterations
default ↓ [ 100% ] 20 VUs  1m0s

running (1m05.0s), 01/20 VUs, 569 complete and 0 interrupted iterations
default ↓ [ 100% ] 20 VUs  1m0s

running (1m06.0s), 01/20 VUs, 569 complete and 0 interrupted iterations
default ↓ [ 100% ] 20 VUs  1m0s

running (1m07.0s), 01/20 VUs, 569 complete and 0 interrupted iterations
default ↓ [ 100% ] 20 VUs  1m0s


  █ THRESHOLDS

    http_req_duration
    ✓ 'p(95)<800' p(95)=64.32ms

    http_req_failed
    ✓ 'rate<0.01' rate=0.00%


  █ TOTAL RESULTS

    checks_total.......: 3480    51.937642/s
    checks_succeeded...: 100.00% 3480 out of 3480
    checks_failed......: 0.00%   0 out of 3480

    ✓ query status acceptable
    ✓ query has request id
    ✓ query has deployment version
    ✓ submit status controlled
    ✓ submit has request id
    ✓ submit has deployment version

    HTTP
    http_req_duration..............: avg=75.52ms min=11.68ms med=16.24ms max=17.46s p(90)=32.3ms p(95)=64.32ms p(99)=1.23s
      { expected_response:true }...: avg=75.52ms min=11.68ms med=16.24ms max=17.46s p(90)=32.3ms p(95)=64.32ms p(99)=1.23s
    http_req_failed................: 0.00%  0 out of 1160
    http_reqs......................: 1160   17.312547/s

    EXECUTION
    iteration_duration.............: avg=2.15s   min=2.02s   med=2.03s   max=19.48s p(90)=2.16s  p(95)=2.36s   p(99)=4.5s
    iterations.....................: 570    8.507028/s
    vus............................: 1      min=1         max=20
    vus_max........................: 20     min=20        max=20

    NETWORK
    data_received..................: 768 kB 12 kB/s
    data_sent......................: 116 kB 1.7 kB/s




running (1m07.0s), 00/20 VUs, 570 complete and 0 interrupted iterations
default ✓ [ 100% ] 20 VUs  1m0s
