
         /\      Grafana   /‾‾/
    /\  /  \     |\  __   /  /
   /  \/    \    | |/ /  /   ‾‾\
  /          \   |   (  |  (‾)  |
 / __________ \  |_|\_\  \_____/


     execution: local
        script: /tmp/w2-storage-fix-cloudflare-rerun-20260601/w2-cloudflare-status.js
        output: -

     scenarios: (100.00%) 1 scenario, 100 max VUs, 2m30s max duration (incl. graceful stop):
              * default: 100 looping VUs for 2m0s (gracefulStop: 30s)


running (0m01.0s), 100/100 VUs, 0 complete and 0 interrupted iterations
default   [   1% ] 100 VUs  0m01.0s/2m0s

running (0m02.0s), 100/100 VUs, 0 complete and 0 interrupted iterations
default   [   2% ] 100 VUs  0m02.0s/2m0s

running (0m03.0s), 100/100 VUs, 28 complete and 0 interrupted iterations
default   [   2% ] 100 VUs  0m03.0s/2m0s

running (0m04.0s), 100/100 VUs, 90 complete and 0 interrupted iterations
default   [   3% ] 100 VUs  0m04.0s/2m0s

running (0m05.0s), 100/100 VUs, 115 complete and 0 interrupted iterations
default   [   4% ] 100 VUs  0m05.0s/2m0s

running (0m06.0s), 100/100 VUs, 178 complete and 0 interrupted iterations
default   [   5% ] 100 VUs  0m06.0s/2m0s

running (0m07.0s), 100/100 VUs, 197 complete and 0 interrupted iterations
default   [   6% ] 100 VUs  0m07.0s/2m0s

running (0m08.0s), 100/100 VUs, 262 complete and 0 interrupted iterations
default   [   7% ] 100 VUs  0m08.0s/2m0s

running (0m09.0s), 100/100 VUs, 280 complete and 0 interrupted iterations
default   [   7% ] 100 VUs  0m09.0s/2m0s

running (0m10.0s), 100/100 VUs, 348 complete and 0 interrupted iterations
default   [   8% ] 100 VUs  0m10.0s/2m0s

running (0m11.0s), 100/100 VUs, 364 complete and 0 interrupted iterations
default   [   9% ] 100 VUs  0m11.0s/2m0s

running (0m12.0s), 100/100 VUs, 422 complete and 0 interrupted iterations
default   [  10% ] 100 VUs  0m12.0s/2m0s

running (0m13.0s), 100/100 VUs, 450 complete and 0 interrupted iterations
default   [  11% ] 100 VUs  0m13.0s/2m0s

running (0m14.0s), 100/100 VUs, 504 complete and 0 interrupted iterations
default   [  12% ] 100 VUs  0m14.0s/2m0s

running (0m15.0s), 100/100 VUs, 538 complete and 0 interrupted iterations
default   [  12% ] 100 VUs  0m15.0s/2m0s

running (0m16.0s), 100/100 VUs, 584 complete and 0 interrupted iterations
default   [  13% ] 100 VUs  0m16.0s/2m0s

running (0m17.0s), 100/100 VUs, 623 complete and 0 interrupted iterations
default   [  14% ] 100 VUs  0m17.0s/2m0s

running (0m18.0s), 100/100 VUs, 663 complete and 0 interrupted iterations
default   [  15% ] 100 VUs  0m18.0s/2m0s

running (0m19.0s), 100/100 VUs, 707 complete and 0 interrupted iterations
default   [  16% ] 100 VUs  0m19.0s/2m0s

running (0m20.0s), 100/100 VUs, 746 complete and 0 interrupted iterations
default   [  17% ] 100 VUs  0m20.0s/2m0s

running (0m21.0s), 100/100 VUs, 788 complete and 0 interrupted iterations
default   [  17% ] 100 VUs  0m21.0s/2m0s

running (0m22.0s), 100/100 VUs, 826 complete and 0 interrupted iterations
default   [  18% ] 100 VUs  0m22.0s/2m0s

running (0m23.0s), 100/100 VUs, 870 complete and 0 interrupted iterations
default   [  19% ] 100 VUs  0m23.0s/2m0s

running (0m24.0s), 100/100 VUs, 909 complete and 0 interrupted iterations
default   [  20% ] 100 VUs  0m24.0s/2m0s

running (0m25.0s), 100/100 VUs, 956 complete and 0 interrupted iterations
default   [  21% ] 100 VUs  0m25.0s/2m0s

running (0m26.0s), 100/100 VUs, 995 complete and 0 interrupted iterations
default   [  22% ] 100 VUs  0m26.0s/2m0s

running (0m27.0s), 100/100 VUs, 1038 complete and 0 interrupted iterations
default   [  22% ] 100 VUs  0m27.0s/2m0s

running (0m28.0s), 100/100 VUs, 1074 complete and 0 interrupted iterations
default   [  23% ] 100 VUs  0m28.0s/2m0s

running (0m29.0s), 100/100 VUs, 1119 complete and 0 interrupted iterations
default   [  24% ] 100 VUs  0m29.0s/2m0s

running (0m30.0s), 100/100 VUs, 1152 complete and 0 interrupted iterations
default   [  25% ] 100 VUs  0m30.0s/2m0s

running (0m31.0s), 100/100 VUs, 1192 complete and 0 interrupted iterations
default   [  26% ] 100 VUs  0m31.0s/2m0s

running (0m32.0s), 100/100 VUs, 1232 complete and 0 interrupted iterations
default   [  27% ] 100 VUs  0m32.0s/2m0s

running (0m33.0s), 100/100 VUs, 1276 complete and 0 interrupted iterations
default   [  27% ] 100 VUs  0m33.0s/2m0s

running (0m34.0s), 100/100 VUs, 1309 complete and 0 interrupted iterations
default   [  28% ] 100 VUs  0m34.0s/2m0s

running (0m35.0s), 100/100 VUs, 1346 complete and 0 interrupted iterations
default   [  29% ] 100 VUs  0m35.0s/2m0s

running (0m36.0s), 100/100 VUs, 1389 complete and 0 interrupted iterations
default   [  30% ] 100 VUs  0m36.0s/2m0s

running (0m37.0s), 100/100 VUs, 1430 complete and 0 interrupted iterations
default   [  31% ] 100 VUs  0m37.0s/2m0s

running (0m38.0s), 100/100 VUs, 1468 complete and 0 interrupted iterations
default   [  32% ] 100 VUs  0m38.0s/2m0s

running (0m39.0s), 100/100 VUs, 1510 complete and 0 interrupted iterations
default   [  32% ] 100 VUs  0m39.0s/2m0s

running (0m40.0s), 100/100 VUs, 1541 complete and 0 interrupted iterations
default   [  33% ] 100 VUs  0m40.0s/2m0s

running (0m41.0s), 100/100 VUs, 1588 complete and 0 interrupted iterations
default   [  34% ] 100 VUs  0m41.0s/2m0s

running (0m42.0s), 100/100 VUs, 1623 complete and 0 interrupted iterations
default   [  35% ] 100 VUs  0m42.0s/2m0s

running (0m43.0s), 100/100 VUs, 1668 complete and 0 interrupted iterations
default   [  36% ] 100 VUs  0m43.0s/2m0s

running (0m44.0s), 100/100 VUs, 1705 complete and 0 interrupted iterations
default   [  37% ] 100 VUs  0m44.0s/2m0s

running (0m45.0s), 100/100 VUs, 1743 complete and 0 interrupted iterations
default   [  37% ] 100 VUs  0m45.0s/2m0s

running (0m46.0s), 100/100 VUs, 1783 complete and 0 interrupted iterations
default   [  38% ] 100 VUs  0m46.0s/2m0s

running (0m47.0s), 100/100 VUs, 1814 complete and 0 interrupted iterations
default   [  39% ] 100 VUs  0m47.0s/2m0s

running (0m48.0s), 100/100 VUs, 1860 complete and 0 interrupted iterations
default   [  40% ] 100 VUs  0m48.0s/2m0s

running (0m49.0s), 100/100 VUs, 1895 complete and 0 interrupted iterations
default   [  41% ] 100 VUs  0m49.0s/2m0s

running (0m50.0s), 100/100 VUs, 1936 complete and 0 interrupted iterations
default   [  42% ] 100 VUs  0m50.0s/2m0s

running (0m51.0s), 100/100 VUs, 1975 complete and 0 interrupted iterations
default   [  42% ] 100 VUs  0m51.0s/2m0s

running (0m52.0s), 100/100 VUs, 2018 complete and 0 interrupted iterations
default   [  43% ] 100 VUs  0m52.0s/2m0s

running (0m53.0s), 100/100 VUs, 2054 complete and 0 interrupted iterations
default   [  44% ] 100 VUs  0m53.0s/2m0s

running (0m54.0s), 100/100 VUs, 2097 complete and 0 interrupted iterations
default   [  45% ] 100 VUs  0m54.0s/2m0s

running (0m55.0s), 100/100 VUs, 2136 complete and 0 interrupted iterations
default   [  46% ] 100 VUs  0m55.0s/2m0s

running (0m56.0s), 100/100 VUs, 2181 complete and 0 interrupted iterations
default   [  47% ] 100 VUs  0m56.0s/2m0s

running (0m57.0s), 100/100 VUs, 2221 complete and 0 interrupted iterations
default   [  47% ] 100 VUs  0m57.0s/2m0s

running (0m58.0s), 100/100 VUs, 2266 complete and 0 interrupted iterations
default   [  48% ] 100 VUs  0m58.0s/2m0s

running (0m59.0s), 100/100 VUs, 2300 complete and 0 interrupted iterations
default   [  49% ] 100 VUs  0m59.0s/2m0s

running (1m00.0s), 100/100 VUs, 2344 complete and 0 interrupted iterations
default   [  50% ] 100 VUs  1m00.0s/2m0s
time="2026-06-01T15:51:35+08:00" level=warning msg="Request Failed" error="Get \"https://pre-studio.miemie.co/api/projects\": request timeout"

running (1m01.0s), 100/100 VUs, 2381 complete and 0 interrupted iterations
default   [  51% ] 100 VUs  1m01.0s/2m0s

running (1m02.0s), 100/100 VUs, 2417 complete and 0 interrupted iterations
default   [  52% ] 100 VUs  1m02.0s/2m0s

running (1m03.0s), 100/100 VUs, 2462 complete and 0 interrupted iterations
default   [  52% ] 100 VUs  1m03.0s/2m0s

running (1m04.0s), 100/100 VUs, 2496 complete and 0 interrupted iterations
default   [  53% ] 100 VUs  1m04.0s/2m0s

running (1m05.0s), 100/100 VUs, 2543 complete and 0 interrupted iterations
default   [  54% ] 100 VUs  1m05.0s/2m0s

running (1m06.0s), 100/100 VUs, 2575 complete and 0 interrupted iterations
default   [  55% ] 100 VUs  1m06.0s/2m0s
time="2026-06-01T15:51:41+08:00" level=warning msg="Request Failed" error="Get \"https://pre-studio.miemie.co/api/video-studio/9319a7a9-b95f-45c3-8044-8511d152dcf4/status\": request timeout"

running (1m07.0s), 100/100 VUs, 2619 complete and 0 interrupted iterations
default   [  56% ] 100 VUs  1m07.0s/2m0s

running (1m08.0s), 100/100 VUs, 2654 complete and 0 interrupted iterations
default   [  57% ] 100 VUs  1m08.0s/2m0s

running (1m09.0s), 100/100 VUs, 2701 complete and 0 interrupted iterations
default   [  57% ] 100 VUs  1m09.0s/2m0s

running (1m10.0s), 100/100 VUs, 2738 complete and 0 interrupted iterations
default   [  58% ] 100 VUs  1m10.0s/2m0s

running (1m11.0s), 100/100 VUs, 2784 complete and 0 interrupted iterations
default   [  59% ] 100 VUs  1m11.0s/2m0s
time="2026-06-01T15:51:46+08:00" level=warning msg="Request Failed" error="Get \"https://pre-studio.miemie.co/api/video-studio?project_id=3583ab69-4ae2-466c-88df-1c028a36fce7\": request timeout"

running (1m12.0s), 100/100 VUs, 2820 complete and 0 interrupted iterations
default   [  60% ] 100 VUs  1m12.0s/2m0s

running (1m13.0s), 100/100 VUs, 2863 complete and 0 interrupted iterations
default   [  61% ] 100 VUs  1m13.0s/2m0s

running (1m14.0s), 100/100 VUs, 2907 complete and 0 interrupted iterations
default   [  62% ] 100 VUs  1m14.0s/2m0s

running (1m15.0s), 100/100 VUs, 2943 complete and 0 interrupted iterations
default   [  62% ] 100 VUs  1m15.0s/2m0s

running (1m16.0s), 100/100 VUs, 2983 complete and 0 interrupted iterations
default   [  63% ] 100 VUs  1m16.0s/2m0s

running (1m17.0s), 100/100 VUs, 3018 complete and 0 interrupted iterations
default   [  64% ] 100 VUs  1m17.0s/2m0s

running (1m18.0s), 100/100 VUs, 3058 complete and 0 interrupted iterations
default   [  65% ] 100 VUs  1m18.0s/2m0s

running (1m19.0s), 100/100 VUs, 3095 complete and 0 interrupted iterations
default   [  66% ] 100 VUs  1m19.0s/2m0s

running (1m20.0s), 100/100 VUs, 3141 complete and 0 interrupted iterations
default   [  67% ] 100 VUs  1m20.0s/2m0s

running (1m21.0s), 100/100 VUs, 3175 complete and 0 interrupted iterations
default   [  67% ] 100 VUs  1m21.0s/2m0s

running (1m22.0s), 100/100 VUs, 3218 complete and 0 interrupted iterations
default   [  68% ] 100 VUs  1m22.0s/2m0s

running (1m23.0s), 100/100 VUs, 3249 complete and 0 interrupted iterations
default   [  69% ] 100 VUs  1m23.0s/2m0s

running (1m24.0s), 100/100 VUs, 3298 complete and 0 interrupted iterations
default   [  70% ] 100 VUs  1m24.0s/2m0s

running (1m25.0s), 100/100 VUs, 3329 complete and 0 interrupted iterations
default   [  71% ] 100 VUs  1m25.0s/2m0s

running (1m26.0s), 100/100 VUs, 3373 complete and 0 interrupted iterations
default   [  72% ] 100 VUs  1m26.0s/2m0s
time="2026-06-01T15:52:01+08:00" level=warning msg="Request Failed" error="Get \"https://pre-studio.miemie.co/api/video-studio?project_id=3583ab69-4ae2-466c-88df-1c028a36fce7\": request timeout"

running (1m27.0s), 100/100 VUs, 3411 complete and 0 interrupted iterations
default   [  72% ] 100 VUs  1m27.0s/2m0s

running (1m28.0s), 100/100 VUs, 3459 complete and 0 interrupted iterations
default   [  73% ] 100 VUs  1m28.0s/2m0s

running (1m29.0s), 100/100 VUs, 3492 complete and 0 interrupted iterations
default   [  74% ] 100 VUs  1m29.0s/2m0s

running (1m30.0s), 100/100 VUs, 3537 complete and 0 interrupted iterations
default   [  75% ] 100 VUs  1m30.0s/2m0s

running (1m31.0s), 100/100 VUs, 3570 complete and 0 interrupted iterations
default   [  76% ] 100 VUs  1m31.0s/2m0s

running (1m32.0s), 100/100 VUs, 3617 complete and 0 interrupted iterations
default   [  77% ] 100 VUs  1m32.0s/2m0s

running (1m33.0s), 100/100 VUs, 3655 complete and 0 interrupted iterations
default   [  77% ] 100 VUs  1m33.0s/2m0s

running (1m34.0s), 100/100 VUs, 3696 complete and 0 interrupted iterations
default   [  78% ] 100 VUs  1m34.0s/2m0s

running (1m35.0s), 100/100 VUs, 3738 complete and 0 interrupted iterations
default   [  79% ] 100 VUs  1m35.0s/2m0s

running (1m36.0s), 100/100 VUs, 3777 complete and 0 interrupted iterations
default   [  80% ] 100 VUs  1m36.0s/2m0s

running (1m37.0s), 100/100 VUs, 3824 complete and 0 interrupted iterations
default   [  81% ] 100 VUs  1m37.0s/2m0s

running (1m38.0s), 100/100 VUs, 3858 complete and 0 interrupted iterations
default   [  82% ] 100 VUs  1m38.0s/2m0s

running (1m39.0s), 100/100 VUs, 3903 complete and 0 interrupted iterations
default   [  82% ] 100 VUs  1m39.0s/2m0s

running (1m40.0s), 100/100 VUs, 3942 complete and 0 interrupted iterations
default   [  83% ] 100 VUs  1m40.0s/2m0s

running (1m41.0s), 100/100 VUs, 3984 complete and 0 interrupted iterations
default   [  84% ] 100 VUs  1m41.0s/2m0s

running (1m42.0s), 100/100 VUs, 4016 complete and 0 interrupted iterations
default   [  85% ] 100 VUs  1m42.0s/2m0s

running (1m43.0s), 100/100 VUs, 4054 complete and 0 interrupted iterations
default   [  86% ] 100 VUs  1m43.0s/2m0s

running (1m44.0s), 100/100 VUs, 4093 complete and 0 interrupted iterations
default   [  87% ] 100 VUs  1m44.0s/2m0s

running (1m45.0s), 100/100 VUs, 4131 complete and 0 interrupted iterations
default   [  87% ] 100 VUs  1m45.0s/2m0s

running (1m46.0s), 100/100 VUs, 4171 complete and 0 interrupted iterations
default   [  88% ] 100 VUs  1m46.0s/2m0s

running (1m47.0s), 100/100 VUs, 4212 complete and 0 interrupted iterations
default   [  89% ] 100 VUs  1m47.0s/2m0s

running (1m48.0s), 100/100 VUs, 4247 complete and 0 interrupted iterations
default   [  90% ] 100 VUs  1m48.0s/2m0s

running (1m49.0s), 100/100 VUs, 4297 complete and 0 interrupted iterations
default   [  91% ] 100 VUs  1m49.0s/2m0s

running (1m50.0s), 100/100 VUs, 4330 complete and 0 interrupted iterations
default   [  92% ] 100 VUs  1m50.0s/2m0s

running (1m51.0s), 100/100 VUs, 4373 complete and 0 interrupted iterations
default   [  92% ] 100 VUs  1m51.0s/2m0s

running (1m52.0s), 100/100 VUs, 4413 complete and 0 interrupted iterations
default   [  93% ] 100 VUs  1m52.0s/2m0s

running (1m53.0s), 100/100 VUs, 4454 complete and 0 interrupted iterations
default   [  94% ] 100 VUs  1m53.0s/2m0s

running (1m54.0s), 100/100 VUs, 4492 complete and 0 interrupted iterations
default   [  95% ] 100 VUs  1m54.0s/2m0s

running (1m55.0s), 100/100 VUs, 4533 complete and 0 interrupted iterations
default   [  96% ] 100 VUs  1m55.0s/2m0s

running (1m56.0s), 100/100 VUs, 4568 complete and 0 interrupted iterations
default   [  97% ] 100 VUs  1m56.0s/2m0s

running (1m57.0s), 100/100 VUs, 4608 complete and 0 interrupted iterations
default   [  97% ] 100 VUs  1m57.0s/2m0s

running (1m58.0s), 100/100 VUs, 4643 complete and 0 interrupted iterations
default   [  98% ] 100 VUs  1m58.0s/2m0s

running (1m59.0s), 100/100 VUs, 4683 complete and 0 interrupted iterations
default   [  99% ] 100 VUs  1m59.0s/2m0s

running (2m00.0s), 100/100 VUs, 4717 complete and 0 interrupted iterations
default   [ 100% ] 100 VUs  2m00.0s/2m0s

running (2m01.0s), 064/100 VUs, 4755 complete and 0 interrupted iterations
default ↓ [ 100% ] 100 VUs  2m0s

running (2m02.0s), 028/100 VUs, 4791 complete and 0 interrupted iterations
default ↓ [ 100% ] 100 VUs  2m0s

running (2m03.0s), 021/100 VUs, 4798 complete and 0 interrupted iterations
default ↓ [ 100% ] 100 VUs  2m0s

running (2m04.0s), 019/100 VUs, 4800 complete and 0 interrupted iterations
default ↓ [ 100% ] 100 VUs  2m0s

running (2m05.0s), 017/100 VUs, 4802 complete and 0 interrupted iterations
default ↓ [ 100% ] 100 VUs  2m0s

running (2m06.0s), 015/100 VUs, 4804 complete and 0 interrupted iterations
default ↓ [ 100% ] 100 VUs  2m0s
time="2026-06-01T15:52:41+08:00" level=warning msg="Request Failed" error="Get \"https://pre-studio.miemie.co/api/video-studio/9319a7a9-b95f-45c3-8044-8511d152dcf4/status\": request timeout"

running (2m07.0s), 014/100 VUs, 4805 complete and 0 interrupted iterations
default ↓ [ 100% ] 100 VUs  2m0s

running (2m08.0s), 014/100 VUs, 4805 complete and 0 interrupted iterations
default ↓ [ 100% ] 100 VUs  2m0s

running (2m09.0s), 013/100 VUs, 4806 complete and 0 interrupted iterations
default ↓ [ 100% ] 100 VUs  2m0s

running (2m10.0s), 013/100 VUs, 4806 complete and 0 interrupted iterations
default ↓ [ 100% ] 100 VUs  2m0s

running (2m11.0s), 013/100 VUs, 4806 complete and 0 interrupted iterations
default ↓ [ 100% ] 100 VUs  2m0s

running (2m12.0s), 011/100 VUs, 4808 complete and 0 interrupted iterations
default ↓ [ 100% ] 100 VUs  2m0s
time="2026-06-01T15:52:47+08:00" level=warning msg="Request Failed" error="Get \"https://pre-studio.miemie.co/api/video-studio/9319a7a9-b95f-45c3-8044-8511d152dcf4/status\": request timeout"

running (2m13.0s), 010/100 VUs, 4809 complete and 0 interrupted iterations
default ↓ [ 100% ] 100 VUs  2m0s

running (2m14.0s), 010/100 VUs, 4809 complete and 0 interrupted iterations
default ↓ [ 100% ] 100 VUs  2m0s

running (2m15.0s), 009/100 VUs, 4810 complete and 0 interrupted iterations
default ↓ [ 100% ] 100 VUs  2m0s

running (2m16.0s), 008/100 VUs, 4811 complete and 0 interrupted iterations
default ↓ [ 100% ] 100 VUs  2m0s
time="2026-06-01T15:52:51+08:00" level=warning msg="Request Failed" error="Get \"https://pre-studio.miemie.co/api/projects\": request timeout"

running (2m17.0s), 008/100 VUs, 4811 complete and 0 interrupted iterations
default ↓ [ 100% ] 100 VUs  2m0s

running (2m18.0s), 008/100 VUs, 4811 complete and 0 interrupted iterations
default ↓ [ 100% ] 100 VUs  2m0s

running (2m19.0s), 007/100 VUs, 4812 complete and 0 interrupted iterations
default ↓ [ 100% ] 100 VUs  2m0s

running (2m20.0s), 007/100 VUs, 4812 complete and 0 interrupted iterations
default ↓ [ 100% ] 100 VUs  2m0s

running (2m21.0s), 006/100 VUs, 4813 complete and 0 interrupted iterations
default ↓ [ 100% ] 100 VUs  2m0s

running (2m22.0s), 006/100 VUs, 4813 complete and 0 interrupted iterations
default ↓ [ 100% ] 100 VUs  2m0s

running (2m23.0s), 006/100 VUs, 4813 complete and 0 interrupted iterations
default ↓ [ 100% ] 100 VUs  2m0s

running (2m24.0s), 006/100 VUs, 4813 complete and 0 interrupted iterations
default ↓ [ 100% ] 100 VUs  2m0s

running (2m25.0s), 006/100 VUs, 4813 complete and 0 interrupted iterations
default ↓ [ 100% ] 100 VUs  2m0s

running (2m26.0s), 006/100 VUs, 4813 complete and 0 interrupted iterations
default ↓ [ 100% ] 100 VUs  2m0s

running (2m27.0s), 006/100 VUs, 4813 complete and 0 interrupted iterations
default ↓ [ 100% ] 100 VUs  2m0s

running (2m28.0s), 006/100 VUs, 4813 complete and 0 interrupted iterations
default ↓ [ 100% ] 100 VUs  2m0s

running (2m29.0s), 006/100 VUs, 4813 complete and 0 interrupted iterations
default ↓ [ 100% ] 100 VUs  2m0s

running (2m30.0s), 006/100 VUs, 4813 complete and 0 interrupted iterations
default ↓ [ 100% ] 100 VUs  2m0s


  █ THRESHOLDS

    http_req_duration
    ✓ 'p(95)<300' p(95)=170.63ms

    http_req_failed
    ✓ 'rate<0.01' rate=0.03%


  █ TOTAL RESULTS

    checks_total.......: 57768  385.116365/s
    checks_succeeded...: 99.96% 57747 out of 57768
    checks_failed......: 0.03%  21 out of 57768

    ✗ query status acceptable
      ↳  99% — ✓ 19249 / ✗ 7
    ✗ query has request id
      ↳  99% — ✓ 19249 / ✗ 7
    ✗ query has deployment version
      ↳  99% — ✓ 19249 / ✗ 7

    HTTP
    http_req_duration..............: avg=128.26ms min=11.06ms med=16.8ms max=1m0s   p(90)=35.48ms p(95)=170.63ms p(99)=1.97s
      { expected_response:true }...: avg=106.5ms  min=11.06ms med=16.8ms max=44.04s p(90)=35.23ms p(95)=169.98ms p(99)=1.88s
    http_req_failed................: 0.03%  7 out of 19256
    http_reqs......................: 19256  128.372122/s

    EXECUTION
    iteration_duration.............: avg=2.52s    min=2.05s   med=2.07s  max=1m5s   p(90)=2.68s   p(95)=3.49s    p(99)=10.83s
    iterations.....................: 4813   32.086364/s
    vus............................: 6      min=6          max=100
    vus_max........................: 100    min=100        max=100

    NETWORK
    data_received..................: 52 MB  347 kB/s
    data_sent......................: 1.5 MB 9.9 kB/s




running (2m30.0s), 000/100 VUs, 4813 complete and 6 interrupted iterations
default ✓ [ 100% ] 100 VUs  2m0s
