
         /\      Grafana   /‾‾/
    /\  /  \     |\  __   /  /
   /  \/    \    | |/ /  /   ‾‾\
  /          \   |   (  |  (‾)  |
 / __________ \  |_|\_\  \_____/


     execution: local
        script: /tmp/w2-cloudflare-skiprule-20260601/w2-cloudflare-status.js
        output: -

     scenarios: (100.00%) 1 scenario, 100 max VUs, 2m30s max duration (incl. graceful stop):
              * default: 100 looping VUs for 2m0s (gracefulStop: 30s)


running (0m01.0s), 100/100 VUs, 0 complete and 0 interrupted iterations
default   [   1% ] 100 VUs  0m01.0s/2m0s

running (0m02.0s), 100/100 VUs, 0 complete and 0 interrupted iterations
default   [   2% ] 100 VUs  0m02.0s/2m0s

running (0m03.0s), 100/100 VUs, 20 complete and 0 interrupted iterations
default   [   2% ] 100 VUs  0m03.0s/2m0s

running (0m04.0s), 100/100 VUs, 92 complete and 0 interrupted iterations
default   [   3% ] 100 VUs  0m04.0s/2m0s

running (0m05.0s), 100/100 VUs, 105 complete and 0 interrupted iterations
default   [   4% ] 100 VUs  0m05.0s/2m0s

running (0m06.0s), 100/100 VUs, 181 complete and 0 interrupted iterations
default   [   5% ] 100 VUs  0m06.0s/2m0s

running (0m07.0s), 100/100 VUs, 190 complete and 0 interrupted iterations
default   [   6% ] 100 VUs  0m07.0s/2m0s

running (0m08.0s), 100/100 VUs, 252 complete and 0 interrupted iterations
default   [   7% ] 100 VUs  0m08.0s/2m0s

running (0m09.0s), 100/100 VUs, 281 complete and 0 interrupted iterations
default   [   7% ] 100 VUs  0m09.0s/2m0s

running (0m10.0s), 100/100 VUs, 327 complete and 0 interrupted iterations
default   [   8% ] 100 VUs  0m10.0s/2m0s

running (0m11.0s), 100/100 VUs, 369 complete and 0 interrupted iterations
default   [   9% ] 100 VUs  0m11.0s/2m0s

running (0m12.0s), 100/100 VUs, 412 complete and 0 interrupted iterations
default   [  10% ] 100 VUs  0m12.0s/2m0s

running (0m13.0s), 100/100 VUs, 452 complete and 0 interrupted iterations
default   [  11% ] 100 VUs  0m13.0s/2m0s

running (0m14.0s), 100/100 VUs, 490 complete and 0 interrupted iterations
default   [  12% ] 100 VUs  0m14.0s/2m0s

running (0m15.0s), 100/100 VUs, 531 complete and 0 interrupted iterations
default   [  12% ] 100 VUs  0m15.0s/2m0s

running (0m16.0s), 100/100 VUs, 569 complete and 0 interrupted iterations
default   [  13% ] 100 VUs  0m16.0s/2m0s

running (0m17.0s), 100/100 VUs, 608 complete and 0 interrupted iterations
default   [  14% ] 100 VUs  0m17.0s/2m0s

running (0m18.0s), 100/100 VUs, 645 complete and 0 interrupted iterations
default   [  15% ] 100 VUs  0m18.0s/2m0s

running (0m19.0s), 100/100 VUs, 692 complete and 0 interrupted iterations
default   [  16% ] 100 VUs  0m19.0s/2m0s

running (0m20.0s), 100/100 VUs, 727 complete and 0 interrupted iterations
default   [  17% ] 100 VUs  0m20.0s/2m0s

running (0m21.0s), 100/100 VUs, 776 complete and 0 interrupted iterations
default   [  17% ] 100 VUs  0m21.0s/2m0s

running (0m22.0s), 100/100 VUs, 807 complete and 0 interrupted iterations
default   [  18% ] 100 VUs  0m22.0s/2m0s

running (0m23.0s), 100/100 VUs, 854 complete and 0 interrupted iterations
default   [  19% ] 100 VUs  0m23.0s/2m0s

running (0m24.0s), 100/100 VUs, 888 complete and 0 interrupted iterations
default   [  20% ] 100 VUs  0m24.0s/2m0s

running (0m25.0s), 100/100 VUs, 927 complete and 0 interrupted iterations
default   [  21% ] 100 VUs  0m25.0s/2m0s

running (0m26.0s), 100/100 VUs, 965 complete and 0 interrupted iterations
default   [  22% ] 100 VUs  0m26.0s/2m0s

running (0m27.0s), 100/100 VUs, 1006 complete and 0 interrupted iterations
default   [  22% ] 100 VUs  0m27.0s/2m0s

running (0m28.0s), 100/100 VUs, 1042 complete and 0 interrupted iterations
default   [  23% ] 100 VUs  0m28.0s/2m0s

running (0m29.0s), 100/100 VUs, 1083 complete and 0 interrupted iterations
default   [  24% ] 100 VUs  0m29.0s/2m0s

running (0m30.0s), 100/100 VUs, 1119 complete and 0 interrupted iterations
default   [  25% ] 100 VUs  0m30.0s/2m0s

running (0m31.0s), 100/100 VUs, 1157 complete and 0 interrupted iterations
default   [  26% ] 100 VUs  0m31.0s/2m0s

running (0m32.0s), 100/100 VUs, 1191 complete and 0 interrupted iterations
default   [  27% ] 100 VUs  0m32.0s/2m0s

running (0m33.0s), 100/100 VUs, 1229 complete and 0 interrupted iterations
default   [  27% ] 100 VUs  0m33.0s/2m0s

running (0m34.0s), 100/100 VUs, 1269 complete and 0 interrupted iterations
default   [  28% ] 100 VUs  0m34.0s/2m0s

running (0m35.0s), 100/100 VUs, 1302 complete and 0 interrupted iterations
default   [  29% ] 100 VUs  0m35.0s/2m0s

running (0m36.0s), 100/100 VUs, 1335 complete and 0 interrupted iterations
default   [  30% ] 100 VUs  0m36.0s/2m0s

running (0m37.0s), 100/100 VUs, 1374 complete and 0 interrupted iterations
default   [  31% ] 100 VUs  0m37.0s/2m0s

running (0m38.0s), 100/100 VUs, 1405 complete and 0 interrupted iterations
default   [  32% ] 100 VUs  0m38.0s/2m0s

running (0m39.0s), 100/100 VUs, 1443 complete and 0 interrupted iterations
default   [  32% ] 100 VUs  0m39.0s/2m0s

running (0m40.0s), 100/100 VUs, 1475 complete and 0 interrupted iterations
default   [  33% ] 100 VUs  0m40.0s/2m0s

running (0m41.0s), 100/100 VUs, 1512 complete and 0 interrupted iterations
default   [  34% ] 100 VUs  0m41.0s/2m0s

running (0m42.0s), 100/100 VUs, 1551 complete and 0 interrupted iterations
default   [  35% ] 100 VUs  0m42.0s/2m0s

running (0m43.0s), 100/100 VUs, 1590 complete and 0 interrupted iterations
default   [  36% ] 100 VUs  0m43.0s/2m0s

running (0m44.0s), 100/100 VUs, 1626 complete and 0 interrupted iterations
default   [  37% ] 100 VUs  0m44.0s/2m0s

running (0m45.0s), 100/100 VUs, 1665 complete and 0 interrupted iterations
default   [  37% ] 100 VUs  0m45.0s/2m0s

running (0m46.0s), 100/100 VUs, 1702 complete and 0 interrupted iterations
default   [  38% ] 100 VUs  0m46.0s/2m0s

running (0m47.0s), 100/100 VUs, 1739 complete and 0 interrupted iterations
default   [  39% ] 100 VUs  0m47.0s/2m0s

running (0m48.0s), 100/100 VUs, 1779 complete and 0 interrupted iterations
default   [  40% ] 100 VUs  0m48.0s/2m0s

running (0m49.0s), 100/100 VUs, 1816 complete and 0 interrupted iterations
default   [  41% ] 100 VUs  0m49.0s/2m0s

running (0m50.0s), 100/100 VUs, 1853 complete and 0 interrupted iterations
default   [  42% ] 100 VUs  0m50.0s/2m0s

running (0m51.0s), 100/100 VUs, 1893 complete and 0 interrupted iterations
default   [  42% ] 100 VUs  0m51.0s/2m0s

running (0m52.0s), 100/100 VUs, 1927 complete and 0 interrupted iterations
default   [  43% ] 100 VUs  0m52.0s/2m0s

running (0m53.0s), 100/100 VUs, 1968 complete and 0 interrupted iterations
default   [  44% ] 100 VUs  0m53.0s/2m0s

running (0m54.0s), 100/100 VUs, 1999 complete and 0 interrupted iterations
default   [  45% ] 100 VUs  0m54.0s/2m0s

running (0m55.0s), 100/100 VUs, 2035 complete and 0 interrupted iterations
default   [  46% ] 100 VUs  0m55.0s/2m0s

running (0m56.0s), 100/100 VUs, 2072 complete and 0 interrupted iterations
default   [  47% ] 100 VUs  0m56.0s/2m0s

running (0m57.0s), 100/100 VUs, 2108 complete and 0 interrupted iterations
default   [  47% ] 100 VUs  0m57.0s/2m0s

running (0m58.0s), 100/100 VUs, 2140 complete and 0 interrupted iterations
default   [  48% ] 100 VUs  0m58.0s/2m0s

running (0m59.0s), 100/100 VUs, 2174 complete and 0 interrupted iterations
default   [  49% ] 100 VUs  0m59.0s/2m0s

running (1m00.0s), 100/100 VUs, 2211 complete and 0 interrupted iterations
default   [  50% ] 100 VUs  1m00.0s/2m0s

running (1m01.0s), 100/100 VUs, 2249 complete and 0 interrupted iterations
default   [  51% ] 100 VUs  1m01.0s/2m0s

running (1m02.0s), 100/100 VUs, 2280 complete and 0 interrupted iterations
default   [  52% ] 100 VUs  1m02.0s/2m0s

running (1m03.0s), 100/100 VUs, 2318 complete and 0 interrupted iterations
default   [  52% ] 100 VUs  1m03.0s/2m0s

running (1m04.0s), 100/100 VUs, 2357 complete and 0 interrupted iterations
default   [  53% ] 100 VUs  1m04.0s/2m0s

running (1m05.0s), 100/100 VUs, 2393 complete and 0 interrupted iterations
default   [  54% ] 100 VUs  1m05.0s/2m0s

running (1m06.0s), 100/100 VUs, 2431 complete and 0 interrupted iterations
default   [  55% ] 100 VUs  1m06.0s/2m0s

running (1m07.0s), 100/100 VUs, 2459 complete and 0 interrupted iterations
default   [  56% ] 100 VUs  1m07.0s/2m0s
time="2026-06-01T14:03:44+08:00" level=warning msg="Request Failed" error="Get \"https://pre-studio.miemie.co/api/video-studio/d60904b5-1492-4a32-828d-05eb0ad4f0ae\": request timeout"

running (1m08.0s), 100/100 VUs, 2499 complete and 0 interrupted iterations
default   [  57% ] 100 VUs  1m08.0s/2m0s

running (1m09.0s), 100/100 VUs, 2531 complete and 0 interrupted iterations
default   [  57% ] 100 VUs  1m09.0s/2m0s

running (1m10.0s), 100/100 VUs, 2572 complete and 0 interrupted iterations
default   [  58% ] 100 VUs  1m10.0s/2m0s
time="2026-06-01T14:03:47+08:00" level=warning msg="Request Failed" error="Get \"https://pre-studio.miemie.co/api/video-studio/d60904b5-1492-4a32-828d-05eb0ad4f0ae\": request timeout"

running (1m11.0s), 100/100 VUs, 2602 complete and 0 interrupted iterations
default   [  59% ] 100 VUs  1m11.0s/2m0s

running (1m12.0s), 100/100 VUs, 2643 complete and 0 interrupted iterations
default   [  60% ] 100 VUs  1m12.0s/2m0s

running (1m13.0s), 100/100 VUs, 2675 complete and 0 interrupted iterations
default   [  61% ] 100 VUs  1m13.0s/2m0s

running (1m14.0s), 100/100 VUs, 2715 complete and 0 interrupted iterations
default   [  62% ] 100 VUs  1m14.0s/2m0s

running (1m15.0s), 100/100 VUs, 2745 complete and 0 interrupted iterations
default   [  62% ] 100 VUs  1m15.0s/2m0s

running (1m16.0s), 100/100 VUs, 2786 complete and 0 interrupted iterations
default   [  63% ] 100 VUs  1m16.0s/2m0s

running (1m17.0s), 100/100 VUs, 2809 complete and 0 interrupted iterations
default   [  64% ] 100 VUs  1m17.0s/2m0s

running (1m18.0s), 100/100 VUs, 2849 complete and 0 interrupted iterations
default   [  65% ] 100 VUs  1m18.0s/2m0s

running (1m19.0s), 100/100 VUs, 2871 complete and 0 interrupted iterations
default   [  66% ] 100 VUs  1m19.0s/2m0s

running (1m20.0s), 100/100 VUs, 2915 complete and 0 interrupted iterations
default   [  67% ] 100 VUs  1m20.0s/2m0s

running (1m21.0s), 100/100 VUs, 2941 complete and 0 interrupted iterations
default   [  67% ] 100 VUs  1m21.0s/2m0s
time="2026-06-01T14:03:58+08:00" level=warning msg="Request Failed" error="Get \"https://pre-studio.miemie.co/api/video-studio/d60904b5-1492-4a32-828d-05eb0ad4f0ae\": request timeout"

running (1m22.0s), 100/100 VUs, 2986 complete and 0 interrupted iterations
default   [  68% ] 100 VUs  1m22.0s/2m0s

running (1m23.0s), 100/100 VUs, 3011 complete and 0 interrupted iterations
default   [  69% ] 100 VUs  1m23.0s/2m0s
time="2026-06-01T14:04:00+08:00" level=warning msg="Request Failed" error="Get \"https://pre-studio.miemie.co/api/projects\": request timeout"

running (1m24.0s), 100/100 VUs, 3055 complete and 0 interrupted iterations
default   [  70% ] 100 VUs  1m24.0s/2m0s

running (1m25.0s), 100/100 VUs, 3085 complete and 0 interrupted iterations
default   [  71% ] 100 VUs  1m25.0s/2m0s

running (1m26.0s), 100/100 VUs, 3125 complete and 0 interrupted iterations
default   [  72% ] 100 VUs  1m26.0s/2m0s

running (1m27.0s), 100/100 VUs, 3155 complete and 0 interrupted iterations
default   [  72% ] 100 VUs  1m27.0s/2m0s
time="2026-06-01T14:04:04+08:00" level=warning msg="Request Failed" error="Get \"https://pre-studio.miemie.co/api/video-studio?project_id=6ecbda72-e0f4-4b30-b750-75d56db478fa\": request timeout"
time="2026-06-01T14:04:04+08:00" level=warning msg="Request Failed" error="Get \"https://pre-studio.miemie.co/api/projects\": request timeout"

running (1m28.0s), 100/100 VUs, 3198 complete and 0 interrupted iterations
default   [  73% ] 100 VUs  1m28.0s/2m0s

running (1m29.0s), 100/100 VUs, 3228 complete and 0 interrupted iterations
default   [  74% ] 100 VUs  1m29.0s/2m0s

running (1m30.0s), 100/100 VUs, 3268 complete and 0 interrupted iterations
default   [  75% ] 100 VUs  1m30.0s/2m0s

running (1m31.0s), 100/100 VUs, 3300 complete and 0 interrupted iterations
default   [  76% ] 100 VUs  1m31.0s/2m0s

running (1m32.0s), 100/100 VUs, 3342 complete and 0 interrupted iterations
default   [  77% ] 100 VUs  1m32.0s/2m0s

running (1m33.0s), 100/100 VUs, 3376 complete and 0 interrupted iterations
default   [  77% ] 100 VUs  1m33.0s/2m0s

running (1m34.0s), 100/100 VUs, 3413 complete and 0 interrupted iterations
default   [  78% ] 100 VUs  1m34.0s/2m0s

running (1m35.0s), 100/100 VUs, 3446 complete and 0 interrupted iterations
default   [  79% ] 100 VUs  1m35.0s/2m0s
time="2026-06-01T14:04:12+08:00" level=warning msg="Request Failed" error="Get \"https://pre-studio.miemie.co/api/video-studio?project_id=6ecbda72-e0f4-4b30-b750-75d56db478fa\": request timeout"

running (1m36.0s), 100/100 VUs, 3478 complete and 0 interrupted iterations
default   [  80% ] 100 VUs  1m36.0s/2m0s

running (1m37.0s), 100/100 VUs, 3519 complete and 0 interrupted iterations
default   [  81% ] 100 VUs  1m37.0s/2m0s
time="2026-06-01T14:04:14+08:00" level=warning msg="Request Failed" error="Get \"https://pre-studio.miemie.co/api/video-studio?project_id=6ecbda72-e0f4-4b30-b750-75d56db478fa\": request timeout"

running (1m38.0s), 100/100 VUs, 3547 complete and 0 interrupted iterations
default   [  82% ] 100 VUs  1m38.0s/2m0s

running (1m39.0s), 100/100 VUs, 3589 complete and 0 interrupted iterations
default   [  82% ] 100 VUs  1m39.0s/2m0s

running (1m40.0s), 100/100 VUs, 3622 complete and 0 interrupted iterations
default   [  83% ] 100 VUs  1m40.0s/2m0s

running (1m41.0s), 100/100 VUs, 3662 complete and 0 interrupted iterations
default   [  84% ] 100 VUs  1m41.0s/2m0s

running (1m42.0s), 100/100 VUs, 3693 complete and 0 interrupted iterations
default   [  85% ] 100 VUs  1m42.0s/2m0s
time="2026-06-01T14:04:19+08:00" level=warning msg="Request Failed" error="Get \"https://pre-studio.miemie.co/api/video-studio?project_id=6ecbda72-e0f4-4b30-b750-75d56db478fa\": request timeout"

running (1m43.0s), 100/100 VUs, 3735 complete and 0 interrupted iterations
default   [  86% ] 100 VUs  1m43.0s/2m0s

running (1m44.0s), 100/100 VUs, 3768 complete and 0 interrupted iterations
default   [  87% ] 100 VUs  1m44.0s/2m0s

running (1m45.0s), 100/100 VUs, 3808 complete and 0 interrupted iterations
default   [  87% ] 100 VUs  1m45.0s/2m0s
time="2026-06-01T14:04:22+08:00" level=warning msg="Request Failed" error="Get \"https://pre-studio.miemie.co/api/video-studio/d60904b5-1492-4a32-828d-05eb0ad4f0ae/status\": request timeout"

running (1m46.0s), 100/100 VUs, 3841 complete and 0 interrupted iterations
default   [  88% ] 100 VUs  1m46.0s/2m0s

running (1m47.0s), 100/100 VUs, 3881 complete and 0 interrupted iterations
default   [  89% ] 100 VUs  1m47.0s/2m0s

running (1m48.0s), 100/100 VUs, 3916 complete and 0 interrupted iterations
default   [  90% ] 100 VUs  1m48.0s/2m0s
time="2026-06-01T14:04:25+08:00" level=warning msg="Request Failed" error="Get \"https://pre-studio.miemie.co/api/projects\": request timeout"

running (1m49.0s), 100/100 VUs, 3950 complete and 0 interrupted iterations
default   [  91% ] 100 VUs  1m49.0s/2m0s

running (1m50.0s), 100/100 VUs, 3984 complete and 0 interrupted iterations
default   [  92% ] 100 VUs  1m50.0s/2m0s

running (1m51.0s), 100/100 VUs, 4028 complete and 0 interrupted iterations
default   [  92% ] 100 VUs  1m51.0s/2m0s

running (1m52.0s), 100/100 VUs, 4062 complete and 0 interrupted iterations
default   [  93% ] 100 VUs  1m52.0s/2m0s

running (1m53.0s), 100/100 VUs, 4108 complete and 0 interrupted iterations
default   [  94% ] 100 VUs  1m53.0s/2m0s

running (1m54.0s), 100/100 VUs, 4142 complete and 0 interrupted iterations
default   [  95% ] 100 VUs  1m54.0s/2m0s

running (1m55.0s), 100/100 VUs, 4189 complete and 0 interrupted iterations
default   [  96% ] 100 VUs  1m55.0s/2m0s

running (1m56.0s), 100/100 VUs, 4220 complete and 0 interrupted iterations
default   [  97% ] 100 VUs  1m56.0s/2m0s

running (1m57.0s), 100/100 VUs, 4265 complete and 0 interrupted iterations
default   [  97% ] 100 VUs  1m57.0s/2m0s

running (1m58.0s), 100/100 VUs, 4297 complete and 0 interrupted iterations
default   [  98% ] 100 VUs  1m58.0s/2m0s

running (1m59.0s), 100/100 VUs, 4342 complete and 0 interrupted iterations
default   [  99% ] 100 VUs  1m59.0s/2m0s

running (2m00.0s), 100/100 VUs, 4378 complete and 0 interrupted iterations
default   [ 100% ] 100 VUs  2m00.0s/2m0s

running (2m01.0s), 061/100 VUs, 4417 complete and 0 interrupted iterations
default ↓ [ 100% ] 100 VUs  2m0s

running (2m02.0s), 021/100 VUs, 4457 complete and 0 interrupted iterations
default ↓ [ 100% ] 100 VUs  2m0s

running (2m03.0s), 017/100 VUs, 4461 complete and 0 interrupted iterations
default ↓ [ 100% ] 100 VUs  2m0s
time="2026-06-01T14:04:41+08:00" level=warning msg="Request Failed" error="Get \"https://pre-studio.miemie.co/api/video-studio/d60904b5-1492-4a32-828d-05eb0ad4f0ae\": request timeout"

running (2m04.0s), 014/100 VUs, 4464 complete and 0 interrupted iterations
default ↓ [ 100% ] 100 VUs  2m0s

running (2m05.0s), 011/100 VUs, 4467 complete and 0 interrupted iterations
default ↓ [ 100% ] 100 VUs  2m0s

running (2m06.0s), 010/100 VUs, 4468 complete and 0 interrupted iterations
default ↓ [ 100% ] 100 VUs  2m0s

running (2m07.0s), 010/100 VUs, 4468 complete and 0 interrupted iterations
default ↓ [ 100% ] 100 VUs  2m0s

running (2m08.0s), 009/100 VUs, 4469 complete and 0 interrupted iterations
default ↓ [ 100% ] 100 VUs  2m0s

running (2m09.0s), 009/100 VUs, 4469 complete and 0 interrupted iterations
default ↓ [ 100% ] 100 VUs  2m0s

running (2m10.0s), 009/100 VUs, 4469 complete and 0 interrupted iterations
default ↓ [ 100% ] 100 VUs  2m0s

running (2m11.0s), 008/100 VUs, 4470 complete and 0 interrupted iterations
default ↓ [ 100% ] 100 VUs  2m0s
time="2026-06-01T14:04:48+08:00" level=warning msg="Request Failed" error="Get \"https://pre-studio.miemie.co/api/video-studio?project_id=6ecbda72-e0f4-4b30-b750-75d56db478fa\": request timeout"

running (2m12.0s), 008/100 VUs, 4470 complete and 0 interrupted iterations
default ↓ [ 100% ] 100 VUs  2m0s

running (2m13.0s), 008/100 VUs, 4470 complete and 0 interrupted iterations
default ↓ [ 100% ] 100 VUs  2m0s

running (2m14.0s), 007/100 VUs, 4471 complete and 0 interrupted iterations
default ↓ [ 100% ] 100 VUs  2m0s

running (2m15.0s), 006/100 VUs, 4472 complete and 0 interrupted iterations
default ↓ [ 100% ] 100 VUs  2m0s

running (2m16.0s), 006/100 VUs, 4472 complete and 0 interrupted iterations
default ↓ [ 100% ] 100 VUs  2m0s

running (2m17.0s), 006/100 VUs, 4472 complete and 0 interrupted iterations
default ↓ [ 100% ] 100 VUs  2m0s

running (2m18.0s), 006/100 VUs, 4472 complete and 0 interrupted iterations
default ↓ [ 100% ] 100 VUs  2m0s

running (2m19.0s), 006/100 VUs, 4472 complete and 0 interrupted iterations
default ↓ [ 100% ] 100 VUs  2m0s

running (2m20.0s), 006/100 VUs, 4472 complete and 0 interrupted iterations
default ↓ [ 100% ] 100 VUs  2m0s

running (2m21.0s), 006/100 VUs, 4472 complete and 0 interrupted iterations
default ↓ [ 100% ] 100 VUs  2m0s

running (2m22.0s), 006/100 VUs, 4472 complete and 0 interrupted iterations
default ↓ [ 100% ] 100 VUs  2m0s

running (2m23.0s), 006/100 VUs, 4472 complete and 0 interrupted iterations
default ↓ [ 100% ] 100 VUs  2m0s

running (2m24.0s), 006/100 VUs, 4472 complete and 0 interrupted iterations
default ↓ [ 100% ] 100 VUs  2m0s

running (2m25.0s), 006/100 VUs, 4472 complete and 0 interrupted iterations
default ↓ [ 100% ] 100 VUs  2m0s
time="2026-06-01T14:05:02+08:00" level=warning msg="Request Failed" error="Get \"https://pre-studio.miemie.co/api/video-studio/d60904b5-1492-4a32-828d-05eb0ad4f0ae\": request timeout"

running (2m26.0s), 006/100 VUs, 4472 complete and 0 interrupted iterations
default ↓ [ 100% ] 100 VUs  2m0s

running (2m27.0s), 006/100 VUs, 4472 complete and 0 interrupted iterations
default ↓ [ 100% ] 100 VUs  2m0s

running (2m28.0s), 005/100 VUs, 4473 complete and 0 interrupted iterations
default ↓ [ 100% ] 100 VUs  2m0s

running (2m29.0s), 004/100 VUs, 4474 complete and 0 interrupted iterations
default ↓ [ 100% ] 100 VUs  2m0s

running (2m30.0s), 004/100 VUs, 4474 complete and 0 interrupted iterations
default ↓ [ 100% ] 100 VUs  2m0s


  █ THRESHOLDS

    http_req_duration
    ✓ 'p(95)<300' p(95)=195.03ms

    http_req_failed
    ✓ 'rate<0.01' rate=0.08%


  █ TOTAL RESULTS

    checks_total.......: 53706  358.039132/s
    checks_succeeded...: 99.91% 53661 out of 53706
    checks_failed......: 0.08%  45 out of 53706

    ✗ query status acceptable
      ↳  99% — ✓ 17887 / ✗ 15
    ✗ query has request id
      ↳  99% — ✓ 17887 / ✗ 15
    ✗ query has deployment version
      ↳  99% — ✓ 17887 / ✗ 15

    HTTP
    http_req_duration..............: avg=176.75ms min=10.9ms med=16.46ms max=1m0s   p(90)=60.05ms p(95)=195.03ms p(99)=2.17s
      { expected_response:true }...: avg=129.93ms min=10.9ms med=16.46ms max=54.37s p(90)=58.32ms p(95)=192.47ms p(99)=2.03s
    http_req_failed................: 0.08%  15 out of 17902
    http_reqs......................: 17902  119.346377/s

    EXECUTION
    iteration_duration.............: avg=2.71s    min=2.05s  med=2.07s   max=1m4s   p(90)=2.78s   p(95)=3.54s    p(99)=15.53s
    iterations.....................: 4474   29.826594/s
    vus............................: 4      min=4           max=100
    vus_max........................: 100    min=100         max=100

    NETWORK
    data_received..................: 48 MB  321 kB/s
    data_sent......................: 1.4 MB 9.1 kB/s




running (2m30.0s), 000/100 VUs, 4474 complete and 4 interrupted iterations
default ✓ [ 100% ] 100 VUs  2m0s
